Component: ARM Compiler 5.06 update 6 (build 750) Tool: armlink [4d35ed]

==============================================================================

Section Cross References

    stm32f1xx_hal_tim.o(i.HAL_TIM_Base_DeInit) refers to tim.o(i.HAL_TIM_Base_MspDeInit) for HAL_TIM_Base_MspDeInit
    stm32f1xx_hal_tim.o(i.HAL_TIM_Base_Init) refers to tim.o(i.HAL_TIM_Base_MspInit) for HAL_TIM_Base_MspInit
    stm32f1xx_hal_tim.o(i.HAL_TIM_Base_Init) refers to stm32f1xx_hal_tim.o(i.TIM_Base_SetConfig) for TIM_Base_SetConfig
    stm32f1xx_hal_tim.o(i.HAL_TIM_Base_Start_DMA) refers to stm32f1xx_hal_dma.o(i.HAL_DMA_Start_IT) for HAL_DMA_Start_IT
    stm32f1xx_hal_tim.o(i.HAL_TIM_Base_Start_DMA) refers to stm32f1xx_hal_tim.o(i.TIM_DMAPeriodElapsedCplt) for TIM_DMAPeriodElapsedCplt
    stm32f1xx_hal_tim.o(i.HAL_TIM_Base_Start_DMA) refers to stm32f1xx_hal_tim.o(i.TIM_DMAError) for TIM_DMAError
    stm32f1xx_hal_tim.o(i.HAL_TIM_ConfigClockSource) refers to stm32f1xx_hal_tim.o(i.TIM_ETR_SetConfig) for TIM_ETR_SetConfig
    stm32f1xx_hal_tim.o(i.HAL_TIM_ConfigClockSource) refers to stm32f1xx_hal_tim.o(i.TIM_TI1_ConfigInputStage) for TIM_TI1_ConfigInputStage
    stm32f1xx_hal_tim.o(i.HAL_TIM_ConfigClockSource) refers to stm32f1xx_hal_tim.o(i.TIM_TI2_ConfigInputStage) for TIM_TI2_ConfigInputStage
    stm32f1xx_hal_tim.o(i.HAL_TIM_ConfigClockSource) refers to stm32f1xx_hal_tim.o(i.TIM_ITRx_SetConfig) for TIM_ITRx_SetConfig
    stm32f1xx_hal_tim.o(i.HAL_TIM_ConfigOCrefClear) refers to stm32f1xx_hal_tim.o(i.TIM_ETR_SetConfig) for TIM_ETR_SetConfig
    stm32f1xx_hal_tim.o(i.HAL_TIM_DMABurst_ReadStart) refers to stm32f1xx_hal_dma.o(i.HAL_DMA_Start_IT) for HAL_DMA_Start_IT
    stm32f1xx_hal_tim.o(i.HAL_TIM_DMABurst_ReadStart) refers to stm32f1xx_hal_tim.o(i.TIM_DMAError) for TIM_DMAError
    stm32f1xx_hal_tim.o(i.HAL_TIM_DMABurst_ReadStart) refers to stm32f1xx_hal_tim.o(i.TIM_DMACaptureCplt) for TIM_DMACaptureCplt
    stm32f1xx_hal_tim.o(i.HAL_TIM_DMABurst_ReadStart) refers to stm32f1xx_hal_tim.o(i.TIM_DMAPeriodElapsedCplt) for TIM_DMAPeriodElapsedCplt
    stm32f1xx_hal_tim.o(i.HAL_TIM_DMABurst_ReadStart) refers to stm32f1xx_hal_tim_ex.o(i.TIMEx_DMACommutationCplt) for TIMEx_DMACommutationCplt
    stm32f1xx_hal_tim.o(i.HAL_TIM_DMABurst_ReadStart) refers to stm32f1xx_hal_tim.o(i.TIM_DMATriggerCplt) for TIM_DMATriggerCplt
    stm32f1xx_hal_tim.o(i.HAL_TIM_DMABurst_ReadStop) refers to stm32f1xx_hal_dma.o(i.HAL_DMA_Abort) for HAL_DMA_Abort
    stm32f1xx_hal_tim.o(i.HAL_TIM_DMABurst_WriteStart) refers to stm32f1xx_hal_dma.o(i.HAL_DMA_Start_IT) for HAL_DMA_Start_IT
    stm32f1xx_hal_tim.o(i.HAL_TIM_DMABurst_WriteStart) refers to stm32f1xx_hal_tim.o(i.TIM_DMAError) for TIM_DMAError
    stm32f1xx_hal_tim.o(i.HAL_TIM_DMABurst_WriteStart) refers to stm32f1xx_hal_tim.o(i.TIM_DMADelayPulseCplt) for TIM_DMADelayPulseCplt
    stm32f1xx_hal_tim.o(i.HAL_TIM_DMABurst_WriteStart) refers to stm32f1xx_hal_tim.o(i.TIM_DMAPeriodElapsedCplt) for TIM_DMAPeriodElapsedCplt
    stm32f1xx_hal_tim.o(i.HAL_TIM_DMABurst_WriteStart) refers to stm32f1xx_hal_tim_ex.o(i.TIMEx_DMACommutationCplt) for TIMEx_DMACommutationCplt
    stm32f1xx_hal_tim.o(i.HAL_TIM_DMABurst_WriteStart) refers to stm32f1xx_hal_tim.o(i.TIM_DMATriggerCplt) for TIM_DMATriggerCplt
    stm32f1xx_hal_tim.o(i.HAL_TIM_DMABurst_WriteStop) refers to stm32f1xx_hal_dma.o(i.HAL_DMA_Abort) for HAL_DMA_Abort
    stm32f1xx_hal_tim.o(i.HAL_TIM_Encoder_DeInit) refers to stm32f1xx_hal_tim.o(i.HAL_TIM_Encoder_MspDeInit) for HAL_TIM_Encoder_MspDeInit
    stm32f1xx_hal_tim.o(i.HAL_TIM_Encoder_Init) refers to stm32f1xx_hal_tim.o(i.HAL_TIM_Encoder_MspInit) for HAL_TIM_Encoder_MspInit
    stm32f1xx_hal_tim.o(i.HAL_TIM_Encoder_Init) refers to stm32f1xx_hal_tim.o(i.TIM_Base_SetConfig) for TIM_Base_SetConfig
    stm32f1xx_hal_tim.o(i.HAL_TIM_Encoder_Start) refers to stm32f1xx_hal_tim.o(i.TIM_CCxChannelCmd) for TIM_CCxChannelCmd
    stm32f1xx_hal_tim.o(i.HAL_TIM_Encoder_Start_DMA) refers to stm32f1xx_hal_dma.o(i.HAL_DMA_Start_IT) for HAL_DMA_Start_IT
    stm32f1xx_hal_tim.o(i.HAL_TIM_Encoder_Start_DMA) refers to stm32f1xx_hal_tim.o(i.TIM_CCxChannelCmd) for TIM_CCxChannelCmd
    stm32f1xx_hal_tim.o(i.HAL_TIM_Encoder_Start_DMA) refers to stm32f1xx_hal_tim.o(i.TIM_DMACaptureCplt) for TIM_DMACaptureCplt
    stm32f1xx_hal_tim.o(i.HAL_TIM_Encoder_Start_DMA) refers to stm32f1xx_hal_tim.o(i.TIM_DMAError) for TIM_DMAError
    stm32f1xx_hal_tim.o(i.HAL_TIM_Encoder_Start_IT) refers to stm32f1xx_hal_tim.o(i.TIM_CCxChannelCmd) for TIM_CCxChannelCmd
    stm32f1xx_hal_tim.o(i.HAL_TIM_Encoder_Stop) refers to stm32f1xx_hal_tim.o(i.TIM_CCxChannelCmd) for TIM_CCxChannelCmd
    stm32f1xx_hal_tim.o(i.HAL_TIM_Encoder_Stop_DMA) refers to stm32f1xx_hal_tim.o(i.TIM_CCxChannelCmd) for TIM_CCxChannelCmd
    stm32f1xx_hal_tim.o(i.HAL_TIM_Encoder_Stop_IT) refers to stm32f1xx_hal_tim.o(i.TIM_CCxChannelCmd) for TIM_CCxChannelCmd
[...]
    Removing stm32f1xx_hal_tim_ex.o(i.HAL_TIMEx_HallSensor_Start_DMA), (104 bytes).
    Removing stm32f1xx_hal_tim_ex.o(i.HAL_TIMEx_HallSensor_Start_IT), (38 bytes).
    Removing stm32f1xx_hal_tim_ex.o(i.HAL_TIMEx_HallSensor_Stop), (46 bytes).
    Removing stm32f1xx_hal_tim_ex.o(i.HAL_TIMEx_HallSensor_Stop_DMA), (56 bytes).
    Removing stm32f1xx_hal_tim_ex.o(i.HAL_TIMEx_HallSensor_Stop_IT), (56 bytes).
    Removing stm32f1xx_hal_tim_ex.o(i.HAL_TIMEx_OCN_Start), (36 bytes).
    Removing stm32f1xx_hal_tim_ex.o(i.HAL_TIMEx_OCN_Start_DMA), (220 bytes).
    Removing stm32f1xx_hal_tim_ex.o(i.HAL_TIMEx_OCN_Start_IT), (96 bytes).
    Removing stm32f1xx_hal_tim_ex.o(i.HAL_TIMEx_OCN_Stop), (68 bytes).
    Removing stm32f1xx_hal_tim_ex.o(i.HAL_TIMEx_OCN_Stop_DMA), (124 bytes).
    Removing stm32f1xx_hal_tim_ex.o(i.HAL_TIMEx_OCN_Stop_IT), (134 bytes).
    Removing stm32f1xx_hal_tim_ex.o(i.HAL_TIMEx_OnePulseN_Start), (26 bytes).
    Removing stm32f1xx_hal_tim_ex.o(i.HAL_TIMEx_OnePulseN_Start_IT), (46 bytes).
    Removing stm32f1xx_hal_tim_ex.o(i.HAL_TIMEx_OnePulseN_Stop), (68 bytes).
    Removing stm32f1xx_hal_tim_ex.o(i.HAL_TIMEx_OnePulseN_Stop_IT), (88 bytes).
    Removing stm32f1xx_hal_tim_ex.o(i.HAL_TIMEx_PWMN_Start), (36 bytes).
    Removing stm32f1xx_hal_tim_ex.o(i.HAL_TIMEx_PWMN_Start_DMA), (220 bytes).
    Removing stm32f1xx_hal_tim_ex.o(i.HAL_TIMEx_PWMN_Start_IT), (96 bytes).
    Removing stm32f1xx_hal_tim_ex.o(i.HAL_TIMEx_PWMN_Stop), (68 bytes).
    Removing stm32f1xx_hal_tim_ex.o(i.HAL_TIMEx_PWMN_Stop_DMA), (124 bytes).
    Removing stm32f1xx_hal_tim_ex.o(i.HAL_TIMEx_PWMN_Stop_IT), (134 bytes).
    Removing stm32f1xx_hal_tim_ex.o(i.TIMEx_DMACommutationCplt), (16 bytes).
    Removing stm32f1xx_hal_tim_ex.o(i.TIM_CCxNChannelCmd), (22 bytes).
    Removing stm32f1xx_hal_rcc.o(.rev16_text), (4 bytes).
    Removing stm32f1xx_hal_rcc.o(.revsh_text), (4 bytes).
    Removing stm32f1xx_hal_rcc.o(.rrx_text), (6 bytes).
    Removing stm32f1xx_hal_rcc.o(i.HAL_RCC_CSSCallback), (2 bytes).
    Removing stm32f1xx_hal_rcc.o(i.HAL_RCC_DeInit), (68 bytes).
    Removing stm32f1xx_hal_rcc.o(i.HAL_RCC_DisableCSS), (28 bytes).
    Removing stm32f1xx_hal_rcc.o(i.HAL_RCC_EnableCSS), (24 bytes).
    Removing stm32f1xx_hal_rcc.o(i.HAL_RCC_GetClockConfig), (64 bytes).
    Removing stm32f1xx_hal_rcc.o(i.HAL_RCC_GetOscConfig), (156 bytes).
    Removing stm32f1xx_hal_rcc.o(i.HAL_RCC_MCOConfig), (72 bytes).
    Removing stm32f1xx_hal_rcc.o(i.HAL_RCC_NMI_IRQHandler), (24 bytes).
    Removing stm32f1xx_hal_cortex.o(.rev16_text), (4 bytes).
    Removing stm32f1xx_hal_cortex.o(.revsh_text), (4 bytes).
    Removing stm32f1xx_hal_cortex.o(.rrx_text), (6 bytes).
    Removing stm32f1xx_hal_cortex.o(i.HAL_NVIC_ClearPendingIRQ), (22 bytes).
    Removing stm32f1xx_hal_cortex.o(i.HAL_NVIC_DisableIRQ), (22 bytes).
    Removing stm32f1xx_hal_cortex.o(i.HAL_NVIC_GetActive), (32 bytes).
    Removing stm32f1xx_hal_cortex.o(i.HAL_NVIC_GetPendingIRQ), (32 bytes).
    Removing stm32f1xx_hal_cortex.o(i.HAL_NVIC_GetPriority), (82 bytes).
    Removing stm32f1xx_hal_cortex.o(i.HAL_NVIC_GetPriorityGrouping), (16 bytes).
    Removing stm32f1xx_hal_cortex.o(i.HAL_NVIC_SetPendingIRQ), (22 bytes).
    Removing stm32f1xx_hal_cortex.o(i.HAL_NVIC_SystemReset), (36 bytes).
    Removing stm32f1xx_hal_rcc_ex.o(.rev16_text), (4 bytes).
    Removing stm32f1xx_hal_rcc_ex.o(.revsh_text), (4 bytes).
    Removing stm32f1xx_hal_rcc_ex.o(.rrx_text), (6 bytes).
    Removing stm32f1xx_hal_rcc_ex.o(i.HAL_RCCEx_GetPeriphCLKConfig), (52 bytes).
    Removing stm32f1xx_hal_rcc_ex.o(i.HAL_RCCEx_GetPeriphCLKFreq), (256 bytes).
    Removing stm32f1xx_hal_rcc_ex.o(i.HAL_RCCEx_PeriphCLKConfig), (296 bytes).
    Removing stm32f1xx_hal_flash_ex.o(.rev16_text), (4 bytes).
    Removing stm32f1xx_hal_flash_ex.o(.revsh_text), (4 bytes).
    Removing stm32f1xx_hal_flash_ex.o(.rrx_text), (6 bytes).
    Removing stm32f1xx_hal_flash_ex.o(i.FLASH_MassErase), (36 bytes).
    Removing stm32f1xx_hal_flash_ex.o(i.FLASH_OB_DisableWRP), (176 bytes).
    Removing stm32f1xx_hal_flash_ex.o(i.FLASH_OB_EnableWRP), (176 bytes).
    Removing stm32f1xx_hal_flash_ex.o(i.FLASH_OB_GetRDP), (24 bytes).
    Removing stm32f1xx_hal_flash_ex.o(i.FLASH_OB_RDP_LevelConfig), (100 bytes).
    Removing stm32f1xx_hal_flash_ex.o(i.FLASH_PageErase), (36 bytes).
    Removing stm32f1xx_hal_flash_ex.o(i.HAL_FLASHEx_Erase), (168 bytes).
    Removing stm32f1xx_hal_flash_ex.o(i.HAL_FLASHEx_Erase_IT), (84 bytes).
    Removing stm32f1xx_hal_flash_ex.o(i.HAL_FLASHEx_OBErase), (84 bytes).
    Removing stm32f1xx_hal_flash_ex.o(i.HAL_FLASHEx_OBGetConfig), (48 bytes).
    Removing stm32f1xx_hal_flash_ex.o(i.HAL_FLASHEx_OBGetUserData), (48 bytes).
    Removing stm32f1xx_hal_flash_ex.o(i.HAL_FLASHEx_OBProgram), (200 bytes).
    Removing stm32f1xx_hal.o(.rev16_text), (4 bytes).
    Removing stm32f1xx_hal.o(.revsh_text), (4 bytes).
    Removing stm32f1xx_hal.o(.rrx_text), (6 bytes).
    Removing stm32f1xx_hal.o(i.HAL_DBGMCU_DisableDBGSleepMode), (16 bytes).
    Removing stm32f1xx_hal.o(i.HAL_DBGMCU_DisableDBGStandbyMode), (16 bytes).
    Removing stm32f1xx_hal.o(i.HAL_DBGMCU_DisableDBGStopMode), (16 bytes).
    Removing stm32f1xx_hal.o(i.HAL_DBGMCU_EnableDBGSleepMode), (16 bytes).
    Removing stm32f1xx_hal.o(i.HAL_DBGMCU_EnableDBGStandbyMode), (16 bytes).
    Removing stm32f1xx_hal.o(i.HAL_DBGMCU_EnableDBGStopMode), (16 bytes).
    Removing stm32f1xx_hal.o(i.HAL_DeInit), (32 bytes).
    Removing stm32f1xx_hal.o(i.HAL_GetDEVID), (16 bytes).
    Removing stm32f1xx_hal.o(i.HAL_GetHalVersion), (8 bytes).
    Removing stm32f1xx_hal.o(i.HAL_GetREVID), (28 bytes).
    Removing stm32f1xx_hal.o(i.HAL_MspDeInit), (2 bytes).
    Removing stm32f1xx_hal.o(i.HAL_MspInit), (2 bytes).
    Removing stm32f1xx_hal.o(i.HAL_ResumeTick), (14 bytes).
    Removing stm32f1xx_hal.o(i.HAL_SuspendTick), (14 bytes).
    Removing stm32f1xx_hal_can.o(.rev16_text), (4 bytes).
    Removing stm32f1xx_hal_can.o(.revsh_text), (4 bytes).
    Removing stm32f1xx_hal_can.o(.rrx_text), (6 bytes).
    Removing stm32f1xx_hal_can.o(i.CAN_Receive_IT), (264 bytes).
    Removing stm32f1xx_hal_can.o(i.HAL_CAN_ConfigFilter), (242 bytes).
    Removing stm32f1xx_hal_can.o(i.HAL_CAN_DeInit), (34 bytes).
    Removing stm32f1xx_hal_can.o(i.HAL_CAN_ErrorCallback), (2 bytes).
    Removing stm32f1xx_hal_can.o(i.HAL_CAN_GetError), (4 bytes).
    Removing stm32f1xx_hal_can.o(i.HAL_CAN_GetState), (6 bytes).
    Removing stm32f1xx_hal_can.o(i.HAL_CAN_IRQHandler), (392 bytes).
    Removing stm32f1xx_hal_can.o(i.HAL_CAN_MspDeInit), (2 bytes).
    Removing stm32f1xx_hal_can.o(i.HAL_CAN_MspInit), (2 bytes).
    Removing stm32f1xx_hal_can.o(i.HAL_CAN_Receive), (336 bytes).
    Removing stm32f1xx_hal_can.o(i.HAL_CAN_Receive_IT), (100 bytes).
    Removing stm32f1xx_hal_can.o(i.HAL_CAN_RxCpltCallback), (2 bytes).
    Removing stm32f1xx_hal_can.o(i.HAL_CAN_Sleep), (126 bytes).
    Removing stm32f1xx_hal_can.o(i.HAL_CAN_Transmit), (400 bytes).
    Removing stm32f1xx_hal_can.o(i.HAL_CAN_Transmit_IT), (270 bytes).
    Removing stm32f1xx_hal_can.o(i.HAL_CAN_TxCpltCallback), (2 bytes).
    Removing stm32f1xx_hal_can.o(i.HAL_CAN_WakeUp), (110 bytes).
    Removing stm32f1xx_hal_pwr.o(.rev16_text), (4 bytes).
    Removing stm32f1xx_hal_pwr.o(.revsh_text), (4 bytes).
    Removing stm32f1xx_hal_pwr.o(.rrx_text), (6 bytes).
    Removing stm32f1xx_hal_pwr.o(i.HAL_PWR_ConfigPVD), (124 bytes).
    Removing stm32f1xx_hal_pwr.o(i.HAL_PWR_DeInit), (24 bytes).
    Removing stm32f1xx_hal_pwr.o(i.HAL_PWR_DisableBkUpAccess), (28 bytes).
    Removing stm32f1xx_hal_pwr.o(i.HAL_PWR_DisablePVD), (24 bytes).
    Removing stm32f1xx_hal_pwr.o(i.HAL_PWR_DisableSEVOnPend), (16 bytes).
    Removing stm32f1xx_hal_pwr.o(i.HAL_PWR_DisableSleepOnExit), (16 bytes).
    Removing stm32f1xx_hal_pwr.o(i.HAL_PWR_DisableWakeUpPin), (28 bytes).
    Removing stm32f1xx_hal_pwr.o(i.HAL_PWR_EnableBkUpAccess), (24 bytes).
    Removing stm32f1xx_hal_pwr.o(i.HAL_PWR_EnablePVD), (24 bytes).
    Removing stm32f1xx_hal_pwr.o(i.HAL_PWR_EnableSEVOnPend), (16 bytes).
    Removing stm32f1xx_hal_pwr.o(i.HAL_PWR_EnableSleepOnExit), (16 bytes).
    Removing stm32f1xx_hal_pwr.o(i.HAL_PWR_EnableWakeUpPin), (28 bytes).
    Removing stm32f1xx_hal_pwr.o(i.HAL_PWR_EnterSLEEPMode), (32 bytes).
    Removing stm32f1xx_hal_pwr.o(i.HAL_PWR_EnterSTANDBYMode), (32 bytes).
    Removing stm32f1xx_hal_pwr.o(i.HAL_PWR_EnterSTOPMode), (68 bytes).
    Removing stm32f1xx_hal_pwr.o(i.HAL_PWR_PVDCallback), (2 bytes).
    Removing stm32f1xx_hal_pwr.o(i.HAL_PWR_PVD_IRQHandler), (28 bytes).
    Removing stm32f1xx_hal_pwr.o(i.PWR_OverloadWfe), (6 bytes).
    Removing stm32f1xx_hal_flash.o(.rev16_text), (4 bytes).
    Removing stm32f1xx_hal_flash.o(.revsh_text), (4 bytes).
    Removing stm32f1xx_hal_flash.o(.rrx_text), (6 bytes).
    Removing stm32f1xx_hal_flash.o(i.FLASH_Program_HalfWord), (28 bytes).
    Removing stm32f1xx_hal_flash.o(i.FLASH_SetErrorCode), (68 bytes).
    Removing stm32f1xx_hal_flash.o(i.FLASH_WaitForLastOperation), (84 bytes).
    Removing stm32f1xx_hal_flash.o(i.HAL_FLASH_EndOfOperationCallback), (2 bytes).
    Removing stm32f1xx_hal_flash.o(i.HAL_FLASH_GetError), (12 bytes).
    Removing stm32f1xx_hal_flash.o(i.HAL_FLASH_IRQHandler), (264 bytes).
    Removing stm32f1xx_hal_flash.o(i.HAL_FLASH_Lock), (20 bytes).
    Removing stm32f1xx_hal_flash.o(i.HAL_FLASH_OB_Launch), (10 bytes).
    Removing stm32f1xx_hal_flash.o(i.HAL_FLASH_OB_Lock), (20 bytes).
    Removing stm32f1xx_hal_flash.o(i.HAL_FLASH_OB_Unlock), (36 bytes).
    Removing stm32f1xx_hal_flash.o(i.HAL_FLASH_OperationErrorCallback), (2 bytes).
    Removing stm32f1xx_hal_flash.o(i.HAL_FLASH_Program), (128 bytes).
    Removing stm32f1xx_hal_flash.o(i.HAL_FLASH_Program_IT), (100 bytes).
    Removing stm32f1xx_hal_flash.o(i.HAL_FLASH_Unlock), (36 bytes).
    Removing stm32f1xx_hal_flash.o(.bss), (32 bytes).
    Removing stm32f1xx_hal_dma.o(.rev16_text), (4 bytes).
    Removing stm32f1xx_hal_dma.o(.revsh_text), (4 bytes).
    Removing stm32f1xx_hal_dma.o(.rrx_text), (6 bytes).
    Removing stm32f1xx_hal_dma.o(i.HAL_DMA_Abort), (86 bytes).
    Removing stm32f1xx_hal_dma.o(i.HAL_DMA_DeInit), (680 bytes).
    Removing stm32f1xx_hal_dma.o(i.HAL_DMA_GetError), (4 bytes).
    Removing stm32f1xx_hal_dma.o(i.HAL_DMA_GetState), (6 bytes).
    Removing stm32f1xx_hal_dma.o(i.HAL_DMA_PollForTransfer), (1148 bytes).
    Removing stm32f1xx_hal_dma.o(i.HAL_DMA_Start), (58 bytes).
    Removing stm32f1xx_hal_uart.o(.rev16_text), (4 bytes).
    Removing stm32f1xx_hal_uart.o(.revsh_text), (4 bytes).
    Removing stm32f1xx_hal_uart.o(.rrx_text), (6 bytes).
    Removing stm32f1xx_hal_uart.o(i.HAL_HalfDuplex_EnableReceiver), (46 bytes).
    Removing stm32f1xx_hal_uart.o(i.HAL_HalfDuplex_EnableTransmitter), (48 bytes).
    Removing stm32f1xx_hal_uart.o(i.HAL_HalfDuplex_Init), (104 bytes).
    Removing stm32f1xx_hal_uart.o(i.HAL_LIN_Init), (118 bytes).
    Removing stm32f1xx_hal_uart.o(i.HAL_LIN_SendBreak), (44 bytes).
    Removing stm32f1xx_hal_uart.o(i.HAL_MultiProcessor_EnterMuteMode), (44 bytes).
    Removing stm32f1xx_hal_uart.o(i.HAL_MultiProcessor_ExitMuteMode), (44 bytes).
    Removing stm32f1xx_hal_uart.o(i.HAL_MultiProcessor_Init), (126 bytes).
    Removing stm32f1xx_hal_uart.o(i.HAL_UART_DMAPause), (90 bytes).
    Removing stm32f1xx_hal_uart.o(i.HAL_UART_DMAResume), (104 bytes).
    Removing stm32f1xx_hal_uart.o(i.HAL_UART_DMAStop), (40 bytes).
    Removing stm32f1xx_hal_uart.o(i.HAL_UART_DeInit), (60 bytes).
    Removing stm32f1xx_hal_uart.o(i.HAL_UART_GetError), (4 bytes).
    Removing stm32f1xx_hal_uart.o(i.HAL_UART_GetState), (6 bytes).
    Removing stm32f1xx_hal_uart.o(i.HAL_UART_MspDeInit), (2 bytes).
    Removing stm32f1xx_hal_uart.o(i.HAL_UART_MspInit), (2 bytes).
    Removing stm32f1xx_hal_uart.o(i.HAL_UART_Receive), (204 bytes).
    Removing stm32f1xx_hal_uart.o(i.HAL_UART_Receive_DMA), (136 bytes).
    Removing stm32f1xx_hal_uart.o(i.HAL_UART_Receive_IT), (106 bytes).
    Removing stm32f1xx_hal_uart.o(i.HAL_UART_RxHalfCpltCallback), (2 bytes).
    Removing stm32f1xx_hal_uart.o(i.HAL_UART_Transmit), (204 bytes).
    Removing stm32f1xx_hal_uart.o(i.HAL_UART_Transmit_IT), (86 bytes).
    Removing stm32f1xx_hal_uart.o(i.UART_DMAReceiveCplt), (54 bytes).
    Removing stm32f1xx_hal_uart.o(i.UART_DMARxHalfCplt), (10 bytes).
    Removing stm32f1xx_hal_uart.o(i.UART_WaitOnFlagUntilTimeout), (146 bytes).
    Removing system_stm32f1xx.o(.rev16_text), (4 bytes).
    Removing system_stm32f1xx.o(.revsh_text), (4 bytes).
    Removing system_stm32f1xx.o(.rrx_text), (6 bytes).
    Removing system_stm32f1xx.o(i.SystemCoreClockUpdate), (104 bytes).
    Removing system_stm32f1xx.o(.constdata), (16 bytes).
    Removing stm32f1xx_it.o(.rev16_text), (4 bytes).
    Removing stm32f1xx_it.o(.revsh_text), (4 bytes).
    Removing stm32f1xx_it.o(.rrx_text), (6 bytes).
    Removing gpio.o(.rev16_text), (4 bytes).
    Removing gpio.o(.revsh_text), (4 bytes).
    Removing gpio.o(.rrx_text), (6 bytes).
    Removing main.o(.rev16_text), (4 bytes).
    Removing main.o(.revsh_text), (4 bytes).
    Removing main.o(.rrx_text), (6 bytes).
    Removing main.o(.data), (2 bytes).
    Removing tim.o(.rev16_text), (4 bytes).
    Removing tim.o(.revsh_text), (4 bytes).
    Removing tim.o(.rrx_text), (6 bytes).
    Removing tim.o(i.HAL_TIM_Base_MspDeInit), (36 bytes).
    Removing tim.o(i.HAL_TIM_IC_MspDeInit), (84 bytes).
    Removing usart.o(.rev16_text), (4 bytes).
    Removing usart.o(.revsh_text), (4 bytes).
    Removing usart.o(.rrx_text), (6 bytes).
    Removing usart.o(i.HAL_UART_MspDeInit), (116 bytes).
    Removing usart.o(i._sys_exit), (2 bytes).
    Removing stm32f1xx_hal_msp.o(.rev16_text), (4 bytes).
    Removing stm32f1xx_hal_msp.o(.revsh_text), (4 bytes).
    Removing stm32f1xx_hal_msp.o(.rrx_text), (6 bytes).
    Removing can.o(.rev16_text), (4 bytes).
    Removing can.o(.revsh_text), (4 bytes).
    Removing can.o(.rrx_text), (6 bytes).
    Removing can.o(i.HAL_CAN_MspDeInit), (44 bytes).
    Removing dma.o(.rev16_text), (4 bytes).
    Removing dma.o(.revsh_text), (4 bytes).
    Removing dma.o(.rrx_text), (6 bytes).
    Removing startup_stm32f103xe.o(HEAP), (512 bytes).
    Removing user.o(.rev16_text), (4 bytes).
    Removing user.o(.revsh_text), (4 bytes).
    Removing user.o(.rrx_text), (6 bytes).
    Removing rfid_rc522.o(.rev16_text), (4 bytes).
    Removing rfid_rc522.o(.revsh_text), (4 bytes).
    Removing rfid_rc522.o(.rrx_text), (6 bytes).
    Removing rfid_rc522.o(i.CalulateCRC), (102 bytes).
    Removing rfid_rc522.o(i.IC_CMT), (70 bytes).
    Removing rfid_rc522.o(i.IC_test), (140 bytes).
    Removing rfid_rc522.o(i.PcdAntennaOff), (8 bytes).
    Removing rfid_rc522.o(i.PcdAuthState), (84 bytes).
    Removing rfid_rc522.o(i.PcdHalt), (50 bytes).
    Removing rfid_rc522.o(i.PcdRead), (76 bytes).
    Removing rfid_rc522.o(i.PcdSelect), (100 bytes).
    Removing rfid_rc522.o(i.PcdWrite), (132 bytes).
    Removing ultrasonic.o(.rev16_text), (4 bytes).
    Removing ultrasonic.o(.revsh_text), (4 bytes).
    Removing ultrasonic.o(.rrx_text), (6 bytes).
    Removing dadd.o(.text), (334 bytes).
    Removing dmul.o(.text), (228 bytes).
    Removing ddiv.o(.text), (222 bytes).
    Removing dfixul.o(.text), (48 bytes).
    Removing cdrcmple.o(.text), (48 bytes).
    Removing depilogue.o(.text), (186 bytes).

352 unused section(s) (total 22822 bytes) removed from the image.

==============================================================================

Image Symbol Table

    Local Symbols

    Symbol Name                              Value     Ov Type        Size  Object(Section)

    ../Drivers/CMSIS/Device/ST/STM32F1xx/Source/Templates/system_stm32f1xx.c 0x00000000   Number         0  system_stm32f1xx.o ABSOLUTE
    ../Drivers/STM32F1xx_HAL_Driver/Src/stm32f1xx_hal.c 0x00000000   Number         0  stm32f1xx_hal.o ABSOLUTE
    ../Drivers/STM32F1xx_HAL_Driver/Src/stm32f1xx_hal_can.c 0x00000000   Number         0  stm32f1xx_hal_can.o ABSOLUTE
    ../Drivers/STM32F1xx_HAL_Driver/Src/stm32f1xx_hal_cortex.c 0x00000000   Number         0  stm32f1xx_hal_cortex.o ABSOLUTE
    ../Drivers/STM32F1xx_HAL_Driver/Src/stm32f1xx_hal_dma.c 0x00000000   Number         0  stm32f1xx_hal_dma.o ABSOLUTE
    ../Drivers/STM32F1xx_HAL_Driver/Src/stm32f1xx_hal_flash.c 0x00000000   Number         0  stm32f1xx_hal_flash.o ABSOLUTE
    ../Drivers/STM32F1xx_HAL_Driver/Src/stm32f1xx_hal_flash_ex.c 0x00000000   Number         0  stm32f1xx_hal_flash_ex.o ABSOLUTE
    ../Drivers/STM32F1xx_HAL_Driver/Src/stm32f1xx_hal_gpio.c 0x00000000   Number         0  stm32f1xx_hal_gpio.o ABSOLUTE
    ../Drivers/STM32F1xx_HAL_Driver/Src/stm32f1xx_hal_pwr.c 0x00000000   Number         0  stm32f1xx_hal_pwr.o ABSOLUTE
    ../Drivers/STM32F1xx_HAL_Driver/Src/stm32f1xx_hal_rcc.c 0x00000000   Number         0  stm32f1xx_hal_rcc.o ABSOLUTE
    ../Drivers/STM32F1xx_HAL_Driver/Src/stm32f1xx_hal_rcc_ex.c 0x00000000   Number         0  stm32f1xx_hal_rcc_ex.o ABSOLUTE
    ../Drivers/STM32F1xx_HAL_Driver/Src/stm32f1xx_hal_tim.c 0x00000000   Number         0  stm32f1xx_hal_tim.o ABSOLUTE
    ../Drivers/STM32F1xx_HAL_Driver/Src/stm32f1xx_hal_tim_ex.c 0x00000000   Number         0  stm32f1xx_hal_tim_ex.o ABSOLUTE
    ../Drivers/STM32F1xx_HAL_Driver/Src/stm32f1xx_hal_uart.c 0x00000000   Number         0  stm32f1xx_hal_uart.o ABSOLUTE
    ../Src/can.c                             0x00000000   Number         0  can.o ABSOLUTE
    ../Src/dma.c                             0x00000000   Number         0  dma.o ABSOLUTE
    ../Src/gpio.c                            0x00000000   Number         0  gpio.o ABSOLUTE
    ../Src/main.c                            0x00000000   Number         0  main.o ABSOLUTE
    ../Src/stm32f1xx_hal_msp.c               0x00000000   Number         0  stm32f1xx_hal_msp.o ABSOLUTE
    ../Src/stm32f1xx_it.c                    0x00000000   Number         0  stm32f1xx_it.o ABSOLUTE
    ../Src/tim.c                             0x00000000   Number         0  tim.o ABSOLUTE
    ../Src/usart.c                           0x00000000   Number         0  usart.o ABSOLUTE
    ../clib/microlib/division.c              0x00000000   Number         0  uidiv.o ABSOLUTE
    ../clib/microlib/division.c              0x00000000   Number         0  uldiv.o ABSOLUTE
    ../clib/microlib/init/entry.s            0x00000000   Number         0  entry10b.o ABSOLUTE
    ../clib/microlib/init/entry.s            0x00000000   Number         0  entry11b.o ABSOLUTE
    ../clib/microlib/init/entry.s            0x00000000   Number         0  entry11a.o ABSOLUTE
    ../clib/microlib/init/entry.s            0x00000000   Number         0  entry10a.o ABSOLUTE
    ../clib/microlib/init/entry.s            0x00000000   Number         0  entry9b.o ABSOLUTE
    ../clib/microlib/init/entry.s            0x00000000   Number         0  entry9a.o ABSOLUTE
    ../clib/microlib/init/entry.s            0x00000000   Number         0  entry8b.o ABSOLUTE
    ../clib/microlib/init/entry.s            0x00000000   Number         0  entry8a.o ABSOLUTE
    ../clib/microlib/init/entry.s            0x00000000   Number         0  entry7a.o ABSOLUTE
    ../clib/microlib/init/entry.s            0x00000000   Number         0  entry7b.o ABSOLUTE
    ../clib/microlib/init/entry.s            0x00000000   Number         0  entry.o ABSOLUTE
    ../clib/microlib/init/entry.s            0x00000000   Number         0  entry5.o ABSOLUTE
    ../clib/microlib/init/entry.s            0x00000000   Number         0  entry2.o ABSOLUTE
    ../clib/microlib/longlong.c              0x00000000   Number         0  llshl.o ABSOLUTE
    ../clib/microlib/longlong.c              0x00000000   Number         0  llsshr.o ABSOLUTE
    ../clib/microlib/longlong.c              0x00000000   Number         0  llushr.o ABSOLUTE
    ../clib/microlib/printf/printf.c         0x00000000   Number         0  printf8.o ABSOLUTE
    ../clib/microlib/printf/printf.c         0x00000000   Number         0  printf7.o ABSOLUTE
    ../clib/microlib/printf/printf.c         0x00000000   Number         0  printf6.o ABSOLUTE
    ../clib/microlib/printf/printf.c         0x00000000   Number         0  printf5.o ABSOLUTE
    ../clib/microlib/printf/printf.c         0x00000000   Number         0  printf4.o ABSOLUTE
    ../clib/microlib/printf/printf.c         0x00000000   Number         0  printf2.o ABSOLUTE
    ../clib/microlib/printf/printf.c         0x00000000   Number         0  printf1.o ABSOLUTE
    ../clib/microlib/printf/printf.c         0x00000000   Number         0  printf0.o ABSOLUTE
    ../clib/microlib/printf/printf.c         0x00000000   Number         0  printfb.o ABSOLUTE
    ../clib/microlib/printf/printf.c         0x00000000   Number         0  printfa.o ABSOLUTE
    ../clib/microlib/printf/printf.c         0x00000000   Number         0  printf3.o ABSOLUTE
    ../clib/microlib/printf/stubs.s          0x00000000   Number         0  stubs.o ABSOLUTE
    ../clib/microlib/stubs.s                 0x00000000   Number         0  iusefp.o ABSOLUTE
    ../clib/microlib/stubs.s                 0x00000000   Number         0  useno.o ABSOLUTE
    ../fplib/microlib/fpadd.c                0x00000000   Number         0  dadd.o ABSOLUTE
    ../fplib/microlib/fpdiv.c                0x00000000   Number         0  ddiv.o ABSOLUTE
    ../fplib/microlib/fpepilogue.c           0x00000000   Number         0  depilogue.o ABSOLUTE
    ../fplib/microlib/fpfix.c                0x00000000   Number         0  dfixul.o ABSOLUTE
    ../fplib/microlib/fpmul.c                0x00000000   Number         0  dmul.o ABSOLUTE
    ..\Drivers\CMSIS\Device\ST\STM32F1xx\Source\Templates\system_stm32f1xx.c 0x00000000   Number         0  system_stm32f1xx.o ABSOLUTE
    ..\Drivers\STM32F1xx_HAL_Driver\Src\stm32f1xx_hal.c 0x00000000   Number         0  stm32f1xx_hal.o ABSOLUTE
    ..\Drivers\STM32F1xx_HAL_Driver\Src\stm32f1xx_hal_can.c 0x00000000   Number         0  stm32f1xx_hal_can.o ABSOLUTE
    ..\Drivers\STM32F1xx_HAL_Driver\Src\stm32f1xx_hal_cortex.c 0x00000000   Number         0  stm32f1xx_hal_cortex.o ABSOLUTE
    ..\Drivers\STM32F1xx_HAL_Driver\Src\stm32f1xx_hal_dma.c 0x00000000   Number         0  stm32f1xx_hal_dma.o ABSOLUTE
    ..\Drivers\STM32F1xx_HAL_Driver\Src\stm32f1xx_hal_flash.c 0x00000000   Number         0  stm32f1xx_hal_flash.o ABSOLUTE
    ..\Drivers\STM32F1xx_HAL_Driver\Src\stm32f1xx_hal_flash_ex.c 0x00000000   Number         0  stm32f1xx_hal_flash_ex.o ABSOLUTE
    ..\Drivers\STM32F1xx_HAL_Driver\Src\stm32f1xx_hal_gpio.c 0x00000000   Number         0  stm32f1xx_hal_gpio.o ABSOLUTE
    ..\Drivers\STM32F1xx_HAL_Driver\Src\stm32f1xx_hal_pwr.c 0x00000000   Number         0  stm32f1xx_hal_pwr.o ABSOLUTE
    ..\Drivers\STM32F1xx_HAL_Driver\Src\stm32f1xx_hal_rcc.c 0x00000000   Number         0  stm32f1xx_hal_rcc.o ABSOLUTE
    ..\Drivers\STM32F1xx_HAL_Driver\Src\stm32f1xx_hal_rcc_ex.c 0x00000000   Number         0  stm32f1xx_hal_rcc_ex.o ABSOLUTE
    ..\Drivers\STM32F1xx_HAL_Driver\Src\stm32f1xx_hal_tim.c 0x00000000   Number         0  stm32f1xx_hal_tim.o ABSOLUTE
    ..\Drivers\STM32F1xx_HAL_Driver\Src\stm32f1xx_hal_tim_ex.c 0x00000000   Number         0  stm32f1xx_hal_tim_ex.o ABSOLUTE
    ..\Drivers\STM32F1xx_HAL_Driver\Src\stm32f1xx_hal_uart.c 0x00000000   Number         0  stm32f1xx_hal_uart.o ABSOLUTE
    ..\Src\can.c                             0x00000000   Number         0  can.o ABSOLUTE
    ..\Src\dma.c                             0x00000000   Number         0  dma.o ABSOLUTE
    ..\Src\gpio.c                            0x00000000   Number         0  gpio.o ABSOLUTE
    ..\Src\main.c                            0x00000000   Number         0  main.o ABSOLUTE
    ..\Src\stm32f1xx_hal_msp.c               0x00000000   Number         0  stm32f1xx_hal_msp.o ABSOLUTE
    ..\Src\stm32f1xx_it.c                    0x00000000   Number         0  stm32f1xx_it.o ABSOLUTE
    ..\Src\tim.c                             0x00000000   Number         0  tim.o ABSOLUTE
    ..\Src\usart.c                           0x00000000   Number         0  usart.o ABSOLUTE
    ..\USER\RFID_RC522.c                     0x00000000   Number         0  rfid_rc522.o ABSOLUTE
    ..\USER\Ultrasonic.c                     0x00000000   Number         0  ultrasonic.o ABSOLUTE
    ..\USER\User.c                           0x00000000   Number         0  user.o ABSOLUTE
    ..\\USER\\RFID_RC522.c                   0x00000000   Number         0  rfid_rc522.o ABSOLUTE
    ..\\USER\\Ultrasonic.c                   0x00000000   Number         0  ultrasonic.o ABSOLUTE
    ..\\USER\\User.c                         0x00000000   Number         0  user.o ABSOLUTE
    cdrcmple.s                               0x00000000   Number         0  cdrcmple.o ABSOLUTE
    dc.s                                     0x00000000   Number         0  dc.o ABSOLUTE
    handlers.s                               0x00000000   Number         0  handlers.o ABSOLUTE
    init.s                                   0x00000000   Number         0  init.o ABSOLUTE
    startup_stm32f103xe.s                    0x00000000   Number         0  startup_stm32f103xe.o ABSOLUTE
    RESET                                    0x08000000   Section      304  startup_stm32f103xe.o(RESET)
    .ARM.Collect$$$$00000000                 0x08000130   Section        0  entry.o(.ARM.Collect$$$$00000000)
    .ARM.Collect$$$$00000001                 0x08000130   Section        4  entry2.o(.ARM.Collect$$$$00000001)
    .ARM.Collect$$$$00000004                 0x08000134   Section        4  entry5.o(.ARM.Collect$$$$00000004)
    .ARM.Collect$$$$00000008                 0x08000138   Section        0  entry7b.o(.ARM.Collect$$$$00000008)
    .ARM.Collect$$$$0000000A                 0x08000138   Section        0  entry8b.o(.ARM.Collect$$$$0000000A)
    .ARM.Collect$$$$0000000B                 0x08000138   Section        8  entry9a.o(.ARM.Collect$$$$0000000B)
    .ARM.Collect$$$$0000000D                 0x08000140   Section        0  entry10a.o(.ARM.Collect$$$$0000000D)
    .ARM.Collect$$$$0000000F                 0x08000140   Section        0  entry11a.o(.ARM.Collect$$$$0000000F)
    .ARM.Collect$$$$00002712                 0x08000140   Section        4  entry2.o(.ARM.Collect$$$$00002712)
    __lit__00000000                          0x08000140   Data           4  entry2.o(.ARM.Collect$$$$00002712)
    .text                                    0x08000144   Section       36  startup_stm32f103xe.o(.text)
    .text                                    0x08000168   Section        0  llushr.o(.text)
    .text                                    0x08000188   Section        0  uldiv.o(.text)
    .text                                    0x080001ec   Section       36  init.o(.text)
    .text                                    0x08000210   Section        0  llshl.o(.text)
    i.BusFault_Handler                       0x0800022e   Section        0  stm32f1xx_it.o(i.BusFault_Handler)
    i.ClearBitMask                           0x08000230   Section        0  rfid_rc522.o(i.ClearBitMask)
    i.DMA1_Channel2_IRQHandler               0x08000248   Section        0  stm32f1xx_it.o(i.DMA1_Channel2_IRQHandler)
    i.DMA1_Channel3_IRQHandler               0x08000254   Section        0  stm32f1xx_it.o(i.DMA1_Channel3_IRQHandler)
    i.DMA1_Channel4_IRQHandler               0x08000260   Section        0  stm32f1xx_it.o(i.DMA1_Channel4_IRQHandler)
    i.DMA1_Channel5_IRQHandler               0x0800026c   Section        0  stm32f1xx_it.o(i.DMA1_Channel5_IRQHandler)
    i.DMA_SetConfig                          0x08000278   Section        0  stm32f1xx_hal_dma.o(i.DMA_SetConfig)
    DMA_SetConfig                            0x08000279   Thumb Code    30  stm32f1xx_hal_dma.o(i.DMA_SetConfig)
    i.DebugMon_Handler                       0x08000296   Section        0  stm32f1xx_it.o(i.DebugMon_Handler)
    i.HAL_CAN_Init                           0x08000298   Section        0  stm32f1xx_hal_can.o(i.HAL_CAN_Init)
    i.HAL_CAN_MspInit                        0x080003ac   Section        0  can.o(i.HAL_CAN_MspInit)
    i.HAL_DMA_IRQHandler                     0x08000418   Section        0  stm32f1xx_hal_dma.o(i.HAL_DMA_IRQHandler)
    i.HAL_DMA_Init                           0x080008d0   Section        0  stm32f1xx_hal_dma.o(i.HAL_DMA_Init)
    i.HAL_DMA_Start_IT                       0x08000920   Section        0  stm32f1xx_hal_dma.o(i.HAL_DMA_Start_IT)
    i.HAL_Delay                              0x08000978   Section        0  stm32f1xx_hal.o(i.HAL_Delay)
    i.HAL_GPIO_Init                          0x08000990   Section        0  stm32f1xx_hal_gpio.o(i.HAL_GPIO_Init)
    i.HAL_GPIO_ReadPin                       0x08000b78   Section        0  stm32f1xx_hal_gpio.o(i.HAL_GPIO_ReadPin)
    i.HAL_GPIO_TogglePin                     0x08000b82   Section        0  stm32f1xx_hal_gpio.o(i.HAL_GPIO_TogglePin)
    i.HAL_GPIO_WritePin                      0x08000b8a   Section        0  stm32f1xx_hal_gpio.o(i.HAL_GPIO_WritePin)
    i.HAL_GetTick                            0x08000b94   Section        0  stm32f1xx_hal.o(i.HAL_GetTick)
    i.HAL_IncTick                            0x08000ba0   Section        0  stm32f1xx_hal.o(i.HAL_IncTick)
    i.HAL_Init                               0x08000bb0   Section        0  stm32f1xx_hal.o(i.HAL_Init)
    i.HAL_InitTick                           0x08000bd4   Section        0  stm32f1xx_hal.o(i.HAL_InitTick)
    i.HAL_MspInit                            0x08000bf8   Section        0  stm32f1xx_hal_msp.o(i.HAL_MspInit)
    i.HAL_NVIC_EnableIRQ                     0x08000c64   Section        0  stm32f1xx_hal_cortex.o(i.HAL_NVIC_EnableIRQ)
    i.HAL_NVIC_SetPriority                   0x08000c7c   Section        0  stm32f1xx_hal_cortex.o(i.HAL_NVIC_SetPriority)
    i.HAL_NVIC_SetPriorityGrouping           0x08000cbc   Section        0  stm32f1xx_hal_cortex.o(i.HAL_NVIC_SetPriorityGrouping)
    i.HAL_RCC_ClockConfig                    0x08000ce0   Section        0  stm32f1xx_hal_rcc.o(i.HAL_RCC_ClockConfig)
    i.HAL_RCC_GetHCLKFreq                    0x08000f68   Section        0  stm32f1xx_hal_rcc.o(i.HAL_RCC_GetHCLKFreq)
    i.HAL_RCC_GetPCLK1Freq                   0x08000f9c   Section        0  stm32f1xx_hal_rcc.o(i.HAL_RCC_GetPCLK1Freq)
    i.HAL_RCC_GetPCLK2Freq                   0x08000fc8   Section        0  stm32f1xx_hal_rcc.o(i.HAL_RCC_GetPCLK2Freq)
    i.HAL_RCC_GetSysClockFreq                0x08000ff4   Section        0  stm32f1xx_hal_rcc.o(i.HAL_RCC_GetSysClockFreq)
    i.HAL_RCC_OscConfig                      0x0800107c   Section        0  stm32f1xx_hal_rcc.o(i.HAL_RCC_OscConfig)
    i.HAL_SYSTICK_CLKSourceConfig            0x080016ae   Section        0  stm32f1xx_hal_cortex.o(i.HAL_SYSTICK_CLKSourceConfig)
    i.HAL_SYSTICK_Callback                   0x080016c6   Section        0  stm32f1xx_hal_cortex.o(i.HAL_SYSTICK_Callback)
    i.HAL_SYSTICK_Config                     0x080016c8   Section        0  stm32f1xx_hal_cortex.o(i.HAL_SYSTICK_Config)
    i.HAL_SYSTICK_IRQHandler                 0x080016f0   Section        0  stm32f1xx_hal_cortex.o(i.HAL_SYSTICK_IRQHandler)
    i.HAL_TIMEx_BreakCallback                0x080016f8   Section        0  stm32f1xx_hal_tim_ex.o(i.HAL_TIMEx_BreakCallback)
    i.HAL_TIMEx_CommutationCallback          0x080016fa   Section        0  stm32f1xx_hal_tim_ex.o(i.HAL_TIMEx_CommutationCallback)
    i.HAL_TIMEx_MasterConfigSynchronization  0x080016fc   Section        0  stm32f1xx_hal_tim_ex.o(i.HAL_TIMEx_MasterConfigSynchronization)
    i.HAL_TIM_Base_Init                      0x0800174c   Section        0  stm32f1xx_hal_tim.o(i.HAL_TIM_Base_Init)
    i.HAL_TIM_Base_MspInit                   0x08001784   Section        0  tim.o(i.HAL_TIM_Base_MspInit)
    i.HAL_TIM_IC_CaptureCallback             0x080017c0   Section        0  ultrasonic.o(i.HAL_TIM_IC_CaptureCallback)
    i.HAL_TIM_IC_ConfigChannel               0x08001b78   Section        0  stm32f1xx_hal_tim.o(i.HAL_TIM_IC_ConfigChannel)
    i.HAL_TIM_IC_Init                        0x08001c96   Section        0  stm32f1xx_hal_tim.o(i.HAL_TIM_IC_Init)
    i.HAL_TIM_IC_MspInit                     0x08001ccc   Section        0  tim.o(i.HAL_TIM_IC_MspInit)
    i.HAL_TIM_IC_Start_IT                    0x08001d68   Section        0  stm32f1xx_hal_tim.o(i.HAL_TIM_IC_Start_IT)
    i.HAL_TIM_IC_Stop_IT                     0x08001db4   Section        0  stm32f1xx_hal_tim.o(i.HAL_TIM_IC_Stop_IT)
    i.HAL_TIM_IRQHandler                     0x08001e12   Section        0  stm32f1xx_hal_tim.o(i.HAL_TIM_IRQHandler)
    i.HAL_TIM_OC_DelayElapsedCallback        0x08001f78   Section        0  stm32f1xx_hal_tim.o(i.HAL_TIM_OC_DelayElapsedCallback)
    i.HAL_TIM_PWM_PulseFinishedCallback      0x08001f7a   Section        0  stm32f1xx_hal_tim.o(i.HAL_TIM_PWM_PulseFinishedCallback)
    i.HAL_TIM_PeriodElapsedCallback          0x08001f7c   Section        0  ultrasonic.o(i.HAL_TIM_PeriodElapsedCallback)
    i.HAL_TIM_ReadCapturedValue              0x0800210c   Section        0  stm32f1xx_hal_tim.o(i.HAL_TIM_ReadCapturedValue)
    i.HAL_TIM_TriggerCallback                0x08002150   Section        0  stm32f1xx_hal_tim.o(i.HAL_TIM_TriggerCallback)
    i.HAL_UART_ErrorCallback                 0x08002152   Section        0  stm32f1xx_hal_uart.o(i.HAL_UART_ErrorCallback)
    i.HAL_UART_IRQHandler                    0x08002154   Section        0  stm32f1xx_hal_uart.o(i.HAL_UART_IRQHandler)
    i.HAL_UART_Init                          0x0800222e   Section        0  stm32f1xx_hal_uart.o(i.HAL_UART_Init)
    i.HAL_UART_MspInit                       0x0800228c   Section        0  usart.o(i.HAL_UART_MspInit)
    i.HAL_UART_RxCpltCallback                0x080023ec   Section        0  stm32f1xx_hal_uart.o(i.HAL_UART_RxCpltCallback)
    i.HAL_UART_Transmit_DMA                  0x080023f0   Section        0  stm32f1xx_hal_uart.o(i.HAL_UART_Transmit_DMA)
    i.HAL_UART_TxCpltCallback                0x08002480   Section        0  stm32f1xx_hal_uart.o(i.HAL_UART_TxCpltCallback)
    i.HAL_UART_TxHalfCpltCallback            0x08002482   Section        0  stm32f1xx_hal_uart.o(i.HAL_UART_TxHalfCpltCallback)
    i.HardFault_Handler                      0x08002484   Section        0  stm32f1xx_it.o(i.HardFault_Handler)
    i.M500PcdConfigISOType                   0x08002486   Section        0  rfid_rc522.o(i.M500PcdConfigISOType)
    i.MX_CAN_Init                            0x080024dc   Section        0  can.o(i.MX_CAN_Init)
    i.MX_DMA_Init                            0x08002510   Section        0  dma.o(i.MX_DMA_Init)
    i.MX_GPIO_Init                           0x0800256c   Section        0  gpio.o(i.MX_GPIO_Init)
    i.MX_TIM2_Init                           0x0800264c   Section        0  tim.o(i.MX_TIM2_Init)
    i.MX_TIM3_Init                           0x080026b4   Section        0  tim.o(i.MX_TIM3_Init)
    i.MX_TIM6_Init                           0x0800271c   Section        0  tim.o(i.MX_TIM6_Init)
    i.MX_USART1_UART_Init                    0x0800274c   Section        0  usart.o(i.MX_USART1_UART_Init)
    i.MX_USART3_UART_Init                    0x08002774   Section        0  usart.o(i.MX_USART3_UART_Init)
    i.MemManage_Handler                      0x0800279c   Section        0  stm32f1xx_it.o(i.MemManage_Handler)
    i.NMI_Handler                            0x0800279e   Section        0  stm32f1xx_it.o(i.NMI_Handler)
    i.NVIC_SetPriority                       0x080027a0   Section        0  stm32f1xx_hal_cortex.o(i.NVIC_SetPriority)
    NVIC_SetPriority                         0x080027a1   Thumb Code    32  stm32f1xx_hal_cortex.o(i.NVIC_SetPriority)
    i.PcdAntennaOn                           0x080027c0   Section        0  rfid_rc522.o(i.PcdAntennaOn)
    i.PcdAnticoll                            0x080027da   Section        0  rfid_rc522.o(i.PcdAnticoll)
    i.PcdComMF522                            0x08002846   Section        0  rfid_rc522.o(i.PcdComMF522)
    i.PcdRequest                             0x0800295c   Section        0  rfid_rc522.o(i.PcdRequest)
    i.PcdReset                               0x080029b0   Section        0  rfid_rc522.o(i.PcdReset)
    i.RC522_Init                             0x08002a34   Section        0  rfid_rc522.o(i.RC522_Init)
    i.RFID_RC522_Transmit                    0x08002a58   Section        0  user.o(i.RFID_RC522_Transmit)
    i.ReadRawRC                              0x08002a9c   Section        0  rfid_rc522.o(i.ReadRawRC)
    i.SPI_RC522_ReadByte                     0x08002ad4   Section        0  rfid_rc522.o(i.SPI_RC522_ReadByte)
    i.SPI_RC522_SendByte                     0x08002b24   Section        0  rfid_rc522.o(i.SPI_RC522_SendByte)
    i.SetBitMask                             0x08002b78   Section        0  rfid_rc522.o(i.SetBitMask)
    i.SysTick_Handler                        0x08002b90   Section        0  stm32f1xx_it.o(i.SysTick_Handler)
    i.SystemClock_Config                     0x08002b9e   Section        0  main.o(i.SystemClock_Config)
    i.SystemInit                             0x08002bfc   Section        0  system_stm32f1xx.o(i.SystemInit)
    i.TIM2_IRQHandler                        0x08002c44   Section        0  stm32f1xx_it.o(i.TIM2_IRQHandler)
    i.TIM3_IRQHandler                        0x08002c50   Section        0  stm32f1xx_it.o(i.TIM3_IRQHandler)
    i.TIM6_IRQHandler                        0x08002c5c   Section        0  stm32f1xx_it.o(i.TIM6_IRQHandler)
    i.TIM_Base_SetConfig                     0x08002c68   Section        0  stm32f1xx_hal_tim.o(i.TIM_Base_SetConfig)
    i.TIM_CCxChannelCmd                      0x08002cec   Section        0  stm32f1xx_hal_tim.o(i.TIM_CCxChannelCmd)
    i.TIM_TI1_SetConfig                      0x08002d04   Section        0  stm32f1xx_hal_tim.o(i.TIM_TI1_SetConfig)
    i.TIM_TI2_SetConfig                      0x08002d70   Section        0  stm32f1xx_hal_tim.o(i.TIM_TI2_SetConfig)
    TIM_TI2_SetConfig                        0x08002d71   Thumb Code    54  stm32f1xx_hal_tim.o(i.TIM_TI2_SetConfig)
    i.UART_DMAError                          0x08002da6   Section        0  stm32f1xx_hal_uart.o(i.UART_DMAError)
    UART_DMAError                            0x08002da7   Thumb Code    30  stm32f1xx_hal_uart.o(i.UART_DMAError)
    i.UART_DMATransmitCplt                   0x08002dc4   Section        0  stm32f1xx_hal_uart.o(i.UART_DMATransmitCplt)
    UART_DMATransmitCplt                     0x08002dc5   Thumb Code    46  stm32f1xx_hal_uart.o(i.UART_DMATransmitCplt)
    i.UART_DMATxHalfCplt                     0x08002df2   Section        0  stm32f1xx_hal_uart.o(i.UART_DMATxHalfCplt)
    UART_DMATxHalfCplt                       0x08002df3   Thumb Code    10  stm32f1xx_hal_uart.o(i.UART_DMATxHalfCplt)
    i.UART_Receive_IT                        0x08002dfc   Section        0  stm32f1xx_hal_uart.o(i.UART_Receive_IT)
    UART_Receive_IT                          0x08002dfd   Thumb Code   168  stm32f1xx_hal_uart.o(i.UART_Receive_IT)
    i.UART_SetConfig                         0x08002ea4   Section        0  stm32f1xx_hal_uart.o(i.UART_SetConfig)
    UART_SetConfig                           0x08002ea5   Thumb Code   220  stm32f1xx_hal_uart.o(i.UART_SetConfig)
    i.UART_Transmit_IT                       0x08002f84   Section        0  stm32f1xx_hal_uart.o(i.UART_Transmit_IT)
    UART_Transmit_IT                         0x08002f85   Thumb Code   102  stm32f1xx_hal_uart.o(i.UART_Transmit_IT)
    i.USART1_IRQHandler                      0x08002fec   Section        0  stm32f1xx_it.o(i.USART1_IRQHandler)
    i.USART3_IRQHandler                      0x08002ff8   Section        0  stm32f1xx_it.o(i.USART3_IRQHandler)
    i.Ultrasonic_Transmit                    0x08003004   Section        0  user.o(i.Ultrasonic_Transmit)
    i.UsageFault_Handler                     0x08003074   Section        0  stm32f1xx_it.o(i.UsageFault_Handler)
    i.WriteRawRC                             0x08003078   Section        0  rfid_rc522.o(i.WriteRawRC)
    i.__0printf$8                            0x080030ac   Section        0  printf8.o(i.__0printf$8)
    i.__0sprintf$8                           0x080030cc   Section        0  printf8.o(i.__0sprintf$8)
    i.__scatterload_copy                     0x080030f4   Section       14  handlers.o(i.__scatterload_copy)
    i.__scatterload_null                     0x08003102   Section        2  handlers.o(i.__scatterload_null)
    i.__scatterload_zeroinit                 0x08003104   Section       14  handlers.o(i.__scatterload_zeroinit)
    i._printf_core                           0x08003114   Section        0  printf8.o(i._printf_core)
    _printf_core                             0x08003115   Thumb Code   996  printf8.o(i._printf_core)
    i._printf_post_padding                   0x08003524   Section        0  printf8.o(i._printf_post_padding)
    _printf_post_padding                     0x08003525   Thumb Code    36  printf8.o(i._printf_post_padding)
    i._printf_pre_padding                    0x08003548   Section        0  printf8.o(i._printf_pre_padding)
    _printf_pre_padding                      0x08003549   Thumb Code    46  printf8.o(i._printf_pre_padding)
    i._sputc                                 0x08003576   Section        0  printf8.o(i._sputc)
    _sputc                                   0x08003577   Thumb Code    10  printf8.o(i._sputc)
    i.delay_init                             0x08003580   Section        0  rfid_rc522.o(i.delay_init)
    i.delay_us                               0x08003594   Section        0  rfid_rc522.o(i.delay_us)
    i.fputc                                  0x080035c8   Section        0  usart.o(i.fputc)
    i.main                                   0x080035e0   Section        0  main.o(i.main)
    .constdata                               0x080036bc   Section       16  stm32f1xx_hal_rcc.o(.constdata)
    .data                                    0x20000000   Section        4  stm32f1xx_hal.o(.data)
    uwTick                                   0x20000000   Data           4  stm32f1xx_hal.o(.data)
    .data                                    0x20000004   Section        4  system_stm32f1xx.o(.data)
    .data                                    0x20000008   Section        1  main.o(.data)
    ucLineCount                              0x20000008   Data           1  main.o(.data)
    .data                                    0x2000000c   Section        4  usart.o(.data)
    .data                                    0x20000010   Section        8  rfid_rc522.o(.data)
    ucLineCount                              0x20000010   Data           1  rfid_rc522.o(.data)
    fac_us                                   0x20000014   Data           4  rfid_rc522.o(.data)
    .data                                    0x20000018   Section       50  ultrasonic.o(.data)
    Tran_Time                                0x20000018   Data           1  ultrasonic.o(.data)
    .bss                                     0x2000004c   Section      180  tim.o(.bss)
    .bss                                     0x20000100   Section      352  usart.o(.bss)
    .bss                                     0x20000260   Section       64  can.o(.bss)
    .bss                                     0x200002a0   Section       32  user.o(.bss)
    STACK                                    0x200002c0   Section     1024  startup_stm32f103xe.o(STACK)

    Global Symbols

    Symbol Name                              Value     Ov Type        Size  Object(Section)

    BuildAttributes$$THM_ISAv4$P$D$K$B$S$PE$A:L22UL41UL21$X:L11$S22US41US21$IEEE1$IW$USESV6$~STKCKD$USESV7$~SHL$OSPACE$ROPI$EBA8$MICROLIB$REQ8$PRES8$EABIv2 0x00000000   Number         0  anon$$obj.o ABSOLUTE
    __ARM_use_no_argv                        0x00000000   Number         0  main.o ABSOLUTE
    __use_no_errno                           0x00000000   Number         0  useno.o ABSOLUTE
    __use_no_exception_handling              0x00000000   Number         0  useno.o ABSOLUTE
    __use_no_fp                              0x00000000   Number         0  useno.o ABSOLUTE
    __use_no_heap                            0x00000000   Number         0  useno.o ABSOLUTE
    __use_no_heap_region                     0x00000000   Number         0  useno.o ABSOLUTE
    __use_no_semihosting                     0x00000000   Number         0  useno.o ABSOLUTE
    __use_no_semihosting_swi                 0x00000000   Number         0  useno.o ABSOLUTE
    __use_no_signal_handling                 0x00000000   Number         0  useno.o ABSOLUTE
    _printf_a                                0x00000000   Number         0  stubs.o ABSOLUTE
    _printf_c                                0x00000000   Number         0  stubs.o ABSOLUTE
    _printf_charcount                        0x00000000   Number         0  stubs.o ABSOLUTE
    _printf_d                                0x00000000   Number         0  stubs.o ABSOLUTE
    _printf_e                                0x00000000   Number         0  stubs.o ABSOLUTE
    _printf_f                                0x00000000   Number         0  stubs.o ABSOLUTE
    _printf_flags                            0x00000000   Number         0  stubs.o ABSOLUTE
    _printf_fp_dec                           0x00000000   Number         0  stubs.o ABSOLUTE
    _printf_fp_hex                           0x00000000   Number         0  stubs.o ABSOLUTE
    _printf_g                                0x00000000   Number         0  stubs.o ABSOLUTE
    _printf_i                                0x00000000   Number         0  stubs.o ABSOLUTE
    _printf_int_dec                          0x00000000   Number         0  stubs.o ABSOLUTE
    _printf_l                                0x00000000   Number         0  stubs.o ABSOLUTE
    _printf_lc                               0x00000000   Number         0  stubs.o ABSOLUTE
    _printf_ll                               0x00000000   Number         0  stubs.o ABSOLUTE
    _printf_lld                              0x00000000   Number         0  stubs.o ABSOLUTE
    _printf_lli                              0x00000000   Number         0  stubs.o ABSOLUTE
    _printf_llo                              0x00000000   Number         0  stubs.o ABSOLUTE
    _printf_llu                              0x00000000   Number         0  stubs.o ABSOLUTE
    _printf_llx                              0x00000000   Number         0  stubs.o ABSOLUTE
    _printf_longlong_dec                     0x00000000   Number         0  stubs.o ABSOLUTE
    _printf_longlong_hex                     0x00000000   Number         0  stubs.o ABSOLUTE
    _printf_longlong_oct                     0x00000000   Number         0  stubs.o ABSOLUTE
    _printf_ls                               0x00000000   Number         0  stubs.o ABSOLUTE
    _printf_mbtowc                           0x00000000   Number         0  stubs.o ABSOLUTE
    _printf_n                                0x00000000   Number         0  stubs.o ABSOLUTE
    _printf_o                                0x00000000   Number         0  stubs.o ABSOLUTE
    _printf_p                                0x00000000   Number         0  stubs.o ABSOLUTE
    _printf_percent                          0x00000000   Number         0  stubs.o ABSOLUTE
    _printf_pre_padding                      0x00000000   Number         0  stubs.o ABSOLUTE
    _printf_return_value                     0x00000000   Number         0  stubs.o ABSOLUTE
    _printf_s                                0x00000000   Number         0  stubs.o ABSOLUTE
    _printf_sizespec                         0x00000000   Number         0  stubs.o ABSOLUTE
    _printf_str                              0x00000000   Number         0  stubs.o ABSOLUTE
    _printf_truncate_signed                  0x00000000   Number         0  stubs.o ABSOLUTE
    _printf_truncate_unsigned                0x00000000   Number         0  stubs.o ABSOLUTE
    _printf_u                                0x00000000   Number         0  stubs.o ABSOLUTE
    _printf_wc                               0x00000000   Number         0  stubs.o ABSOLUTE
    _printf_wctomb                           0x00000000   Number         0  stubs.o ABSOLUTE
    _printf_widthprec                        0x00000000   Number         0  stubs.o ABSOLUTE
    _printf_x                                0x00000000   Number         0  stubs.o ABSOLUTE
    __cpp_initialize__aeabi_                  - Undefined Weak Reference
    __cxa_finalize                            - Undefined Weak Reference
    __decompress                              - Undefined Weak Reference
    _clock_init                               - Undefined Weak Reference
    _microlib_exit                            - Undefined Weak Reference
    __Vectors_Size                           0x00000130   Number         0  startup_stm32f103xe.o ABSOLUTE
    __Vectors                                0x08000000   Data           4  startup_stm32f103xe.o(RESET)
    __Vectors_End                            0x08000130   Data           0  startup_stm32f103xe.o(RESET)
    __main                                   0x08000131   Thumb Code     0  entry.o(.ARM.Collect$$$$00000000)
    _main_stk                                0x08000131   Thumb Code     0  entry2.o(.ARM.Collect$$$$00000001)
    _main_scatterload                        0x08000135   Thumb Code     0  entry5.o(.ARM.Collect$$$$00000004)
    __main_after_scatterload                 0x08000139   Thumb Code     0  entry5.o(.ARM.Collect$$$$00000004)
    _main_clock                              0x08000139   Thumb Code     0  entry7b.o(.ARM.Collect$$$$00000008)
    _main_cpp_init                           0x08000139   Thumb Code     0  entry8b.o(.ARM.Collect$$$$0000000A)
    _main_init                               0x08000139   Thumb Code     0  entry9a.o(.ARM.Collect$$$$0000000B)
    __rt_final_cpp                           0x08000141   Thumb Code     0  entry10a.o(.ARM.Collect$$$$0000000D)
    __rt_final_exit                          0x08000141   Thumb Code     0  entry11a.o(.ARM.Collect$$$$0000000F)
    Reset_Handler                            0x08000145   Thumb Code     8  startup_stm32f103xe.o(.text)
    SVC_Handler                              0x08000157   Thumb Code     2  startup_stm32f103xe.o(.text)
    PendSV_Handler                           0x0800015b   Thumb Code     2  startup_stm32f103xe.o(.text)
    ADC1_2_IRQHandler                        0x0800015f   Thumb Code     0  startup_stm32f103xe.o(.text)
    ADC3_IRQHandler                          0x0800015f   Thumb Code     0  startup_stm32f103xe.o(.text)
    CAN1_RX1_IRQHandler                      0x0800015f   Thumb Code     0  startup_stm32f103xe.o(.text)
    CAN1_SCE_IRQHandler                      0x0800015f   Thumb Code     0  startup_stm32f103xe.o(.text)
    DMA1_Channel1_IRQHandler                 0x0800015f   Thumb Code     0  startup_stm32f103xe.o(.text)
    DMA1_Channel6_IRQHandler                 0x0800015f   Thumb Code     0  startup_stm32f103xe.o(.text)
    DMA1_Channel7_IRQHandler                 0x0800015f   Thumb Code     0  startup_stm32f103xe.o(.text)
    DMA2_Channel1_IRQHandler                 0x0800015f   Thumb Code     0  startup_stm32f103xe.o(.text)
    DMA2_Channel2_IRQHandler                 0x0800015f   Thumb Code     0  startup_stm32f103xe.o(.text)
    DMA2_Channel3_IRQHandler                 0x0800015f   Thumb Code     0  startup_stm32f103xe.o(.text)
    DMA2_Channel4_5_IRQHandler               0x0800015f   Thumb Code     0  startup_stm32f103xe.o(.text)
    EXTI0_IRQHandler                         0x0800015f   Thumb Code     0  startup_stm32f103xe.o(.text)
    EXTI15_10_IRQHandler                     0x0800015f   Thumb Code     0  startup_stm32f103xe.o(.text)
    EXTI1_IRQHandler                         0x0800015f   Thumb Code     0  startup_stm32f103xe.o(.text)
    EXTI2_IRQHandler                         0x0800015f   Thumb Code     0  startup_stm32f103xe.o(.text)
    EXTI3_IRQHandler                         0x0800015f   Thumb Code     0  startup_stm32f103xe.o(.text)
    EXTI4_IRQHandler                         0x0800015f   Thumb Code     0  startup_stm32f103xe.o(.text)
    EXTI9_5_IRQHandler                       0x0800015f   Thumb Code     0  startup_stm32f103xe.o(.text)
    FLASH_IRQHandler                         0x0800015f   Thumb Code     0  startup_stm32f103xe.o(.text)
    FSMC_IRQHandler                          0x0800015f   Thumb Code     0  startup_stm32f103xe.o(.text)
    I2C1_ER_IRQHandler                       0x0800015f   Thumb Code     0  startup_stm32f103xe.o(.text)
    I2C1_EV_IRQHandler                       0x0800015f   Thumb Code     0  startup_stm32f103xe.o(.text)
    I2C2_ER_IRQHandler                       0x0800015f   Thumb Code     0  startup_stm32f103xe.o(.text)
    I2C2_EV_IRQHandler                       0x0800015f   Thumb Code     0  startup_stm32f103xe.o(.text)
    PVD_IRQHandler                           0x0800015f   Thumb Code     0  startup_stm32f103xe.o(.text)
    RCC_IRQHandler                           0x0800015f   Thumb Code     0  startup_stm32f103xe.o(.text)
    RTC_Alarm_IRQHandler                     0x0800015f   Thumb Code     0  startup_stm32f103xe.o(.text)
    RTC_IRQHandler                           0x0800015f   Thumb Code     0  startup_stm32f103xe.o(.text)
    SDIO_IRQHandler                          0x0800015f   Thumb Code     0  startup_stm32f103xe.o(.text)
    SPI1_IRQHandler                          0x0800015f   Thumb Code     0  startup_stm32f103xe.o(.text)
    SPI2_IRQHandler                          0x0800015f   Thumb Code     0  startup_stm32f103xe.o(.text)
    SPI3_IRQHandler                          0x0800015f   Thumb Code     0  startup_stm32f103xe.o(.text)
    TAMPER_IRQHandler                        0x0800015f   Thumb Code     0  startup_stm32f103xe.o(.text)
    TIM1_BRK_IRQHandler                      0x0800015f   Thumb Code     0  startup_stm32f103xe.o(.text)
    TIM1_CC_IRQHandler                       0x0800015f   Thumb Code     0  startup_stm32f103xe.o(.text)
    TIM1_TRG_COM_IRQHandler                  0x0800015f   Thumb Code     0  startup_stm32f103xe.o(.text)
    TIM1_UP_IRQHandler                       0x0800015f   Thumb Code     0  startup_stm32f103xe.o(.text)
    TIM4_IRQHandler                          0x0800015f   Thumb Code     0  startup_stm32f103xe.o(.text)
    TIM5_IRQHandler                          0x0800015f   Thumb Code     0  startup_stm32f103xe.o(.text)
    TIM7_IRQHandler                          0x0800015f   Thumb Code     0  startup_stm32f103xe.o(.text)
    TIM8_BRK_IRQHandler                      0x0800015f   Thumb Code     0  startup_stm32f103xe.o(.text)
    TIM8_CC_IRQHandler                       0x0800015f   Thumb Code     0  startup_stm32f103xe.o(.text)
    TIM8_TRG_COM_IRQHandler                  0x0800015f   Thumb Code     0  startup_stm32f103xe.o(.text)
    TIM8_UP_IRQHandler                       0x0800015f   Thumb Code     0  startup_stm32f103xe.o(.text)
    UART4_IRQHandler                         0x0800015f   Thumb Code     0  startup_stm32f103xe.o(.text)
    UART5_IRQHandler                         0x0800015f   Thumb Code     0  startup_stm32f103xe.o(.text)
    USART2_IRQHandler                        0x0800015f   Thumb Code     0  startup_stm32f103xe.o(.text)
    USBWakeUp_IRQHandler                     0x0800015f   Thumb Code     0  startup_stm32f103xe.o(.text)
    USB_HP_CAN1_TX_IRQHandler                0x0800015f   Thumb Code     0  startup_stm32f103xe.o(.text)
    USB_LP_CAN1_RX0_IRQHandler               0x0800015f   Thumb Code     0  startup_stm32f103xe.o(.text)
    WWDG_IRQHandler                          0x0800015f   Thumb Code     0  startup_stm32f103xe.o(.text)
    __aeabi_llsr                             0x08000169   Thumb Code    32  llushr.o(.text)
    _ll_ushift_r                             0x08000169   Thumb Code     0  llushr.o(.text)
    __aeabi_uldivmod                         0x08000189   Thumb Code    98  uldiv.o(.text)
    __scatterload                            0x080001ed   Thumb Code    28  init.o(.text)
    __scatterload_rt2                        0x080001ed   Thumb Code     0  init.o(.text)
    __aeabi_llsl                             0x08000211   Thumb Code    30  llshl.o(.text)
    _ll_shift_l                              0x08000211   Thumb Code     0  llshl.o(.text)
    BusFault_Handler                         0x0800022f   Thumb Code     2  stm32f1xx_it.o(i.BusFault_Handler)
    ClearBitMask                             0x08000231   Thumb Code    24  rfid_rc522.o(i.ClearBitMask)
    DMA1_Channel2_IRQHandler                 0x08000249   Thumb Code     6  stm32f1xx_it.o(i.DMA1_Channel2_IRQHandler)
    DMA1_Channel3_IRQHandler                 0x08000255   Thumb Code     6  stm32f1xx_it.o(i.DMA1_Channel3_IRQHandler)
    DMA1_Channel4_IRQHandler                 0x08000261   Thumb Code     6  stm32f1xx_it.o(i.DMA1_Channel4_IRQHandler)
    DMA1_Channel5_IRQHandler                 0x0800026d   Thumb Code     6  stm32f1xx_it.o(i.DMA1_Channel5_IRQHandler)
    DebugMon_Handler                         0x08000297   Thumb Code     2  stm32f1xx_it.o(i.DebugMon_Handler)
    HAL_CAN_Init                             0x08000299   Thumb Code   274  stm32f1xx_hal_can.o(i.HAL_CAN_Init)
    HAL_CAN_MspInit                          0x080003ad   Thumb Code    90  can.o(i.HAL_CAN_MspInit)
    HAL_DMA_IRQHandler                       0x08000419   Thumb Code  1198  stm32f1xx_hal_dma.o(i.HAL_DMA_IRQHandler)
    HAL_DMA_Init                             0x080008d1   Thumb Code    80  stm32f1xx_hal_dma.o(i.HAL_DMA_Init)
    HAL_DMA_Start_IT                         0x08000921   Thumb Code    88  stm32f1xx_hal_dma.o(i.HAL_DMA_Start_IT)
    HAL_Delay                                0x08000979   Thumb Code    22  stm32f1xx_hal.o(i.HAL_Delay)
    HAL_GPIO_Init                            0x08000991   Thumb Code   446  stm32f1xx_hal_gpio.o(i.HAL_GPIO_Init)
    HAL_GPIO_ReadPin                         0x08000b79   Thumb Code    10  stm32f1xx_hal_gpio.o(i.HAL_GPIO_ReadPin)
    HAL_GPIO_TogglePin                       0x08000b83   Thumb Code     8  stm32f1xx_hal_gpio.o(i.HAL_GPIO_TogglePin)
    HAL_GPIO_WritePin                        0x08000b8b   Thumb Code    10  stm32f1xx_hal_gpio.o(i.HAL_GPIO_WritePin)
    HAL_GetTick                              0x08000b95   Thumb Code     6  stm32f1xx_hal.o(i.HAL_GetTick)
    HAL_IncTick                              0x08000ba1   Thumb Code    10  stm32f1xx_hal.o(i.HAL_IncTick)
    HAL_Init                                 0x08000bb1   Thumb Code    32  stm32f1xx_hal.o(i.HAL_Init)
    HAL_InitTick                             0x08000bd5   Thumb Code    34  stm32f1xx_hal.o(i.HAL_InitTick)
    HAL_MspInit                              0x08000bf9   Thumb Code    98  stm32f1xx_hal_msp.o(i.HAL_MspInit)
    HAL_NVIC_EnableIRQ                       0x08000c65   Thumb Code    22  stm32f1xx_hal_cortex.o(i.HAL_NVIC_EnableIRQ)
    HAL_NVIC_SetPriority                     0x08000c7d   Thumb Code    60  stm32f1xx_hal_cortex.o(i.HAL_NVIC_SetPriority)
    HAL_NVIC_SetPriorityGrouping             0x08000cbd   Thumb Code    26  stm32f1xx_hal_cortex.o(i.HAL_NVIC_SetPriorityGrouping)
    HAL_RCC_ClockConfig                      0x08000ce1   Thumb Code   638  stm32f1xx_hal_rcc.o(i.HAL_RCC_ClockConfig)
    HAL_RCC_GetHCLKFreq                      0x08000f69   Thumb Code    38  stm32f1xx_hal_rcc.o(i.HAL_RCC_GetHCLKFreq)
    HAL_RCC_GetPCLK1Freq                     0x08000f9d   Thumb Code    36  stm32f1xx_hal_rcc.o(i.HAL_RCC_GetPCLK1Freq)
    HAL_RCC_GetPCLK2Freq                     0x08000fc9   Thumb Code    36  stm32f1xx_hal_rcc.o(i.HAL_RCC_GetPCLK2Freq)
    HAL_RCC_GetSysClockFreq                  0x08000ff5   Thumb Code   102  stm32f1xx_hal_rcc.o(i.HAL_RCC_GetSysClockFreq)
    HAL_RCC_OscConfig                        0x0800107d   Thumb Code  1586  stm32f1xx_hal_rcc.o(i.HAL_RCC_OscConfig)
    HAL_SYSTICK_CLKSourceConfig              0x080016af   Thumb Code    24  stm32f1xx_hal_cortex.o(i.HAL_SYSTICK_CLKSourceConfig)
    HAL_SYSTICK_Callback                     0x080016c7   Thumb Code     2  stm32f1xx_hal_cortex.o(i.HAL_SYSTICK_Callback)
    HAL_SYSTICK_Config                       0x080016c9   Thumb Code    40  stm32f1xx_hal_cortex.o(i.HAL_SYSTICK_Config)
    HAL_SYSTICK_IRQHandler                   0x080016f1   Thumb Code     8  stm32f1xx_hal_cortex.o(i.HAL_SYSTICK_IRQHandler)
    HAL_TIMEx_BreakCallback                  0x080016f9   Thumb Code     2  stm32f1xx_hal_tim_ex.o(i.HAL_TIMEx_BreakCallback)
    HAL_TIMEx_CommutationCallback            0x080016fb   Thumb Code     2  stm32f1xx_hal_tim_ex.o(i.HAL_TIMEx_CommutationCallback)
    HAL_TIMEx_MasterConfigSynchronization    0x080016fd   Thumb Code    80  stm32f1xx_hal_tim_ex.o(i.HAL_TIMEx_MasterConfigSynchronization)
    HAL_TIM_Base_Init                        0x0800174d   Thumb Code    54  stm32f1xx_hal_tim.o(i.HAL_TIM_Base_Init)
    HAL_TIM_Base_MspInit                     0x08001785   Thumb Code    50  tim.o(i.HAL_TIM_Base_MspInit)
    HAL_TIM_IC_CaptureCallback               0x080017c1   Thumb Code   936  ultrasonic.o(i.HAL_TIM_IC_CaptureCallback)
    HAL_TIM_IC_ConfigChannel                 0x08001b79   Thumb Code   286  stm32f1xx_hal_tim.o(i.HAL_TIM_IC_ConfigChannel)
    HAL_TIM_IC_Init                          0x08001c97   Thumb Code    54  stm32f1xx_hal_tim.o(i.HAL_TIM_IC_Init)
    HAL_TIM_IC_MspInit                       0x08001ccd   Thumb Code   134  tim.o(i.HAL_TIM_IC_MspInit)
    HAL_TIM_IC_Start_IT                      0x08001d69   Thumb Code    76  stm32f1xx_hal_tim.o(i.HAL_TIM_IC_Start_IT)
    HAL_TIM_IC_Stop_IT                       0x08001db5   Thumb Code    94  stm32f1xx_hal_tim.o(i.HAL_TIM_IC_Stop_IT)
    HAL_TIM_IRQHandler                       0x08001e13   Thumb Code   358  stm32f1xx_hal_tim.o(i.HAL_TIM_IRQHandler)
    HAL_TIM_OC_DelayElapsedCallback          0x08001f79   Thumb Code     2  stm32f1xx_hal_tim.o(i.HAL_TIM_OC_DelayElapsedCallback)
    HAL_TIM_PWM_PulseFinishedCallback        0x08001f7b   Thumb Code     2  stm32f1xx_hal_tim.o(i.HAL_TIM_PWM_PulseFinishedCallback)
    HAL_TIM_PeriodElapsedCallback            0x08001f7d   Thumb Code   380  ultrasonic.o(i.HAL_TIM_PeriodElapsedCallback)
    HAL_TIM_ReadCapturedValue                0x0800210d   Thumb Code    68  stm32f1xx_hal_tim.o(i.HAL_TIM_ReadCapturedValue)
    HAL_TIM_TriggerCallback                  0x08002151   Thumb Code     2  stm32f1xx_hal_tim.o(i.HAL_TIM_TriggerCallback)
    HAL_UART_ErrorCallback                   0x08002153   Thumb Code     2  stm32f1xx_hal_uart.o(i.HAL_UART_ErrorCallback)
    HAL_UART_IRQHandler                      0x08002155   Thumb Code   218  stm32f1xx_hal_uart.o(i.HAL_UART_IRQHandler)
    HAL_UART_Init                            0x0800222f   Thumb Code    94  stm32f1xx_hal_uart.o(i.HAL_UART_Init)
    HAL_UART_MspInit                         0x0800228d   Thumb Code   318  usart.o(i.HAL_UART_MspInit)
    HAL_UART_RxCpltCallback                  0x080023ed   Thumb Code     2  stm32f1xx_hal_uart.o(i.HAL_UART_RxCpltCallback)
    HAL_UART_Transmit_DMA                    0x080023f1   Thumb Code   130  stm32f1xx_hal_uart.o(i.HAL_UART_Transmit_DMA)
    HAL_UART_TxCpltCallback                  0x08002481   Thumb Code     2  stm32f1xx_hal_uart.o(i.HAL_UART_TxCpltCallback)
    HAL_UART_TxHalfCpltCallback              0x08002483   Thumb Code     2  stm32f1xx_hal_uart.o(i.HAL_UART_TxHalfCpltCallback)
    HardFault_Handler                        0x08002485   Thumb Code     2  stm32f1xx_it.o(i.HardFault_Handler)
    M500PcdConfigISOType                     0x08002487   Thumb Code    86  rfid_rc522.o(i.M500PcdConfigISOType)
    MX_CAN_Init                              0x080024dd   Thumb Code    44  can.o(i.MX_CAN_Init)
    MX_DMA_Init                              0x08002511   Thumb Code    88  dma.o(i.MX_DMA_Init)
    MX_GPIO_Init                             0x0800256d   Thumb Code   208  gpio.o(i.MX_GPIO_Init)
    MX_TIM2_Init                             0x0800264d   Thumb Code    98  tim.o(i.MX_TIM2_Init)
    MX_TIM3_Init                             0x080026b5   Thumb Code    96  tim.o(i.MX_TIM3_Init)
    MX_TIM6_Init                             0x0800271d   Thumb Code    40  tim.o(i.MX_TIM6_Init)
    MX_USART1_UART_Init                      0x0800274d   Thumb Code    32  usart.o(i.MX_USART1_UART_Init)
    MX_USART3_UART_Init                      0x08002775   Thumb Code    32  usart.o(i.MX_USART3_UART_Init)
    MemManage_Handler                        0x0800279d   Thumb Code     2  stm32f1xx_it.o(i.MemManage_Handler)
    NMI_Handler                              0x0800279f   Thumb Code     2  stm32f1xx_it.o(i.NMI_Handler)
    PcdAntennaOn                             0x080027c1   Thumb Code    26  rfid_rc522.o(i.PcdAntennaOn)
    PcdAnticoll                              0x080027db   Thumb Code   108  rfid_rc522.o(i.PcdAnticoll)
    PcdComMF522                              0x08002847   Thumb Code   278  rfid_rc522.o(i.PcdComMF522)
    PcdRequest                               0x0800295d   Thumb Code    82  rfid_rc522.o(i.PcdRequest)
    PcdReset                                 0x080029b1   Thumb Code   128  rfid_rc522.o(i.PcdReset)
    RC522_Init                               0x08002a35   Thumb Code    26  rfid_rc522.o(i.RC522_Init)
    RFID_RC522_Transmit                      0x08002a59   Thumb Code    58  user.o(i.RFID_RC522_Transmit)
    ReadRawRC                                0x08002a9d   Thumb Code    50  rfid_rc522.o(i.ReadRawRC)
    SPI_RC522_ReadByte                       0x08002ad5   Thumb Code    76  rfid_rc522.o(i.SPI_RC522_ReadByte)
    SPI_RC522_SendByte                       0x08002b25   Thumb Code    78  rfid_rc522.o(i.SPI_RC522_SendByte)
    SetBitMask                               0x08002b79   Thumb Code    24  rfid_rc522.o(i.SetBitMask)
    SysTick_Handler                          0x08002b91   Thumb Code    14  stm32f1xx_it.o(i.SysTick_Handler)
    SystemClock_Config                       0x08002b9f   Thumb Code    92  main.o(i.SystemClock_Config)
    SystemInit                               0x08002bfd   Thumb Code    56  system_stm32f1xx.o(i.SystemInit)
    TIM2_IRQHandler                          0x08002c45   Thumb Code     6  stm32f1xx_it.o(i.TIM2_IRQHandler)
    TIM3_IRQHandler                          0x08002c51   Thumb Code     6  stm32f1xx_it.o(i.TIM3_IRQHandler)
    TIM6_IRQHandler                          0x08002c5d   Thumb Code     6  stm32f1xx_it.o(i.TIM6_IRQHandler)
    TIM_Base_SetConfig                       0x08002c69   Thumb Code   112  stm32f1xx_hal_tim.o(i.TIM_Base_SetConfig)
    TIM_CCxChannelCmd                        0x08002ced   Thumb Code    22  stm32f1xx_hal_tim.o(i.TIM_CCxChannelCmd)
    TIM_TI1_SetConfig                        0x08002d05   Thumb Code    88  stm32f1xx_hal_tim.o(i.TIM_TI1_SetConfig)
    USART1_IRQHandler                        0x08002fed   Thumb Code     6  stm32f1xx_it.o(i.USART1_IRQHandler)
    USART3_IRQHandler                        0x08002ff9   Thumb Code     6  stm32f1xx_it.o(i.USART3_IRQHandler)
    Ultrasonic_Transmit                      0x08003005   Thumb Code   104  user.o(i.Ultrasonic_Transmit)
    UsageFault_Handler                       0x08003075   Thumb Code     2  stm32f1xx_it.o(i.UsageFault_Handler)
    WriteRawRC                               0x08003079   Thumb Code    48  rfid_rc522.o(i.WriteRawRC)
    __0printf$8                              0x080030ad   Thumb Code    22  printf8.o(i.__0printf$8)
    __1printf$8                              0x080030ad   Thumb Code     0  printf8.o(i.__0printf$8)
    __2printf                                0x080030ad   Thumb Code     0  printf8.o(i.__0printf$8)
    __0sprintf$8                             0x080030cd   Thumb Code    34  printf8.o(i.__0sprintf$8)
    __1sprintf$8                             0x080030cd   Thumb Code     0  printf8.o(i.__0sprintf$8)
    __2sprintf                               0x080030cd   Thumb Code     0  printf8.o(i.__0sprintf$8)
    __scatterload_copy                       0x080030f5   Thumb Code    14  handlers.o(i.__scatterload_copy)
    __scatterload_null                       0x08003103   Thumb Code     2  handlers.o(i.__scatterload_null)
    __scatterload_zeroinit                   0x08003105   Thumb Code    14  handlers.o(i.__scatterload_zeroinit)
    delay_init                               0x08003581   Thumb Code    16  rfid_rc522.o(i.delay_init)
    delay_us                                 0x08003595   Thumb Code    48  rfid_rc522.o(i.delay_us)
    fputc                                    0x080035c9   Thumb Code    18  usart.o(i.fputc)
    main                                     0x080035e1   Thumb Code   174  main.o(i.main)
    aAPBAHBPrescTable                        0x080036bc   Data          16  stm32f1xx_hal_rcc.o(.constdata)
    Region$$Table$$Base                      0x080036cc   Number         0  anon$$obj.o(Region$$Table)
    Region$$Table$$Limit                     0x080036ec   Number         0  anon$$obj.o(Region$$Table)
    SystemCoreClock                          0x20000004   Data           4  system_stm32f1xx.o(.data)
    __stdout                                 0x2000000c   Data           4  usart.o(.data)
    Distance1                                0x2000001a   Data           2  ultrasonic.o(.data)
    Distance2                                0x2000001c   Data           2  ultrasonic.o(.data)
    Distance3                                0x2000001e   Data           2  ultrasonic.o(.data)
    Distance4                                0x20000020   Data           2  ultrasonic.o(.data)
    TIM2CH1_CAPTURE_STA                      0x20000022   Data           2  ultrasonic.o(.data)
    TIM2CH1_CAPTURE_VAL                      0x20000024   Data           2  ultrasonic.o(.data)
    TIM2CH2_CAPTURE_STA                      0x20000026   Data           2  ultrasonic.o(.data)
    TIM2CH2_CAPTURE_VAL                      0x20000028   Data           2  ultrasonic.o(.data)
    TIM2CH3_CAPTURE_STA                      0x2000002a   Data           2  ultrasonic.o(.data)
    TIM2CH3_CAPTURE_VAL                      0x2000002c   Data           2  ultrasonic.o(.data)
    TIM2CH4_CAPTURE_STA                      0x2000002e   Data           2  ultrasonic.o(.data)
    TIM2CH4_CAPTURE_VAL                      0x20000030   Data           2  ultrasonic.o(.data)
    Distance5                                0x20000032   Data           2  ultrasonic.o(.data)
    Distance6                                0x20000034   Data           2  ultrasonic.o(.data)
    Distance7                                0x20000036   Data           2  ultrasonic.o(.data)
    Distance8                                0x20000038   Data           2  ultrasonic.o(.data)
    TIM3CH1_CAPTURE_STA                      0x2000003a   Data           2  ultrasonic.o(.data)
    TIM3CH1_CAPTURE_VAL                      0x2000003c   Data           2  ultrasonic.o(.data)
    TIM3CH2_CAPTURE_STA                      0x2000003e   Data           2  ultrasonic.o(.data)
    TIM3CH2_CAPTURE_VAL                      0x20000040   Data           2  ultrasonic.o(.data)
    TIM3CH3_CAPTURE_STA                      0x20000042   Data           2  ultrasonic.o(.data)
    TIM3CH3_CAPTURE_VAL                      0x20000044   Data           2  ultrasonic.o(.data)
    TIM3CH4_CAPTURE_STA                      0x20000046   Data           2  ultrasonic.o(.data)
    TIM3CH4_CAPTURE_VAL                      0x20000048   Data           2  ultrasonic.o(.data)
    htim2                                    0x2000004c   Data          60  tim.o(.bss)
    htim3                                    0x20000088   Data          60  tim.o(.bss)
    htim6                                    0x200000c4   Data          60  tim.o(.bss)
    huart1                                   0x20000100   Data          64  usart.o(.bss)
    huart3                                   0x20000140   Data          64  usart.o(.bss)
    hdma_usart1_rx                           0x20000180   Data          56  usart.o(.bss)
    hdma_usart1_tx                           0x200001b8   Data          56  usart.o(.bss)
    hdma_usart3_rx                           0x200001f0   Data          56  usart.o(.bss)
    hdma_usart3_tx                           0x20000228   Data          56  usart.o(.bss)
    hcan                                     0x20000260   Data          64  can.o(.bss)
    Ultrasonic_Message                       0x200002a0   Data          20  user.o(.bss)
    RFID_RC522_Message                       0x200002b4   Data          12  user.o(.bss)
    __initial_sp                             0x200006c0   Data           0  startup_stm32f103xe.o(STACK)



==============================================================================

Memory Map of the image

  Image Entry point : 0x08000131

  Load Region LR_IROM1 (Base: 0x08000000, Size: 0x00003738, Max: 0x00040000, ABSOLUTE)

    Execution Region ER_IROM1 (Exec base: 0x08000000, Load base: 0x08000000, Size: 0x000036ec, Max: 0x00040000, ABSOLUTE)

    Exec Addr    Load Addr    Size         Type   Attr      Idx    E Section Name        Object

    0x08000000   0x08000000   0x00000130   Data   RO         2721    RESET               startup_stm32f103xe.o
    0x08000130   0x08000130   0x00000000   Code   RO         2977  * .ARM.Collect$$$$00000000  mc_w.l(entry.o)
    0x08000130   0x08000130   0x00000004   Code   RO         3243    .ARM.Collect$$$$00000001  mc_w.l(entry2.o)
    0x08000134   0x08000134   0x00000004   Code   RO         3246    .ARM.Collect$$$$00000004  mc_w.l(entry5.o)
    0x08000138   0x08000138   0x00000000   Code   RO         3248    .ARM.Collect$$$$00000008  mc_w.l(entry7b.o)
    0x08000138   0x08000138   0x00000000   Code   RO         3250    .ARM.Collect$$$$0000000A  mc_w.l(entry8b.o)
    0x08000138   0x08000138   0x00000008   Code   RO         3251    .ARM.Collect$$$$0000000B  mc_w.l(entry9a.o)
    0x08000140   0x08000140   0x00000000   Code   RO         3253    .ARM.Collect$$$$0000000D  mc_w.l(entry10a.o)
    0x08000140   0x08000140   0x00000000   Code   RO         3255    .ARM.Collect$$$$0000000F  mc_w.l(entry11a.o)
    0x08000140   0x08000140   0x00000004   Code   RO         3244    .ARM.Collect$$$$00002712  mc_w.l(entry2.o)
    0x08000144   0x08000144   0x00000024   Code   RO         2722    .text               startup_stm32f103xe.o
    0x08000168   0x08000168   0x00000020   Code   RO         2980    .text               mc_w.l(llushr.o)
    0x08000188   0x08000188   0x00000062   Code   RO         3259    .text               mc_w.l(uldiv.o)
    0x080001ea   0x080001ea   0x00000002   PAD
    0x080001ec   0x080001ec   0x00000024   Code   RO         3272    .text               mc_w.l(init.o)
    0x08000210   0x08000210   0x0000001e   Code   RO         3274    .text               mc_w.l(llshl.o)
    0x0800022e   0x0800022e   0x00000002   Code   RO         2208    i.BusFault_Handler  stm32f1xx_it.o
    0x08000230   0x08000230   0x00000018   Code   RO         2777    i.ClearBitMask      rfid_rc522.o
    0x08000248   0x08000248   0x0000000c   Code   RO         2209    i.DMA1_Channel2_IRQHandler  stm32f1xx_it.o
    0x08000254   0x08000254   0x0000000c   Code   RO         2210    i.DMA1_Channel3_IRQHandler  stm32f1xx_it.o
    0x08000260   0x08000260   0x0000000c   Code   RO         2211    i.DMA1_Channel4_IRQHandler  stm32f1xx_it.o
    0x0800026c   0x0800026c   0x0000000c   Code   RO         2212    i.DMA1_Channel5_IRQHandler  stm32f1xx_it.o
    0x08000278   0x08000278   0x0000001e   Code   RO         1857    i.DMA_SetConfig     stm32f1xx_hal_dma.o
    0x08000296   0x08000296   0x00000002   Code   RO         2213    i.DebugMon_Handler  stm32f1xx_it.o
    0x08000298   0x08000298   0x00000112   Code   RO         1511    i.HAL_CAN_Init      stm32f1xx_hal_can.o
    0x080003aa   0x080003aa   0x00000002   PAD
    0x080003ac   0x080003ac   0x0000006c   Code   RO         2657    i.HAL_CAN_MspInit   can.o
    0x08000418   0x08000418   0x000004b8   Code   RO         1862    i.HAL_DMA_IRQHandler  stm32f1xx_hal_dma.o
    0x080008d0   0x080008d0   0x00000050   Code   RO         1863    i.HAL_DMA_Init      stm32f1xx_hal_dma.o
    0x08000920   0x08000920   0x00000058   Code   RO         1866    i.HAL_DMA_Start_IT  stm32f1xx_hal_dma.o
    0x08000978   0x08000978   0x00000016   Code   RO         1377    i.HAL_Delay         stm32f1xx_hal.o
    0x0800098e   0x0800098e   0x00000002   PAD
    0x08000990   0x08000990   0x000001e8   Code   RO          731    i.HAL_GPIO_Init     stm32f1xx_hal_gpio.o
    0x08000b78   0x08000b78   0x0000000a   Code   RO          733    i.HAL_GPIO_ReadPin  stm32f1xx_hal_gpio.o
    0x08000b82   0x08000b82   0x00000008   Code   RO          734    i.HAL_GPIO_TogglePin  stm32f1xx_hal_gpio.o
    0x08000b8a   0x08000b8a   0x0000000a   Code   RO          735    i.HAL_GPIO_WritePin  stm32f1xx_hal_gpio.o
    0x08000b94   0x08000b94   0x0000000c   Code   RO         1381    i.HAL_GetTick       stm32f1xx_hal.o
    0x08000ba0   0x08000ba0   0x00000010   Code   RO         1382    i.HAL_IncTick       stm32f1xx_hal.o
    0x08000bb0   0x08000bb0   0x00000024   Code   RO         1383    i.HAL_Init          stm32f1xx_hal.o
    0x08000bd4   0x08000bd4   0x00000022   Code   RO         1384    i.HAL_InitTick      stm32f1xx_hal.o
    0x08000bf6   0x08000bf6   0x00000002   PAD
    0x08000bf8   0x08000bf8   0x0000006c   Code   RO         2632    i.HAL_MspInit       stm32f1xx_hal_msp.o
    0x08000c64   0x08000c64   0x00000016   Code   RO         1134    i.HAL_NVIC_EnableIRQ  stm32f1xx_hal_cortex.o
    0x08000c7a   0x08000c7a   0x00000002   PAD
    0x08000c7c   0x08000c7c   0x00000040   Code   RO         1140    i.HAL_NVIC_SetPriority  stm32f1xx_hal_cortex.o
    0x08000cbc   0x08000cbc   0x00000024   Code   RO         1141    i.HAL_NVIC_SetPriorityGrouping  stm32f1xx_hal_cortex.o
    0x08000ce0   0x08000ce0   0x00000288   Code   RO         1028    i.HAL_RCC_ClockConfig  stm32f1xx_hal_rcc.o
    0x08000f68   0x08000f68   0x00000034   Code   RO         1033    i.HAL_RCC_GetHCLKFreq  stm32f1xx_hal_rcc.o
    0x08000f9c   0x08000f9c   0x0000002c   Code   RO         1035    i.HAL_RCC_GetPCLK1Freq  stm32f1xx_hal_rcc.o
    0x08000fc8   0x08000fc8   0x0000002c   Code   RO         1036    i.HAL_RCC_GetPCLK2Freq  stm32f1xx_hal_rcc.o
    0x08000ff4   0x08000ff4   0x00000088   Code   RO         1037    i.HAL_RCC_GetSysClockFreq  stm32f1xx_hal_rcc.o
    0x0800107c   0x0800107c   0x00000632   Code   RO         1040    i.HAL_RCC_OscConfig  stm32f1xx_hal_rcc.o
    0x080016ae   0x080016ae   0x00000018   Code   RO         1143    i.HAL_SYSTICK_CLKSourceConfig  stm32f1xx_hal_cortex.o
    0x080016c6   0x080016c6   0x00000002   Code   RO         1144    i.HAL_SYSTICK_Callback  stm32f1xx_hal_cortex.o
    0x080016c8   0x080016c8   0x00000028   Code   RO         1145    i.HAL_SYSTICK_Config  stm32f1xx_hal_cortex.o
    0x080016f0   0x080016f0   0x00000008   Code   RO         1146    i.HAL_SYSTICK_IRQHandler  stm32f1xx_hal_cortex.o
    0x080016f8   0x080016f8   0x00000002   Code   RO          794    i.HAL_TIMEx_BreakCallback  stm32f1xx_hal_tim_ex.o
    0x080016fa   0x080016fa   0x00000002   Code   RO          795    i.HAL_TIMEx_CommutationCallback  stm32f1xx_hal_tim_ex.o
    0x080016fc   0x080016fc   0x00000050   Code   RO          811    i.HAL_TIMEx_MasterConfigSynchronization  stm32f1xx_hal_tim_ex.o
    0x0800174c   0x0800174c   0x00000036   Code   RO            6    i.HAL_TIM_Base_Init  stm32f1xx_hal_tim.o
    0x08001782   0x08001782   0x00000002   PAD
    0x08001784   0x08001784   0x0000003c   Code   RO         2499    i.HAL_TIM_Base_MspInit  tim.o
    0x080017c0   0x080017c0   0x000003b8   Code   RO         2940    i.HAL_TIM_IC_CaptureCallback  ultrasonic.o
    0x08001b78   0x08001b78   0x0000011e   Code   RO           36    i.HAL_TIM_IC_ConfigChannel  stm32f1xx_hal_tim.o
    0x08001c96   0x08001c96   0x00000036   Code   RO           39    i.HAL_TIM_IC_Init   stm32f1xx_hal_tim.o
    0x08001ccc   0x08001ccc   0x0000009c   Code   RO         2501    i.HAL_TIM_IC_MspInit  tim.o
    0x08001d68   0x08001d68   0x0000004c   Code   RO           44    i.HAL_TIM_IC_Start_IT  stm32f1xx_hal_tim.o
    0x08001db4   0x08001db4   0x0000005e   Code   RO           47    i.HAL_TIM_IC_Stop_IT  stm32f1xx_hal_tim.o
    0x08001e12   0x08001e12   0x00000166   Code   RO           48    i.HAL_TIM_IRQHandler  stm32f1xx_hal_tim.o
    0x08001f78   0x08001f78   0x00000002   Code   RO           51    i.HAL_TIM_OC_DelayElapsedCallback  stm32f1xx_hal_tim.o
    0x08001f7a   0x08001f7a   0x00000002   Code   RO           78    i.HAL_TIM_PWM_PulseFinishedCallback  stm32f1xx_hal_tim.o
    0x08001f7c   0x08001f7c   0x00000190   Code   RO         2941    i.HAL_TIM_PeriodElapsedCallback  ultrasonic.o
    0x0800210c   0x0800210c   0x00000044   Code   RO           86    i.HAL_TIM_ReadCapturedValue  stm32f1xx_hal_tim.o
    0x08002150   0x08002150   0x00000002   Code   RO           89    i.HAL_TIM_TriggerCallback  stm32f1xx_hal_tim.o
    0x08002152   0x08002152   0x00000002   Code   RO         1946    i.HAL_UART_ErrorCallback  stm32f1xx_hal_uart.o
    0x08002154   0x08002154   0x000000da   Code   RO         1949    i.HAL_UART_IRQHandler  stm32f1xx_hal_uart.o
    0x0800222e   0x0800222e   0x0000005e   Code   RO         1950    i.HAL_UART_Init     stm32f1xx_hal_uart.o
    0x0800228c   0x0800228c   0x00000160   Code   RO         2565    i.HAL_UART_MspInit  usart.o
    0x080023ec   0x080023ec   0x00000002   Code   RO         1956    i.HAL_UART_RxCpltCallback  stm32f1xx_hal_uart.o
    0x080023ee   0x080023ee   0x00000002   PAD
    0x080023f0   0x080023f0   0x00000090   Code   RO         1959    i.HAL_UART_Transmit_DMA  stm32f1xx_hal_uart.o
    0x08002480   0x08002480   0x00000002   Code   RO         1961    i.HAL_UART_TxCpltCallback  stm32f1xx_hal_uart.o
    0x08002482   0x08002482   0x00000002   Code   RO         1962    i.HAL_UART_TxHalfCpltCallback  stm32f1xx_hal_uart.o
    0x08002484   0x08002484   0x00000002   Code   RO         2214    i.HardFault_Handler  stm32f1xx_it.o
    0x08002486   0x08002486   0x00000056   Code   RO         2780    i.M500PcdConfigISOType  rfid_rc522.o
    0x080024dc   0x080024dc   0x00000034   Code   RO         2658    i.MX_CAN_Init       can.o
    0x08002510   0x08002510   0x0000005c   Code   RO         2698    i.MX_DMA_Init       dma.o
    0x0800256c   0x0800256c   0x000000e0   Code   RO         2326    i.MX_GPIO_Init      gpio.o
    0x0800264c   0x0800264c   0x00000068   Code   RO         2502    i.MX_TIM2_Init      tim.o
    0x080026b4   0x080026b4   0x00000068   Code   RO         2503    i.MX_TIM3_Init      tim.o
    0x0800271c   0x0800271c   0x00000030   Code   RO         2504    i.MX_TIM6_Init      tim.o
    0x0800274c   0x0800274c   0x00000028   Code   RO         2566    i.MX_USART1_UART_Init  usart.o
    0x08002774   0x08002774   0x00000028   Code   RO         2567    i.MX_USART3_UART_Init  usart.o
    0x0800279c   0x0800279c   0x00000002   Code   RO         2215    i.MemManage_Handler  stm32f1xx_it.o
    0x0800279e   0x0800279e   0x00000002   Code   RO         2216    i.NMI_Handler       stm32f1xx_it.o
    0x080027a0   0x080027a0   0x00000020   Code   RO         1147    i.NVIC_SetPriority  stm32f1xx_hal_cortex.o
    0x080027c0   0x080027c0   0x0000001a   Code   RO         2782    i.PcdAntennaOn      rfid_rc522.o
    0x080027da   0x080027da   0x0000006c   Code   RO         2783    i.PcdAnticoll       rfid_rc522.o
    0x08002846   0x08002846   0x00000116   Code   RO         2785    i.PcdComMF522       rfid_rc522.o
    0x0800295c   0x0800295c   0x00000052   Code   RO         2788    i.PcdRequest        rfid_rc522.o
    0x080029ae   0x080029ae   0x00000002   PAD
    0x080029b0   0x080029b0   0x00000084   Code   RO         2789    i.PcdReset          rfid_rc522.o
    0x08002a34   0x08002a34   0x00000024   Code   RO         2792    i.RC522_Init        rfid_rc522.o
    0x08002a58   0x08002a58   0x00000044   Code   RO         2729    i.RFID_RC522_Transmit  user.o
    0x08002a9c   0x08002a9c   0x00000038   Code   RO         2793    i.ReadRawRC         rfid_rc522.o
    0x08002ad4   0x08002ad4   0x00000050   Code   RO         2794    i.SPI_RC522_ReadByte  rfid_rc522.o
    0x08002b24   0x08002b24   0x00000054   Code   RO         2795    i.SPI_RC522_SendByte  rfid_rc522.o
    0x08002b78   0x08002b78   0x00000018   Code   RO         2796    i.SetBitMask        rfid_rc522.o
    0x08002b90   0x08002b90   0x0000000e   Code   RO         2217    i.SysTick_Handler   stm32f1xx_it.o
    0x08002b9e   0x08002b9e   0x0000005c   Code   RO         2353    i.SystemClock_Config  main.o
    0x08002bfa   0x08002bfa   0x00000002   PAD
    0x08002bfc   0x08002bfc   0x00000048   Code   RO         2172    i.SystemInit        system_stm32f1xx.o
    0x08002c44   0x08002c44   0x0000000c   Code   RO         2218    i.TIM2_IRQHandler   stm32f1xx_it.o
    0x08002c50   0x08002c50   0x0000000c   Code   RO         2219    i.TIM3_IRQHandler   stm32f1xx_it.o
    0x08002c5c   0x08002c5c   0x0000000c   Code   RO         2220    i.TIM6_IRQHandler   stm32f1xx_it.o
    0x08002c68   0x08002c68   0x00000084   Code   RO           90    i.TIM_Base_SetConfig  stm32f1xx_hal_tim.o
    0x08002cec   0x08002cec   0x00000016   Code   RO           91    i.TIM_CCxChannelCmd  stm32f1xx_hal_tim.o
    0x08002d02   0x08002d02   0x00000002   PAD
    0x08002d04   0x08002d04   0x0000006c   Code   RO          105    i.TIM_TI1_SetConfig  stm32f1xx_hal_tim.o
    0x08002d70   0x08002d70   0x00000036   Code   RO          107    i.TIM_TI2_SetConfig  stm32f1xx_hal_tim.o
    0x08002da6   0x08002da6   0x0000001e   Code   RO         1963    i.UART_DMAError     stm32f1xx_hal_uart.o
    0x08002dc4   0x08002dc4   0x0000002e   Code   RO         1966    i.UART_DMATransmitCplt  stm32f1xx_hal_uart.o
    0x08002df2   0x08002df2   0x0000000a   Code   RO         1967    i.UART_DMATxHalfCplt  stm32f1xx_hal_uart.o
    0x08002dfc   0x08002dfc   0x000000a8   Code   RO         1968    i.UART_Receive_IT   stm32f1xx_hal_uart.o
    0x08002ea4   0x08002ea4   0x000000e0   Code   RO         1969    i.UART_SetConfig    stm32f1xx_hal_uart.o
    0x08002f84   0x08002f84   0x00000066   Code   RO         1970    i.UART_Transmit_IT  stm32f1xx_hal_uart.o
    0x08002fea   0x08002fea   0x00000002   PAD
    0x08002fec   0x08002fec   0x0000000c   Code   RO         2221    i.USART1_IRQHandler  stm32f1xx_it.o
    0x08002ff8   0x08002ff8   0x0000000c   Code   RO         2222    i.USART3_IRQHandler  stm32f1xx_it.o
    0x08003004   0x08003004   0x00000070   Code   RO         2730    i.Ultrasonic_Transmit  user.o
    0x08003074   0x08003074   0x00000002   Code   RO         2223    i.UsageFault_Handler  stm32f1xx_it.o
    0x08003076   0x08003076   0x00000002   PAD
    0x08003078   0x08003078   0x00000034   Code   RO         2797    i.WriteRawRC        rfid_rc522.o
    0x080030ac   0x080030ac   0x00000020   Code   RO         3189    i.__0printf$8       mc_w.l(printf8.o)
    0x080030cc   0x080030cc   0x00000028   Code   RO         3191    i.__0sprintf$8      mc_w.l(printf8.o)
    0x080030f4   0x080030f4   0x0000000e   Code   RO         3282    i.__scatterload_copy  mc_w.l(handlers.o)
    0x08003102   0x08003102   0x00000002   Code   RO         3283    i.__scatterload_null  mc_w.l(handlers.o)
    0x08003104   0x08003104   0x0000000e   Code   RO         3284    i.__scatterload_zeroinit  mc_w.l(handlers.o)
    0x08003112   0x08003112   0x00000002   PAD
    0x08003114   0x08003114   0x00000410   Code   RO         3196    i._printf_core      mc_w.l(printf8.o)
    0x08003524   0x08003524   0x00000024   Code   RO         3197    i._printf_post_padding  mc_w.l(printf8.o)
    0x08003548   0x08003548   0x0000002e   Code   RO         3198    i._printf_pre_padding  mc_w.l(printf8.o)
    0x08003576   0x08003576   0x0000000a   Code   RO         3200    i._sputc            mc_w.l(printf8.o)
    0x08003580   0x08003580   0x00000014   Code   RO         2798    i.delay_init        rfid_rc522.o
    0x08003594   0x08003594   0x00000034   Code   RO         2799    i.delay_us          rfid_rc522.o
    0x080035c8   0x080035c8   0x00000018   Code   RO         2569    i.fputc             usart.o
    0x080035e0   0x080035e0   0x000000dc   Code   RO         2354    i.main              main.o
    0x080036bc   0x080036bc   0x00000010   Data   RO         1041    .constdata          stm32f1xx_hal_rcc.o
    0x080036cc   0x080036cc   0x00000020   Data   RO         3280    Region$$Table       anon$$obj.o


    Execution Region RW_IRAM1 (Exec base: 0x20000000, Load base: 0x080036ec, Size: 0x000006c0, Max: 0x0000c000, ABSOLUTE)

    Exec Addr    Load Addr    Size         Type   Attr      Idx    E Section Name        Object

    0x20000000   0x080036ec   0x00000004   Data   RW         1389    .data               stm32f1xx_hal.o
    0x20000004   0x080036f0   0x00000004   Data   RW         2174    .data               system_stm32f1xx.o
    0x20000008   0x080036f4   0x00000001   Data   RW         2355    .data               main.o
    0x20000009   0x080036f5   0x00000003   PAD
    0x2000000c   0x080036f8   0x00000004   Data   RW         2571    .data               usart.o
    0x20000010   0x080036fc   0x00000008   Data   RW         2800    .data               rfid_rc522.o
    0x20000018   0x08003704   0x00000032   Data   RW         2942    .data               ultrasonic.o
    0x2000004a   0x08003736   0x00000002   PAD
    0x2000004c        -       0x000000b4   Zero   RW         2505    .bss                tim.o
    0x20000100        -       0x00000160   Zero   RW         2570    .bss                usart.o
    0x20000260        -       0x00000040   Zero   RW         2659    .bss                can.o
    0x200002a0        -       0x00000020   Zero   RW         2731    .bss                user.o
    0x200002c0        -       0x00000400   Zero   RW         2719    STACK               startup_stm32f103xe.o


==============================================================================

Image component sizes


      Code (inc. data)   RO Data    RW Data    ZI Data      Debug   Object Name

       160         26          0          0         64       1499   can.o
        92          4          0          0          0        750   dma.o
       224         16          0          0          0        963   gpio.o
       312         46          0          1          0      41592   main.o
      1140         42          0          8          0      10454   rfid_rc522.o
        36          8        304          0       1024        764   startup_stm32f103xe.o
       120         16          0          4          0       3566   stm32f1xx_hal.o
       274          0          0          0          0       1707   stm32f1xx_hal_can.o
       228         14          0          0          0      27349   stm32f1xx_hal_cortex.o
      1406         20          0          0          0       3715   stm32f1xx_hal_dma.o
       516         42          0          0          0       4240   stm32f1xx_hal_gpio.o
       108         10          0          0          0        826   stm32f1xx_hal_msp.o
      2510         86         16          0          0       6136   stm32f1xx_hal_rcc.o
      1312         40          0          0          0     306042   stm32f1xx_hal_tim.o
        84          0          0          0          0       2310   stm32f1xx_hal_tim_ex.o
      1044         18          0          0          0       8821   stm32f1xx_hal_uart.o
       134         54          0          0          0       6801   stm32f1xx_it.o
        72         16          0          4          0       1317   system_stm32f1xx.o
       472         54          0          0        180       3341   tim.o
      1352         36          0         50          0       3631   ultrasonic.o
       456         56          0          4        352       4099   usart.o
       180         18          0          0         32       1984   user.o

    ----------------------------------------------------------------------
     12254        622        352         76       1652     441907   Object Totals
         0          0         32          0          0          0   (incl. Generated)
        22          0          0          5          0          0   (incl. Padding)

    ----------------------------------------------------------------------

      Code (inc. data)   RO Data    RW Data    ZI Data      Debug   Library Member Name

         0          0          0          0          0          0   entry.o
         0          0          0          0          0          0   entry10a.o
         0          0          0          0          0          0   entry11a.o
         8          4          0          0          0          0   entry2.o
         4          0          0          0          0          0   entry5.o
         0          0          0          0          0          0   entry7b.o
         0          0          0          0          0          0   entry8b.o
         8          4          0          0          0          0   entry9a.o
        30          0          0          0          0          0   handlers.o
        36          8          0          0          0         68   init.o
        30          0          0          0          0         68   llshl.o
        32          0          0          0          0         68   llushr.o
      1204         60          0          0          0        504   printf8.o
        98          0          0          0          0         92   uldiv.o

    ----------------------------------------------------------------------
      1454         76          0          0          0        800   Library Totals
         4          0          0          0          0          0   (incl. Padding)

    ----------------------------------------------------------------------

      Code (inc. data)   RO Data    RW Data    ZI Data      Debug   Library Name

      1450         76          0          0          0        800   mc_w.l

    ----------------------------------------------------------------------
      1454         76          0          0          0        800   Library Totals

    ----------------------------------------------------------------------

==============================================================================


      Code (inc. data)   RO Data    RW Data    ZI Data      Debug   

     13708        698        352         76       1652     436931   Grand Totals
     13708        698        352         76       1652     436931   ELF Image Totals
     13708        698        352         76          0          0   ROM Totals

==============================================================================

    Total RO  Size (Code + RO Data)                14060 (  13.73kB)
    Total RW  Size (RW Data + ZI Data)              1728 (   1.69kB)
    Total ROM Size (Code + RO Data + RW Data)      14136 (  13.80kB)

==============================================================================

