Component: ARM Compiler 5.06 update 6 (build 750) Tool: armlink [4d35ed]

==============================================================================

Section Cross References

    main.o(i.main) refers to tasks.o(i.xTaskCreate) for xTaskCreate
    main.o(i.main) refers to tasks.o(i.vTaskStartScheduler) for vTaskStartScheduler
    main.o(i.main) refers to task_init.o(.data) for StartTaskHandler
    main.o(i.main) refers to task_init.o(i.vTaskStart) for vTaskStart
    stm32f4xx_it.o(i.CAN1_RX0_IRQHandler) refers to stm32f4xx_can.o(i.CAN_GetITStatus) for CAN_GetITStatus
    stm32f4xx_it.o(i.CAN1_RX0_IRQHandler) refers to stm32f4xx_can.o(i.CAN_Receive) for CAN_Receive
    stm32f4xx_it.o(i.CAN1_RX0_IRQHandler) refers to queue.o(i.xQueueGenericSendFromISR) for xQueueGenericSendFromISR
    stm32f4xx_it.o(i.CAN1_RX0_IRQHandler) refers to stm32f4xx_can.o(i.CAN_ClearITPendingBit) for CAN_ClearITPendingBit
    stm32f4xx_it.o(i.CAN1_RX0_IRQHandler) refers to task_can.o(.data) for xCan1RxQueue
    stm32f4xx_it.o(i.CAN2_RX0_IRQHandler) refers to stm32f4xx_can.o(i.CAN_GetITStatus) for CAN_GetITStatus
    stm32f4xx_it.o(i.CAN2_RX0_IRQHandler) refers to stm32f4xx_can.o(i.CAN_Receive) for CAN_Receive
    stm32f4xx_it.o(i.CAN2_RX0_IRQHandler) refers to queue.o(i.xQueueGenericSendFromISR) for xQueueGenericSendFromISR
    stm32f4xx_it.o(i.CAN2_RX0_IRQHandler) refers to stm32f4xx_can.o(i.CAN_ClearITPendingBit) for CAN_ClearITPendingBit
    stm32f4xx_it.o(i.CAN2_RX0_IRQHandler) refers to task_can.o(.data) for xCan2RxQueue
    stm32f4xx_it.o(i.TIM6_DAC_IRQHandler) refers to stm32f4xx_tim.o(i.TIM_GetITStatus) for TIM_GetITStatus
    stm32f4xx_it.o(i.TIM6_DAC_IRQHandler) refers to stm32f4xx_tim.o(i.TIM_ClearITPendingBit) for TIM_ClearITPendingBit
    stm32f4xx_it.o(i.TIM6_DAC_IRQHandler) refers to task_init.o(.data) for ulHighFrequencyTimerTicks
    stm32f4xx_it.o(i.UART7_IRQHandler) refers to stm32f4xx_usart.o(i.USART_GetITStatus) for USART_GetITStatus
    stm32f4xx_it.o(i.UART7_IRQHandler) refers to stm32f4xx_dma.o(i.DMA_Cmd) for DMA_Cmd
    stm32f4xx_it.o(i.UART7_IRQHandler) refers to queue.o(i.xQueueGenericSendFromISR) for xQueueGenericSendFromISR
    stm32f4xx_it.o(i.UART7_IRQHandler) refers to camera.o(.bss) for Camera
    stm32f4xx_it.o(i.UART7_IRQHandler) refers to task_usart.o(.data) for xUart7RxQueue
    stm32f4xx_it.o(i.USART1_IRQHandler) refers to stm32f4xx_usart.o(i.USART_GetITStatus) for USART_GetITStatus
    stm32f4xx_it.o(i.USART1_IRQHandler) refers to stm32f4xx_dma.o(i.DMA_Cmd) for DMA_Cmd
    stm32f4xx_it.o(i.USART1_IRQHandler) refers to stm32f4xx_dma.o(i.DMA_GetCurrDataCounter) for DMA_GetCurrDataCounter
    stm32f4xx_it.o(i.USART1_IRQHandler) refers to queue.o(i.xQueueGenericSendFromISR) for xQueueGenericSendFromISR
    stm32f4xx_it.o(i.USART1_IRQHandler) refers to dr16.o(.bss) for DR16
    stm32f4xx_it.o(i.USART1_IRQHandler) refers to task_usart.o(.data) for xUsart1RxQueue
    stm32f4xx_it.o(i.USART2_IRQHandler) refers to stm32f4xx_usart.o(i.USART_GetITStatus) for USART_GetITStatus
    stm32f4xx_it.o(i.USART2_IRQHandler) refers to stm32f4xx_dma.o(i.DMA_Cmd) for DMA_Cmd
    stm32f4xx_it.o(i.USART2_IRQHandler) refers to queue.o(i.xQueueGenericSendFromISR) for xQueueGenericSendFromISR
    stm32f4xx_it.o(i.USART2_IRQHandler) refers to usarthmi.o(.bss) for UsartHmi
    stm32f4xx_it.o(i.USART2_IRQHandler) refers to task_usart.o(.data) for xUsart2RxQueue
    stm32f4xx_it.o(i.USART3_IRQHandler) refers to stm32f4xx_usart.o(i.USART_GetITStatus) for USART_GetITStatus
    stm32f4xx_it.o(i.USART3_IRQHandler) refers to stm32f4xx_dma.o(i.DMA_Cmd) for DMA_Cmd
    stm32f4xx_it.o(i.USART3_IRQHandler) refers to queue.o(i.xQueueGenericSendFromISR) for xQueueGenericSendFromISR
    stm32f4xx_it.o(i.USART3_IRQHandler) refers to im1253b.o(.bss) for IM1253B
    stm32f4xx_it.o(i.USART3_IRQHandler) refers to task_usart.o(.data) for xUsart3RxQueue
    stm32f4xx_it.o(i.USART6_IRQHandler) refers to stm32f4xx_usart.o(i.USART_GetITStatus) for USART_GetITStatus
    stm32f4xx_it.o(i.USART6_IRQHandler) refers to stm32f4xx_dma.o(i.DMA_Cmd) for DMA_Cmd
    stm32f4xx_it.o(i.USART6_IRQHandler) refers to queue.o(i.xQueueGenericSendFromISR) for xQueueGenericSendFromISR
    stm32f4xx_it.o(i.USART6_IRQHandler) refers to servo.o(.bss) for DigitalServo
    stm32f4xx_it.o(i.USART6_IRQHandler) refers to task_usart.o(.data) for xUsart6RxQueue
    task_init.o(i.vTaskLED) refers to tasks.o(i.vTaskDelay) for vTaskDelay
    task_init.o(i.vTaskStart) refers to port.o(i.vPortEnterCritical) for vPortEnterCritical
    task_init.o(i.vTaskStart) refers to bsp_usart.o(i.BSP_USART1_Init) for BSP_USART1_Init
    task_init.o(i.vTaskStart) refers to bsp_usart.o(i.BSP_USART2_Init) for BSP_USART2_Init
    task_init.o(i.vTaskStart) refers to bsp_usart.o(i.BSP_USART3_Init) for BSP_USART3_Init
    task_init.o(i.vTaskStart) refers to bsp_usart.o(i.BSP_USART6_Init) for BSP_USART6_Init
    task_init.o(i.vTaskStart) refers to bsp_usart.o(i.BSP_UART7_Init) for BSP_UART7_Init
[...]
    i.vTaskUsart2Receive                     0x08005af4   Section        0  task_usart.o(i.vTaskUsart2Receive)
    vTaskUsart2Receive                       0x08005af5   Thumb Code    26  task_usart.o(i.vTaskUsart2Receive)
    i.vTaskUsart3Receive                     0x08005b14   Section        0  task_usart.o(i.vTaskUsart3Receive)
    vTaskUsart3Receive                       0x08005b15   Thumb Code    28  task_usart.o(i.vTaskUsart3Receive)
    i.vTaskUsart6Receive                     0x08005b34   Section        0  task_usart.o(i.vTaskUsart6Receive)
    vTaskUsart6Receive                       0x08005b35   Thumb Code    26  task_usart.o(i.vTaskUsart6Receive)
    i.vTaskUsartSend                         0x08005b54   Section        0  task_usart.o(i.vTaskUsartSend)
    vTaskUsartSend                           0x08005b55   Thumb Code   250  task_usart.o(i.vTaskUsartSend)
    i.xPortStartScheduler                    0x08005c70   Section        0  port.o(i.xPortStartScheduler)
    i.xQueueGenericCreate                    0x08005d64   Section        0  queue.o(i.xQueueGenericCreate)
    i.xQueueGenericReset                     0x08005db8   Section        0  queue.o(i.xQueueGenericReset)
    i.xQueueGenericSend                      0x08005e40   Section        0  queue.o(i.xQueueGenericSend)
    i.xQueueGenericSendFromISR               0x08005fa0   Section        0  queue.o(i.xQueueGenericSendFromISR)
    i.xQueueReceive                          0x0800605c   Section        0  queue.o(i.xQueueReceive)
    i.xTaskCheckForTimeOut                   0x08006194   Section        0  tasks.o(i.xTaskCheckForTimeOut)
    i.xTaskCreate                            0x08006208   Section        0  tasks.o(i.xTaskCreate)
    i.xTaskGetSchedulerState                 0x08006260   Section        0  tasks.o(i.xTaskGetSchedulerState)
    i.xTaskGetTickCount                      0x0800627c   Section        0  tasks.o(i.xTaskGetTickCount)
    i.xTaskIncrementTick                     0x08006288   Section        0  tasks.o(i.xTaskIncrementTick)
    i.xTaskPriorityDisinherit                0x08006350   Section        0  tasks.o(i.xTaskPriorityDisinherit)
    i.xTaskRemoveFromEventList               0x080063e8   Section        0  tasks.o(i.xTaskRemoveFromEventList)
    i.xTaskResumeAll                         0x0800645c   Section        0  tasks.o(i.xTaskResumeAll)
    i.xTimerCreateTimerTask                  0x08006520   Section        0  timers.o(i.xTimerCreateTimerTask)
    i.xTimerGenericCommand                   0x0800656c   Section        0  timers.o(i.xTimerGenericCommand)
    .constdata                               0x080065d0   Section       48  cos_i.o(.constdata)
    C                                        0x080065d0   Data          48  cos_i.o(.constdata)
    .constdata                               0x08006600   Section      200  rred.o(.constdata)
    pio2s                                    0x08006600   Data          48  rred.o(.constdata)
    twooverpi                                0x08006630   Data         152  rred.o(.constdata)
    .constdata                               0x080066c8   Section       40  sin_i.o(.constdata)
    S                                        0x080066c8   Data          40  sin_i.o(.constdata)
    .data                                    0x20000000   Section       16  task_init.o(.data)
    flag                                     0x20000000   Data           1  task_init.o(.data)
    flag1                                    0x20000001   Data           1  task_init.o(.data)
    TaskLEDHandler                           0x20000008   Data           4  task_init.o(.data)
    TaskTestHandler                          0x2000000c   Data           4  task_init.o(.data)
    .data                                    0x20000010   Section        4  task_init.o(.data)
    .data                                    0x20000014   Section       12  task_ctrl.o(.data)
    xHandleCtrlChassis                       0x20000014   Data           4  task_ctrl.o(.data)
    xHandleCtrlGimbal                        0x20000018   Data           4  task_ctrl.o(.data)
    xHandleCtrlJoint                         0x2000001c   Data           4  task_ctrl.o(.data)
    .data                                    0x20000020   Section       48  task_usart.o(.data)
    xHandleUsart1Receive                     0x20000038   Data           4  task_usart.o(.data)
    xHandleUsart2Receive                     0x2000003c   Data           4  task_usart.o(.data)
    xHandleUsart3Receive                     0x20000040   Data           4  task_usart.o(.data)
    xHandleUsart6Receive                     0x20000044   Data           4  task_usart.o(.data)
    xHandleUart7Receive                      0x20000048   Data           4  task_usart.o(.data)
    xHandleUsartsend                         0x2000004c   Data           4  task_usart.o(.data)
    .data                                    0x20000050   Section       24  task_can.o(.data)
    xHandleCan1Receive                       0x2000005c   Data           4  task_can.o(.data)
    xHandleCan2Receive                       0x20000060   Data           4  task_can.o(.data)
    xHandleCanSend                           0x20000064   Data           4  task_can.o(.data)
    .data                                    0x20000068   Section       16  gimbal.o(.data)
    ShootFlag                                0x20000068   Data           1  gimbal.o(.data)
    runFlag                                  0x20000069   Data           1  gimbal.o(.data)
    sinTemp                                  0x20000074   Data           4  gimbal.o(.data)
    .data                                    0x20000078   Section        2  motor.o(.data)
    targetAngle                              0x20000078   Data           2  motor.o(.data)
    .data                                    0x2000007a   Section        6  camera.o(.data)
    i                                        0x2000007a   Data           1  camera.o(.data)
    lastX                                    0x2000007c   Data           2  camera.o(.data)
    lastY                                    0x2000007e   Data           2  camera.o(.data)
    .data                                    0x20000080   Section        3  usarthmi.o(.data)
    PrintBuff                                0x20000080   Data           3  usarthmi.o(.data)
    .data                                    0x20000083   Section        1  im1253b.o(.data)
    .data                                    0x20000084   Section        4  bsp_usart.o(.data)
    .data                                    0x20000088   Section       68  tasks.o(.data)
    uxDeletedTasksWaitingCleanUp             0x2000008c   Data           4  tasks.o(.data)
    uxCurrentNumberOfTasks                   0x20000090   Data           4  tasks.o(.data)
    xTickCount                               0x20000094   Data           4  tasks.o(.data)
    uxTopReadyPriority                       0x20000098   Data           4  tasks.o(.data)
    xSchedulerRunning                        0x2000009c   Data           4  tasks.o(.data)
    uxPendedTicks                            0x200000a0   Data           4  tasks.o(.data)
    xYieldPending                            0x200000a4   Data           4  tasks.o(.data)
    xNumOfOverflows                          0x200000a8   Data           4  tasks.o(.data)
    uxTaskNumber                             0x200000ac   Data           4  tasks.o(.data)
    xNextTaskUnblockTime                     0x200000b0   Data           4  tasks.o(.data)
    xIdleTaskHandle                          0x200000b4   Data           4  tasks.o(.data)
    uxSchedulerSuspended                     0x200000b8   Data           4  tasks.o(.data)
    ulTaskSwitchedInTime                     0x200000bc   Data           4  tasks.o(.data)
    ulTotalRunTime                           0x200000c0   Data           4  tasks.o(.data)
    pxDelayedTaskList                        0x200000c4   Data           4  tasks.o(.data)
    pxOverflowDelayedTaskList                0x200000c8   Data           4  tasks.o(.data)
    .data                                    0x200000cc   Section       20  timers.o(.data)
    xTimerQueue                              0x200000cc   Data           4  timers.o(.data)
    xTimerTaskHandle                         0x200000d0   Data           4  timers.o(.data)
    xLastTime                                0x200000d4   Data           4  timers.o(.data)
    pxCurrentTimerList                       0x200000d8   Data           4  timers.o(.data)
    pxOverflowTimerList                      0x200000dc   Data           4  timers.o(.data)
    .data                                    0x200000e0   Section       24  heap_4.o(.data)
    pxEnd                                    0x200000e0   Data           4  heap_4.o(.data)
    xFreeBytesRemaining                      0x200000e4   Data           4  heap_4.o(.data)
    xMinimumEverFreeBytesRemaining           0x200000e8   Data           4  heap_4.o(.data)
    xBlockAllocatedBit                       0x200000ec   Data           4  heap_4.o(.data)
    xStart                                   0x200000f0   Data           8  heap_4.o(.data)
    .data                                    0x200000f8   Section       12  port.o(.data)
    ucMaxSysCallPriority                     0x200000f8   Data           1  port.o(.data)
    uxCriticalNesting                        0x200000fc   Data           4  port.o(.data)
    ulMaxPRIGROUPValue                       0x20000100   Data           4  port.o(.data)
    .data                                    0x20000104   Section       16  stm32f4xx_rcc.o(.data)
    APBAHBPrescTable                         0x20000104   Data          16  stm32f4xx_rcc.o(.data)
    .data                                    0x20000114   Section       20  system_stm32f4xx.o(.data)
    .data                                    0x20000128   Section        4  mvars.o(.data)
    .data                                    0x2000012c   Section        4  mvars.o(.data)
    .data                                    0x20000130   Section        4  errno.o(.data)
    _errno                                   0x20000130   Data           4  errno.o(.data)
    .bss                                     0x20000134   Section      380  chassis.o(.bss)
    .bss                                     0x200002b0   Section      632  joint.o(.bss)
    .bss                                     0x20000528   Section       12  filter.o(.bss)
    .bss                                     0x20000534   Section       52  dr16.o(.bss)
    .bss                                     0x20000568   Section     2324  motor.o(.bss)
    canSendData                              0x20000568   Data          24  motor.o(.bss)
    canSendData                              0x20000580   Data          24  motor.o(.bss)
    canSendData                              0x20000598   Data          24  motor.o(.bss)
    .bss                                     0x20000e7c   Section      512  servo.o(.bss)
    .bss                                     0x2000107c   Section       92  gyro.o(.bss)
    .bss                                     0x200010d8   Section      264  robomodule.o(.bss)
    canSendData                              0x200010d8   Data          24  robomodule.o(.bss)
    canSendData                              0x200010f0   Data          24  robomodule.o(.bss)
    canSendData                              0x20001108   Data          24  robomodule.o(.bss)
    canSendData                              0x20001120   Data          24  robomodule.o(.bss)
    canSendData                              0x20001138   Data          24  robomodule.o(.bss)
    canSendData                              0x20001150   Data          24  robomodule.o(.bss)
    canSendData                              0x20001168   Data          24  robomodule.o(.bss)
    canSendData                              0x20001180   Data          24  robomodule.o(.bss)
    canSendData                              0x20001198   Data          24  robomodule.o(.bss)
    canSendData                              0x200011b0   Data          24  robomodule.o(.bss)
    canSendData                              0x200011c8   Data          24  robomodule.o(.bss)
    .bss                                     0x200011e0   Section       76  encoder.o(.bss)
    .bss                                     0x2000122c   Section      709  camera.o(.bss)
    .bss                                     0x200014f2   Section       28  ultrasonic.o(.bss)
    .bss                                     0x2000150e   Section       20  usarthmi.o(.bss)
    .bss                                     0x20001524   Section       56  im1253b.o(.bss)
    .bss                                     0x2000155c   Section       64  queue.o(.bss)
    .bss                                     0x2000159c   Section      200  tasks.o(.bss)
    pxReadyTasksLists                        0x2000159c   Data         100  tasks.o(.bss)
    xDelayedTaskList1                        0x20001600   Data          20  tasks.o(.bss)
    xDelayedTaskList2                        0x20001614   Data          20  tasks.o(.bss)
    xPendingReadyList                        0x20001628   Data          20  tasks.o(.bss)
    xTasksWaitingTermination                 0x2000163c   Data          20  tasks.o(.bss)
    xSuspendedTaskList                       0x20001650   Data          20  tasks.o(.bss)
    .bss                                     0x20001664   Section       40  timers.o(.bss)
    xActiveTimerList1                        0x20001664   Data          20  timers.o(.bss)
    xActiveTimerList2                        0x20001678   Data          20  timers.o(.bss)
    .bss                                     0x2000168c   Section    76800  heap_4.o(.bss)
    ucHeap                                   0x2000168c   Data       76800  heap_4.o(.bss)
    HEAP                                     0x20014290   Section      512  startup_stm32f427_437xx.o(HEAP)
    STACK                                    0x20014490   Section     1024  startup_stm32f427_437xx.o(STACK)

    Global Symbols

    Symbol Name                              Value     Ov Type        Size  Object(Section)

    BuildAttributes$$THM_ISAv4$E$P$D$K$B$S$7EM$VFPi3$EXTD16$VFPS$VFMA$PE$A:L22UL41UL21$X:L11$S22US41US21$IEEE1$IW$USESV6$~STKCKD$USESV7$~SHL$OTIME$ROPI$IEEEX$EBA8$MICROLIB$REQ8$PRES8$EABIv2 0x00000000   Number         0  anon$$obj.o ABSOLUTE
    __ARM_use_no_argv                        0x00000000   Number         0  main.o ABSOLUTE
    __use_no_errno                           0x00000000   Number         0  useno.o ABSOLUTE
    __use_no_exception_handling              0x00000000   Number         0  useno.o ABSOLUTE
    __use_no_fp                              0x00000000   Number         0  useno.o ABSOLUTE
    __use_no_heap                            0x00000000   Number         0  useno.o ABSOLUTE
    __use_no_heap_region                     0x00000000   Number         0  useno.o ABSOLUTE
    __use_no_semihosting                     0x00000000   Number         0  useno.o ABSOLUTE
    __use_no_semihosting_swi                 0x00000000   Number         0  useno.o ABSOLUTE
    __use_no_signal_handling                 0x00000000   Number         0  useno.o ABSOLUTE
    _printf_a                                0x00000000   Number         0  stubs.o ABSOLUTE
    _printf_c                                0x00000000   Number         0  stubs.o ABSOLUTE
    _printf_charcount                        0x00000000   Number         0  stubs.o ABSOLUTE
    _printf_d                                0x00000000   Number         0  stubs.o ABSOLUTE
    _printf_e                                0x00000000   Number         0  stubs.o ABSOLUTE
    _printf_f                                0x00000000   Number         0  stubs.o ABSOLUTE
    _printf_flags                            0x00000000   Number         0  stubs.o ABSOLUTE
    _printf_fp_dec                           0x00000000   Number         0  stubs.o ABSOLUTE
    _printf_fp_hex                           0x00000000   Number         0  stubs.o ABSOLUTE
    _printf_g                                0x00000000   Number         0  stubs.o ABSOLUTE
    _printf_i                                0x00000000   Number         0  stubs.o ABSOLUTE
    _printf_int_dec                          0x00000000   Number         0  stubs.o ABSOLUTE
    _printf_l                                0x00000000   Number         0  stubs.o ABSOLUTE
    _printf_lc                               0x00000000   Number         0  stubs.o ABSOLUTE
    _printf_ll                               0x00000000   Number         0  stubs.o ABSOLUTE
    _printf_lld                              0x00000000   Number         0  stubs.o ABSOLUTE
    _printf_lli                              0x00000000   Number         0  stubs.o ABSOLUTE
    _printf_llo                              0x00000000   Number         0  stubs.o ABSOLUTE
    _printf_llu                              0x00000000   Number         0  stubs.o ABSOLUTE
    _printf_llx                              0x00000000   Number         0  stubs.o ABSOLUTE
    _printf_longlong_dec                     0x00000000   Number         0  stubs.o ABSOLUTE
    _printf_longlong_hex                     0x00000000   Number         0  stubs.o ABSOLUTE
    _printf_longlong_oct                     0x00000000   Number         0  stubs.o ABSOLUTE
    _printf_ls                               0x00000000   Number         0  stubs.o ABSOLUTE
    _printf_mbtowc                           0x00000000   Number         0  stubs.o ABSOLUTE
    _printf_n                                0x00000000   Number         0  stubs.o ABSOLUTE
    _printf_o                                0x00000000   Number         0  stubs.o ABSOLUTE
    _printf_p                                0x00000000   Number         0  stubs.o ABSOLUTE
    _printf_percent                          0x00000000   Number         0  stubs.o ABSOLUTE
    _printf_pre_padding                      0x00000000   Number         0  stubs.o ABSOLUTE
    _printf_return_value                     0x00000000   Number         0  stubs.o ABSOLUTE
    _printf_s                                0x00000000   Number         0  stubs.o ABSOLUTE
    _printf_sizespec                         0x00000000   Number         0  stubs.o ABSOLUTE
    _printf_str                              0x00000000   Number         0  stubs.o ABSOLUTE
    _printf_truncate_signed                  0x00000000   Number         0  stubs.o ABSOLUTE
    _printf_truncate_unsigned                0x00000000   Number         0  stubs.o ABSOLUTE
    _printf_u                                0x00000000   Number         0  stubs.o ABSOLUTE
    _printf_wc                               0x00000000   Number         0  stubs.o ABSOLUTE
    _printf_wctomb                           0x00000000   Number         0  stubs.o ABSOLUTE
    _printf_widthprec                        0x00000000   Number         0  stubs.o ABSOLUTE
    _printf_x                                0x00000000   Number         0  stubs.o ABSOLUTE
    __cpp_initialize__aeabi_                  - Undefined Weak Reference
    __cxa_finalize                            - Undefined Weak Reference
    _clock_init                               - Undefined Weak Reference
    _microlib_exit                            - Undefined Weak Reference
    __Vectors_Size                           0x000001ac   Number         0  startup_stm32f427_437xx.o ABSOLUTE
    __Vectors                                0x08000000   Data           4  startup_stm32f427_437xx.o(RESET)
    __Vectors_End                            0x080001ac   Data           0  startup_stm32f427_437xx.o(RESET)
    __main                                   0x080001ad   Thumb Code     0  entry.o(.ARM.Collect$$$$00000000)
    _main_stk                                0x080001ad   Thumb Code     0  entry2.o(.ARM.Collect$$$$00000001)
    _main_scatterload                        0x080001b1   Thumb Code     0  entry5.o(.ARM.Collect$$$$00000004)
    __main_after_scatterload                 0x080001b5   Thumb Code     0  entry5.o(.ARM.Collect$$$$00000004)
    _main_clock                              0x080001b5   Thumb Code     0  entry7b.o(.ARM.Collect$$$$00000008)
    _main_cpp_init                           0x080001b5   Thumb Code     0  entry8b.o(.ARM.Collect$$$$0000000A)
    _main_init                               0x080001b5   Thumb Code     0  entry9a.o(.ARM.Collect$$$$0000000B)
    __rt_final_cpp                           0x080001bd   Thumb Code     0  entry10a.o(.ARM.Collect$$$$0000000D)
    __rt_final_exit                          0x080001bd   Thumb Code     0  entry11a.o(.ARM.Collect$$$$0000000F)
    SVC_Handler                              0x080001c1   Thumb Code    28  port.o(.emb_text)
    __asm___6_port_c_39a90d8d__prvStartFirstTask 0x080001e1   Thumb Code    36  port.o(.emb_text)
    __asm___6_port_c_39a90d8d__prvEnableVFP  0x08000209   Thumb Code    16  port.o(.emb_text)
    PendSV_Handler                           0x0800021d   Thumb Code    88  port.o(.emb_text)
    vPortGetIPSR                             0x08000279   Thumb Code     6  port.o(.emb_text)
    Reset_Handler                            0x08000281   Thumb Code     8  startup_stm32f427_437xx.o(.text)
    ADC_IRQHandler                           0x0800029b   Thumb Code     0  startup_stm32f427_437xx.o(.text)
    CAN1_RX1_IRQHandler                      0x0800029b   Thumb Code     0  startup_stm32f427_437xx.o(.text)
    CAN1_SCE_IRQHandler                      0x0800029b   Thumb Code     0  startup_stm32f427_437xx.o(.text)
    CAN1_TX_IRQHandler                       0x0800029b   Thumb Code     0  startup_stm32f427_437xx.o(.text)
    CAN2_RX1_IRQHandler                      0x0800029b   Thumb Code     0  startup_stm32f427_437xx.o(.text)
    CAN2_SCE_IRQHandler                      0x0800029b   Thumb Code     0  startup_stm32f427_437xx.o(.text)
    CAN2_TX_IRQHandler                       0x0800029b   Thumb Code     0  startup_stm32f427_437xx.o(.text)
    CRYP_IRQHandler                          0x0800029b   Thumb Code     0  startup_stm32f427_437xx.o(.text)
    DCMI_IRQHandler                          0x0800029b   Thumb Code     0  startup_stm32f427_437xx.o(.text)
    DMA1_Stream0_IRQHandler                  0x0800029b   Thumb Code     0  startup_stm32f427_437xx.o(.text)
    DMA1_Stream1_IRQHandler                  0x0800029b   Thumb Code     0  startup_stm32f427_437xx.o(.text)
    DMA1_Stream2_IRQHandler                  0x0800029b   Thumb Code     0  startup_stm32f427_437xx.o(.text)
    DMA1_Stream3_IRQHandler                  0x0800029b   Thumb Code     0  startup_stm32f427_437xx.o(.text)
    DMA1_Stream4_IRQHandler                  0x0800029b   Thumb Code     0  startup_stm32f427_437xx.o(.text)
    DMA1_Stream5_IRQHandler                  0x0800029b   Thumb Code     0  startup_stm32f427_437xx.o(.text)
    DMA1_Stream6_IRQHandler                  0x0800029b   Thumb Code     0  startup_stm32f427_437xx.o(.text)
    DMA1_Stream7_IRQHandler                  0x0800029b   Thumb Code     0  startup_stm32f427_437xx.o(.text)
    DMA2D_IRQHandler                         0x0800029b   Thumb Code     0  startup_stm32f427_437xx.o(.text)
    DMA2_Stream0_IRQHandler                  0x0800029b   Thumb Code     0  startup_stm32f427_437xx.o(.text)
    DMA2_Stream1_IRQHandler                  0x0800029b   Thumb Code     0  startup_stm32f427_437xx.o(.text)
    DMA2_Stream2_IRQHandler                  0x0800029b   Thumb Code     0  startup_stm32f427_437xx.o(.text)
    DMA2_Stream3_IRQHandler                  0x0800029b   Thumb Code     0  startup_stm32f427_437xx.o(.text)
    DMA2_Stream4_IRQHandler                  0x0800029b   Thumb Code     0  startup_stm32f427_437xx.o(.text)
    DMA2_Stream5_IRQHandler                  0x0800029b   Thumb Code     0  startup_stm32f427_437xx.o(.text)
    DMA2_Stream6_IRQHandler                  0x0800029b   Thumb Code     0  startup_stm32f427_437xx.o(.text)
    DMA2_Stream7_IRQHandler                  0x0800029b   Thumb Code     0  startup_stm32f427_437xx.o(.text)
    ETH_IRQHandler                           0x0800029b   Thumb Code     0  startup_stm32f427_437xx.o(.text)
    ETH_WKUP_IRQHandler                      0x0800029b   Thumb Code     0  startup_stm32f427_437xx.o(.text)
    EXTI0_IRQHandler                         0x0800029b   Thumb Code     0  startup_stm32f427_437xx.o(.text)
    EXTI15_10_IRQHandler                     0x0800029b   Thumb Code     0  startup_stm32f427_437xx.o(.text)
    EXTI1_IRQHandler                         0x0800029b   Thumb Code     0  startup_stm32f427_437xx.o(.text)
    EXTI2_IRQHandler                         0x0800029b   Thumb Code     0  startup_stm32f427_437xx.o(.text)
    EXTI3_IRQHandler                         0x0800029b   Thumb Code     0  startup_stm32f427_437xx.o(.text)
    EXTI4_IRQHandler                         0x0800029b   Thumb Code     0  startup_stm32f427_437xx.o(.text)
    EXTI9_5_IRQHandler                       0x0800029b   Thumb Code     0  startup_stm32f427_437xx.o(.text)
    FLASH_IRQHandler                         0x0800029b   Thumb Code     0  startup_stm32f427_437xx.o(.text)
    FMC_IRQHandler                           0x0800029b   Thumb Code     0  startup_stm32f427_437xx.o(.text)
    FPU_IRQHandler                           0x0800029b   Thumb Code     0  startup_stm32f427_437xx.o(.text)
    HASH_RNG_IRQHandler                      0x0800029b   Thumb Code     0  startup_stm32f427_437xx.o(.text)
    I2C1_ER_IRQHandler                       0x0800029b   Thumb Code     0  startup_stm32f427_437xx.o(.text)
    I2C1_EV_IRQHandler                       0x0800029b   Thumb Code     0  startup_stm32f427_437xx.o(.text)
    I2C2_ER_IRQHandler                       0x0800029b   Thumb Code     0  startup_stm32f427_437xx.o(.text)
    I2C2_EV_IRQHandler                       0x0800029b   Thumb Code     0  startup_stm32f427_437xx.o(.text)
    I2C3_ER_IRQHandler                       0x0800029b   Thumb Code     0  startup_stm32f427_437xx.o(.text)
    I2C3_EV_IRQHandler                       0x0800029b   Thumb Code     0  startup_stm32f427_437xx.o(.text)
    OTG_FS_IRQHandler                        0x0800029b   Thumb Code     0  startup_stm32f427_437xx.o(.text)
    OTG_FS_WKUP_IRQHandler                   0x0800029b   Thumb Code     0  startup_stm32f427_437xx.o(.text)
    OTG_HS_EP1_IN_IRQHandler                 0x0800029b   Thumb Code     0  startup_stm32f427_437xx.o(.text)
    OTG_HS_EP1_OUT_IRQHandler                0x0800029b   Thumb Code     0  startup_stm32f427_437xx.o(.text)
    OTG_HS_IRQHandler                        0x0800029b   Thumb Code     0  startup_stm32f427_437xx.o(.text)
    OTG_HS_WKUP_IRQHandler                   0x0800029b   Thumb Code     0  startup_stm32f427_437xx.o(.text)
    PVD_IRQHandler                           0x0800029b   Thumb Code     0  startup_stm32f427_437xx.o(.text)
    RCC_IRQHandler                           0x0800029b   Thumb Code     0  startup_stm32f427_437xx.o(.text)
    RTC_Alarm_IRQHandler                     0x0800029b   Thumb Code     0  startup_stm32f427_437xx.o(.text)
    RTC_WKUP_IRQHandler                      0x0800029b   Thumb Code     0  startup_stm32f427_437xx.o(.text)
    SAI1_IRQHandler                          0x0800029b   Thumb Code     0  startup_stm32f427_437xx.o(.text)
    SDIO_IRQHandler                          0x0800029b   Thumb Code     0  startup_stm32f427_437xx.o(.text)
    SPI1_IRQHandler                          0x0800029b   Thumb Code     0  startup_stm32f427_437xx.o(.text)
    SPI2_IRQHandler                          0x0800029b   Thumb Code     0  startup_stm32f427_437xx.o(.text)
    SPI3_IRQHandler                          0x0800029b   Thumb Code     0  startup_stm32f427_437xx.o(.text)
    SPI4_IRQHandler                          0x0800029b   Thumb Code     0  startup_stm32f427_437xx.o(.text)
    SPI5_IRQHandler                          0x0800029b   Thumb Code     0  startup_stm32f427_437xx.o(.text)
    SPI6_IRQHandler                          0x0800029b   Thumb Code     0  startup_stm32f427_437xx.o(.text)
    TAMP_STAMP_IRQHandler                    0x0800029b   Thumb Code     0  startup_stm32f427_437xx.o(.text)
    TIM1_BRK_TIM9_IRQHandler                 0x0800029b   Thumb Code     0  startup_stm32f427_437xx.o(.text)
    TIM1_CC_IRQHandler                       0x0800029b   Thumb Code     0  startup_stm32f427_437xx.o(.text)
    TIM1_TRG_COM_TIM11_IRQHandler            0x0800029b   Thumb Code     0  startup_stm32f427_437xx.o(.text)
    TIM1_UP_TIM10_IRQHandler                 0x0800029b   Thumb Code     0  startup_stm32f427_437xx.o(.text)
    TIM2_IRQHandler                          0x0800029b   Thumb Code     0  startup_stm32f427_437xx.o(.text)
    TIM3_IRQHandler                          0x0800029b   Thumb Code     0  startup_stm32f427_437xx.o(.text)
    TIM4_IRQHandler                          0x0800029b   Thumb Code     0  startup_stm32f427_437xx.o(.text)
    TIM5_IRQHandler                          0x0800029b   Thumb Code     0  startup_stm32f427_437xx.o(.text)
    TIM7_IRQHandler                          0x0800029b   Thumb Code     0  startup_stm32f427_437xx.o(.text)
    TIM8_BRK_TIM12_IRQHandler                0x0800029b   Thumb Code     0  startup_stm32f427_437xx.o(.text)
    TIM8_CC_IRQHandler                       0x0800029b   Thumb Code     0  startup_stm32f427_437xx.o(.text)
    TIM8_TRG_COM_TIM14_IRQHandler            0x0800029b   Thumb Code     0  startup_stm32f427_437xx.o(.text)
    TIM8_UP_TIM13_IRQHandler                 0x0800029b   Thumb Code     0  startup_stm32f427_437xx.o(.text)
    UART4_IRQHandler                         0x0800029b   Thumb Code     0  startup_stm32f427_437xx.o(.text)
    UART5_IRQHandler                         0x0800029b   Thumb Code     0  startup_stm32f427_437xx.o(.text)
    UART8_IRQHandler                         0x0800029b   Thumb Code     0  startup_stm32f427_437xx.o(.text)
    WWDG_IRQHandler                          0x0800029b   Thumb Code     0  startup_stm32f427_437xx.o(.text)
    __aeabi_memcpy                           0x080002a5   Thumb Code    36  memcpya.o(.text)
    __aeabi_memcpy4                          0x080002a5   Thumb Code     0  memcpya.o(.text)
    __aeabi_memcpy8                          0x080002a5   Thumb Code     0  memcpya.o(.text)
    __aeabi_memset                           0x080002c9   Thumb Code    14  memseta.o(.text)
    __aeabi_memset4                          0x080002c9   Thumb Code     0  memseta.o(.text)
    __aeabi_memset8                          0x080002c9   Thumb Code     0  memseta.o(.text)
    __aeabi_memclr                           0x080002d7   Thumb Code     4  memseta.o(.text)
    __aeabi_memclr4                          0x080002d7   Thumb Code     0  memseta.o(.text)
    __aeabi_memclr8                          0x080002d7   Thumb Code     0  memseta.o(.text)
    memset                                   0x080002db   Thumb Code    18  memseta.o(.text)
    __aeabi_dadd                             0x080002ed   Thumb Code   322  dadd.o(.text)
    __aeabi_dsub                             0x0800042f   Thumb Code     6  dadd.o(.text)
    __aeabi_drsub                            0x08000435   Thumb Code     6  dadd.o(.text)
    __aeabi_dmul                             0x0800043b   Thumb Code   228  dmul.o(.text)
    __aeabi_i2d                              0x0800051f   Thumb Code    34  dflti.o(.text)
    __aeabi_d2iz                             0x08000541   Thumb Code    62  dfixi.o(.text)
    __aeabi_f2d                              0x0800057f   Thumb Code    38  f2d.o(.text)
    __aeabi_d2f                              0x080005a5   Thumb Code    56  d2f.o(.text)
    __aeabi_uidiv                            0x080005dd   Thumb Code     0  uidiv.o(.text)
    __aeabi_uidivmod                         0x080005dd   Thumb Code    44  uidiv.o(.text)
    __aeabi_llsl                             0x08000609   Thumb Code    30  llshl.o(.text)
    _ll_shift_l                              0x08000609   Thumb Code     0  llshl.o(.text)
    __aeabi_llsr                             0x08000627   Thumb Code    32  llushr.o(.text)
    _ll_ushift_r                             0x08000627   Thumb Code     0  llushr.o(.text)
    __aeabi_lasr                             0x08000647   Thumb Code    36  llsshr.o(.text)
    _ll_sshift_r                             0x08000647   Thumb Code     0  llsshr.o(.text)
    __I$use$fp                               0x0800066b   Thumb Code     0  iusefp.o(.text)
    _float_round                             0x0800066b   Thumb Code    18  fepilogue.o(.text)
    _float_epilogue                          0x0800067d   Thumb Code    92  fepilogue.o(.text)
    _double_round                            0x080006d9   Thumb Code    30  depilogue.o(.text)
    _double_epilogue                         0x080006f7   Thumb Code   156  depilogue.o(.text)
    __aeabi_ddiv                             0x08000793   Thumb Code   222  ddiv.o(.text)
    __scatterload                            0x08000871   Thumb Code    28  init.o(.text)
    __scatterload_rt2                        0x08000871   Thumb Code     0  init.o(.text)
    __aeabi_ui2d                             0x08000895   Thumb Code    26  dfltui.o(.text)
    __decompress                             0x080008af   Thumb Code     0  __dczerorl2.o(.text)
    __decompress1                            0x080008af   Thumb Code    86  __dczerorl2.o(.text)
    BSP_CAN1_Init                            0x08000905   Thumb Code   198  bsp_can.o(i.BSP_CAN1_Init)
    BSP_NVIC_Init                            0x080009d5   Thumb Code   270  bsp_nvic.o(i.BSP_NVIC_Init)
    BSP_UART7_Init                           0x08000ae5   Thumb Code   158  bsp_usart.o(i.BSP_UART7_Init)
    BSP_UART8_Init                           0x08000b8d   Thumb Code   154  bsp_usart.o(i.BSP_UART8_Init)
    BSP_USART1_Init                          0x08000c31   Thumb Code   158  bsp_usart.o(i.BSP_USART1_Init)
    BSP_USART2_Init                          0x08000cd9   Thumb Code   158  bsp_usart.o(i.BSP_USART2_Init)
    BSP_USART3_Init                          0x08000d81   Thumb Code   158  bsp_usart.o(i.BSP_USART3_Init)
    BSP_USART6_Init                          0x08000e29   Thumb Code   158  bsp_usart.o(i.BSP_USART6_Init)
    BusFault_Handler                         0x08000ed1   Thumb Code     2  stm32f4xx_it.o(i.BusFault_Handler)
    CAN1_RX0_IRQHandler                      0x08000ed5   Thumb Code    78  stm32f4xx_it.o(i.CAN1_RX0_IRQHandler)
    CAN2_RX0_IRQHandler                      0x08000f31   Thumb Code    78  stm32f4xx_it.o(i.CAN2_RX0_IRQHandler)
    CAN_ClearITPendingBit                    0x08000f8d   Thumb Code   116  stm32f4xx_can.o(i.CAN_ClearITPendingBit)
    CAN_FilterInit                           0x08001005   Thumb Code   194  stm32f4xx_can.o(i.CAN_FilterInit)
    CAN_GetITStatus                          0x080010d1   Thumb Code   162  stm32f4xx_can.o(i.CAN_GetITStatus)
    CAN_ITConfig                             0x08001179   Thumb Code    16  stm32f4xx_can.o(i.CAN_ITConfig)
    CAN_Init                                 0x08001189   Thumb Code   232  stm32f4xx_can.o(i.CAN_Init)
    CAN_Receive                              0x08001271   Thumb Code   144  stm32f4xx_can.o(i.CAN_Receive)
    CAN_Transmit                             0x08001301   Thumb Code   164  stm32f4xx_can.o(i.CAN_Transmit)
    Camera_getMassage                        0x080013a5   Thumb Code   186  camera.o(i.Camera_getMassage)
    CanTaskCreate                            0x0800146d   Thumb Code   104  task_can.o(i.CanTaskCreate)
    Chassis_Init                             0x0800151d   Thumb Code   260  chassis.o(i.Chassis_Init)
    ControlTaskCreate                        0x0800164d   Thumb Code    68  task_ctrl.o(i.ControlTaskCreate)
    Curve_Sin                                0x080016d5   Thumb Code   116  curve.o(i.Curve_Sin)
    DMA_Cmd                                  0x08001751   Thumb Code    20  stm32f4xx_dma.o(i.DMA_Cmd)
    DMA_DeInit                               0x08001765   Thumb Code   272  stm32f4xx_dma.o(i.DMA_DeInit)
    DMA_GetCmdStatus                         0x08001889   Thumb Code    14  stm32f4xx_dma.o(i.DMA_GetCmdStatus)
    DMA_GetCurrDataCounter                   0x08001897   Thumb Code     6  stm32f4xx_dma.o(i.DMA_GetCurrDataCounter)
    DMA_Init                                 0x0800189d   Thumb Code    80  stm32f4xx_dma.o(i.DMA_Init)
    DMA_UART7RxConfig                        0x080018f1   Thumb Code   120  bsp_dma.o(i.DMA_UART7RxConfig)
    DMA_UART8RxConfig                        0x08001971   Thumb Code   120  bsp_dma.o(i.DMA_UART8RxConfig)
    DMA_USART1RxConfig                       0x080019f1   Thumb Code   120  bsp_dma.o(i.DMA_USART1RxConfig)
    DMA_USART2RxConfig                       0x08001a71   Thumb Code   120  bsp_dma.o(i.DMA_USART2RxConfig)
    DMA_USART3RxConfig                       0x08001af1   Thumb Code   120  bsp_dma.o(i.DMA_USART3RxConfig)
    DMA_USART6RxConfig                       0x08001b71   Thumb Code   120  bsp_dma.o(i.DMA_USART6RxConfig)
    DR16_Init                                0x08001bf1   Thumb Code    36  dr16.o(i.DR16_Init)
    DXL1_getMassage                          0x08001ca9   Thumb Code    84  servo.o(i.DXL1_getMassage)
    DXL1_setSyncMsg                          0x08001d01   Thumb Code   312  servo.o(i.DXL1_setSyncMsg)
    DebugMon_Handler                         0x08001e3d   Thumb Code     2  stm32f4xx_it.o(i.DebugMon_Handler)
    Filter_Init                              0x08001e51   Thumb Code    16  filter.o(i.Filter_Init)
    GPIO_Init                                0x08001edb   Thumb Code   162  stm32f4xx_gpio.o(i.GPIO_Init)
    GPIO_PinAFConfig                         0x08001f7d   Thumb Code    32  stm32f4xx_gpio.o(i.GPIO_PinAFConfig)
    GPIO_ResetBits                           0x08001f9d   Thumb Code     4  stm32f4xx_gpio.o(i.GPIO_ResetBits)
    GPIO_SetBits                             0x08001fa1   Thumb Code     4  stm32f4xx_gpio.o(i.GPIO_SetBits)
    GPIO_WriteBit                            0x08001fa5   Thumb Code    10  stm32f4xx_gpio.o(i.GPIO_WriteBit)
    Gimbal_Ctrl                              0x08002035   Thumb Code  1334  gimbal.o(i.Gimbal_Ctrl)
    Gyro_Init                                0x0800256d   Thumb Code     8  gyro.o(i.Gyro_Init)
    HardFault_Handler                        0x0800257d   Thumb Code     2  stm32f4xx_it.o(i.HardFault_Handler)
    IM1253B_getMessage                       0x08002581   Thumb Code   116  im1253b.o(i.IM1253B_getMessage)
    IM1253B_readData                         0x080025fd   Thumb Code    78  im1253b.o(i.IM1253B_readData)
    Joint_Init                               0x08002651   Thumb Code   238  joint.o(i.Joint_Init)
    KEY_Init                                 0x08002755   Thumb Code    40  key.o(i.KEY_Init)
    LED_Init                                 0x08002781   Thumb Code   144  led.o(i.LED_Init)
    MemManage_Handler                        0x08002b89   Thumb Code     2  stm32f4xx_it.o(i.MemManage_Handler)
    Motor_Init                               0x08002b8d   Thumb Code   224  motor.o(i.Motor_Init)
    NMI_Handler                              0x08002ca9   Thumb Code     2  stm32f4xx_it.o(i.NMI_Handler)
    NVIC_Init                                0x08002cad   Thumb Code    96  misc.o(i.NVIC_Init)
    NVIC_PriorityGroupConfig                 0x08002d11   Thumb Code    10  misc.o(i.NVIC_PriorityGroupConfig)
    OLED_Clear                               0x08002d25   Thumb Code    60  oled.o(i.OLED_Clear)
    OLED_Init                                0x08002d61   Thumb Code   390  oled.o(i.OLED_Init)
    OLED_Set_Pos                             0x08002ef5   Thumb Code    44  oled.o(i.OLED_Set_Pos)
    OLED_WR_Byte                             0x08002f21   Thumb Code   104  oled.o(i.OLED_WR_Byte)
    PID_StructInit                           0x08002f8d   Thumb Code    16  pid.o(i.PID_StructInit)
    Photoelectric_Init                       0x08002fa5   Thumb Code    44  photoelectric.o(i.Photoelectric_Init)
    RCC_AHB1PeriphClockCmd                   0x08002fd5   Thumb Code    18  stm32f4xx_rcc.o(i.RCC_AHB1PeriphClockCmd)
    RCC_APB1PeriphClockCmd                   0x08002fed   Thumb Code    18  stm32f4xx_rcc.o(i.RCC_APB1PeriphClockCmd)
    RCC_APB2PeriphClockCmd                   0x08003005   Thumb Code    18  stm32f4xx_rcc.o(i.RCC_APB2PeriphClockCmd)
    RCC_GetClocksFreq                        0x0800301d   Thumb Code   132  stm32f4xx_rcc.o(i.RCC_GetClocksFreq)
    RoboModule_DRV_Mode_Choice               0x080030b1   Thumb Code    72  robomodule.o(i.RoboModule_DRV_Mode_Choice)
    RoboModule_DRV_Reset                     0x08003101   Thumb Code    70  robomodule.o(i.RoboModule_DRV_Reset)
    RoboModule_Init                          0x08003151   Thumb Code    76  robomodule.o(i.RoboModule_Init)
    SysTick_Handler                          0x0800326d   Thumb Code    38  port.o(i.SysTick_Handler)
    SystemInit                               0x08003299   Thumb Code    74  system_stm32f4xx.o(i.SystemInit)
    TIM6_DAC_IRQHandler                      0x080032f5   Thumb Code    38  stm32f4xx_it.o(i.TIM6_DAC_IRQHandler)
    TIM_ClearITPendingBit                    0x08003325   Thumb Code     6  stm32f4xx_tim.o(i.TIM_ClearITPendingBit)
    TIM_GetITStatus                          0x0800332b   Thumb Code    24  stm32f4xx_tim.o(i.TIM_GetITStatus)
    UART7_IRQHandler                         0x08003345   Thumb Code    84  stm32f4xx_it.o(i.UART7_IRQHandler)
    USART1_IRQHandler                        0x080033ad   Thumb Code    88  stm32f4xx_it.o(i.USART1_IRQHandler)
    USART2_IRQHandler                        0x08003419   Thumb Code    82  stm32f4xx_it.o(i.USART2_IRQHandler)
    USART3_IRQHandler                        0x08003481   Thumb Code    84  stm32f4xx_it.o(i.USART3_IRQHandler)
    USART6_IRQHandler                        0x080034e9   Thumb Code    84  stm32f4xx_it.o(i.USART6_IRQHandler)
    USART_Cmd                                0x08003551   Thumb Code    20  stm32f4xx_usart.o(i.USART_Cmd)
    USART_DMACmd                             0x08003565   Thumb Code    16  stm32f4xx_usart.o(i.USART_DMACmd)
    USART_GetFlagStatus                      0x08003575   Thumb Code    14  stm32f4xx_usart.o(i.USART_GetFlagStatus)
    USART_GetITStatus                        0x08003583   Thumb Code    62  stm32f4xx_usart.o(i.USART_GetITStatus)
    USART_ITConfig                           0x080035c1   Thumb Code    48  stm32f4xx_usart.o(i.USART_ITConfig)
    USART_Init                               0x080035f1   Thumb Code   164  stm32f4xx_usart.o(i.USART_Init)
    USART_SendData                           0x0800369d   Thumb Code     8  stm32f4xx_usart.o(i.USART_SendData)
    USART_sendChar                           0x080036a5   Thumb Code    22  bsp_usart.o(i.USART_sendChar)
    UsageFault_Handler                       0x080036bb   Thumb Code     2  stm32f4xx_it.o(i.UsageFault_Handler)
    UsartHmi_getMessage                      0x080036bd   Thumb Code    90  usarthmi.o(i.UsartHmi_getMessage)
    UsartHmi_setMessage                      0x0800371d   Thumb Code   284  usarthmi.o(i.UsartHmi_setMessage)
    UsartTaskCreate                          0x080038b1   Thumb Code   202  task_usart.o(i.UsartTaskCreate)
    __0printf$3                              0x08003a0d   Thumb Code    22  printf3.o(i.__0printf$3)
    __1printf$3                              0x08003a0d   Thumb Code     0  printf3.o(i.__0printf$3)
    __2printf                                0x08003a0d   Thumb Code     0  printf3.o(i.__0printf$3)
    __ARM_fpclassify                         0x08003a2d   Thumb Code    48  fpclassify.o(i.__ARM_fpclassify)
    __hardfp_cos                             0x08003a61   Thumb Code   180  cos.o(i.__hardfp_cos)
    __hardfp_sin                             0x08003b29   Thumb Code   180  sin.o(i.__hardfp_sin)
    __ieee754_rem_pio2                       0x08003bf1   Thumb Code   938  rred.o(i.__ieee754_rem_pio2)
    __kernel_cos                             0x08004029   Thumb Code   322  cos_i.o(i.__kernel_cos)
    __kernel_poly                            0x08004199   Thumb Code   248  poly.o(i.__kernel_poly)
    __kernel_sin                             0x08004291   Thumb Code   280  sin_i.o(i.__kernel_sin)
    __mathlib_dbl_infnan                     0x080043c1   Thumb Code    20  dunder.o(i.__mathlib_dbl_infnan)
    __mathlib_dbl_invalid                    0x080043d9   Thumb Code    24  dunder.o(i.__mathlib_dbl_invalid)
    __mathlib_dbl_underflow                  0x080043f9   Thumb Code    24  dunder.o(i.__mathlib_dbl_underflow)
    __scatterload_copy                       0x08004419   Thumb Code    14  handlers.o(i.__scatterload_copy)
    __scatterload_null                       0x08004427   Thumb Code     2  handlers.o(i.__scatterload_null)
    __scatterload_zeroinit                   0x08004429   Thumb Code    14  handlers.o(i.__scatterload_zeroinit)
    __set_errno                              0x08004439   Thumb Code     6  errno.o(i.__set_errno)
    calccrc                                  0x080045fd   Thumb Code    30  im1253b.o(i.calccrc)
    chkcrc                                   0x0800461b   Thumb Code    42  im1253b.o(i.chkcrc)
    delay_init                               0x08004645   Thumb Code    26  delay.o(i.delay_init)
    delay_ms                                 0x08004669   Thumb Code    26  delay.o(i.delay_ms)
    delay_us                                 0x08004685   Thumb Code    32  delay.o(i.delay_us)
    fabs                                     0x080046b1   Thumb Code    24  fabs.o(i.fabs)
    fputc                                    0x080046c9   Thumb Code    18  bsp_usart.o(i.fputc)
    free                                     0x080046e1   Thumb Code    76  malloc.o(i.free)
    get_alpha                                0x08004731   Thumb Code   372  curve.o(i.get_alpha)
    main                                     0x080048f5   Thumb Code    30  main.o(i.main)
    malloc                                   0x08004929   Thumb Code    92  malloc.o(i.malloc)
    pvPortMalloc                             0x080050a5   Thumb Code   210  heap_4.o(i.pvPortMalloc)
    pxPortInitialiseStack                    0x0800517d   Thumb Code    40  port.o(i.pxPortInitialiseStack)
    uxListRemove                             0x080051a9   Thumb Code    38  list.o(i.uxListRemove)
    vListInitialise                          0x080051cf   Thumb Code    22  list.o(i.vListInitialise)
    vListInitialiseItem                      0x080051e5   Thumb Code     6  list.o(i.vListInitialiseItem)
    vListInsert                              0x080051eb   Thumb Code    48  list.o(i.vListInsert)
    vListInsertEnd                           0x0800521b   Thumb Code    24  list.o(i.vListInsertEnd)
    vPortEnterCritical                       0x08005235   Thumb Code    54  port.o(i.vPortEnterCritical)
    vPortExitCritical                        0x08005275   Thumb Code    34  port.o(i.vPortExitCritical)
    vPortFree                                0x0800529d   Thumb Code    88  heap_4.o(i.vPortFree)
    vPortSetupTimerInterrupt                 0x080052f9   Thumb Code    32  port.o(i.vPortSetupTimerInterrupt)
    vPortValidateInterruptPriority           0x0800531d   Thumb Code    74  port.o(i.vPortValidateInterruptPriority)
    vQueueAddToRegistry                      0x08005371   Thumb Code    34  queue.o(i.vQueueAddToRegistry)
    vQueueWaitForMessageRestricted           0x08005399   Thumb Code    68  queue.o(i.vQueueWaitForMessageRestricted)
    vTaskDelay                               0x080054e5   Thumb Code    66  tasks.o(i.vTaskDelay)
    vTaskDelayUntil                          0x08005531   Thumb Code   132  tasks.o(i.vTaskDelayUntil)
    vTaskDelete                              0x080055bd   Thumb Code   158  tasks.o(i.vTaskDelete)
    vTaskInternalSetTimeOutState             0x08005669   Thumb Code    12  tasks.o(i.vTaskInternalSetTimeOutState)
    vTaskMissedYield                         0x08005705   Thumb Code     8  tasks.o(i.vTaskMissedYield)
    vTaskPlaceOnEventList                    0x08005711   Thumb Code    44  tasks.o(i.vTaskPlaceOnEventList)
    vTaskPlaceOnEventListRestricted          0x08005741   Thumb Code    52  tasks.o(i.vTaskPlaceOnEventListRestricted)
    vTaskStart                               0x08005779   Thumb Code   228  task_init.o(i.vTaskStart)
    vTaskStartScheduler                      0x080058a1   Thumb Code    98  tasks.o(i.vTaskStartScheduler)
    vTaskSuspendAll                          0x08005919   Thumb Code    10  tasks.o(i.vTaskSuspendAll)
    vTaskSwitchContext                       0x08005929   Thumb Code   108  tasks.o(i.vTaskSwitchContext)
    xPortStartScheduler                      0x08005c71   Thumb Code   222  port.o(i.xPortStartScheduler)
    xQueueGenericCreate                      0x08005d65   Thumb Code    82  queue.o(i.xQueueGenericCreate)
    xQueueGenericReset                       0x08005db9   Thumb Code   132  queue.o(i.xQueueGenericReset)
    xQueueGenericSend                        0x08005e41   Thumb Code   346  queue.o(i.xQueueGenericSend)
    xQueueGenericSendFromISR                 0x08005fa1   Thumb Code   188  queue.o(i.xQueueGenericSendFromISR)
    xQueueReceive                            0x0800605d   Thumb Code   308  queue.o(i.xQueueReceive)
    xTaskCheckForTimeOut                     0x08006195   Thumb Code   112  tasks.o(i.xTaskCheckForTimeOut)
    xTaskCreate                              0x08006209   Thumb Code    86  tasks.o(i.xTaskCreate)
    xTaskGetSchedulerState                   0x08006261   Thumb Code    22  tasks.o(i.xTaskGetSchedulerState)
    xTaskGetTickCount                        0x0800627d   Thumb Code     6  tasks.o(i.xTaskGetTickCount)
    xTaskIncrementTick                       0x08006289   Thumb Code   192  tasks.o(i.xTaskIncrementTick)
    xTaskPriorityDisinherit                  0x08006351   Thumb Code   144  tasks.o(i.xTaskPriorityDisinherit)
    xTaskRemoveFromEventList                 0x080063e9   Thumb Code   108  tasks.o(i.xTaskRemoveFromEventList)
    xTaskResumeAll                           0x0800645d   Thumb Code   182  tasks.o(i.xTaskResumeAll)
    xTimerCreateTimerTask                    0x08006521   Thumb Code    58  timers.o(i.xTimerCreateTimerTask)
    xTimerGenericCommand                     0x0800656d   Thumb Code    92  timers.o(i.xTimerGenericCommand)
    Region$$Table$$Base                      0x080066f0   Number         0  anon$$obj.o(Region$$Table)
    Region$$Table$$Limit                     0x08006710   Number         0  anon$$obj.o(Region$$Table)
    StartTaskHandler                         0x20000004   Data           4  task_init.o(.data)
    ulHighFrequencyTimerTicks                0x20000010   Data           4  task_init.o(.data)
    xUsart1RxQueue                           0x20000020   Data           4  task_usart.o(.data)
    xUsart2RxQueue                           0x20000024   Data           4  task_usart.o(.data)
    xUsart3RxQueue                           0x20000028   Data           4  task_usart.o(.data)
    xUsart6RxQueue                           0x2000002c   Data           4  task_usart.o(.data)
    xUart7RxQueue                            0x20000030   Data           4  task_usart.o(.data)
    xusartTxQueue                            0x20000034   Data           4  task_usart.o(.data)
    xCanSendQueue                            0x20000050   Data           4  task_can.o(.data)
    xCan1RxQueue                             0x20000054   Data           4  task_can.o(.data)
    xCan2RxQueue                             0x20000058   Data           4  task_can.o(.data)
    RcYaw                                    0x2000006c   Data           4  gimbal.o(.data)
    RcPitch                                  0x20000070   Data           4  gimbal.o(.data)
    receive_finished                         0x20000083   Data           1  im1253b.o(.data)
    __stdout                                 0x20000084   Data           4  bsp_usart.o(.data)
    pxCurrentTCB                             0x20000088   Data           4  tasks.o(.data)
    SystemCoreClock                          0x20000114   Data           4  system_stm32f4xx.o(.data)
    AHBPrescTable                            0x20000118   Data          16  system_stm32f4xx.o(.data)
    __microlib_freelist                      0x20000128   Data           4  mvars.o(.data)
    __microlib_freelist_initialised          0x2000012c   Data           4  mvars.o(.data)
    Chassis                                  0x20000134   Data         380  chassis.o(.bss)
    Joint                                    0x200002b0   Data         632  joint.o(.bss)
    Filter                                   0x20000528   Data          12  filter.o(.bss)
    DR16                                     0x20000534   Data          52  dr16.o(.bss)
    Motor                                    0x200005b0   Data        2252  motor.o(.bss)
    DigitalServo                             0x20000e7c   Data         512  servo.o(.bss)
    GY955                                    0x2000107c   Data          92  gyro.o(.bss)
    Posture                                  0x200011e0   Data          76  encoder.o(.bss)
    Camera                                   0x2000122c   Data         160  camera.o(.bss)
    Laser                                    0x200012cc   Data         260  camera.o(.bss)
    Gripper                                  0x200013d0   Data         280  camera.o(.bss)
    RFIDBuf                                  0x200014e8   Data           9  camera.o(.bss)
    Ultrasonic                               0x200014f2   Data          28  ultrasonic.o(.bss)
    UsartHmi                                 0x2000150e   Data          20  usarthmi.o(.bss)
    IM1253B                                  0x20001524   Data          56  im1253b.o(.bss)
    xQueueRegistry                           0x2000155c   Data          64  queue.o(.bss)
    __heap_base                              0x20014290   Data           0  startup_stm32f427_437xx.o(HEAP)
    __heap_limit                             0x20014490   Data           0  startup_stm32f427_437xx.o(HEAP)
    __initial_sp                             0x20014890   Data           0  startup_stm32f427_437xx.o(STACK)



==============================================================================

Memory Map of the image

  Image Entry point : 0x080001ad

  Load Region LR_IROM1 (Base: 0x08000000, Size: 0x00006844, Max: 0x00200000, ABSOLUTE, COMPRESSED[0x00006730])

    Execution Region ER_IROM1 (Exec base: 0x08000000, Load base: 0x08000000, Size: 0x00006710, Max: 0x00200000, ABSOLUTE)

    Exec Addr    Load Addr    Size         Type   Attr      Idx    E Section Name        Object

    0x08000000   0x08000000   0x000001ac   Data   RO         3331    RESET               startup_stm32f427_437xx.o
    0x080001ac   0x080001ac   0x00000000   Code   RO         8447  * .ARM.Collect$$$$00000000  mc_w.l(entry.o)
    0x080001ac   0x080001ac   0x00000004   Code   RO         8804    .ARM.Collect$$$$00000001  mc_w.l(entry2.o)
    0x080001b0   0x080001b0   0x00000004   Code   RO         8807    .ARM.Collect$$$$00000004  mc_w.l(entry5.o)
    0x080001b4   0x080001b4   0x00000000   Code   RO         8809    .ARM.Collect$$$$00000008  mc_w.l(entry7b.o)
    0x080001b4   0x080001b4   0x00000000   Code   RO         8811    .ARM.Collect$$$$0000000A  mc_w.l(entry8b.o)
    0x080001b4   0x080001b4   0x00000008   Code   RO         8812    .ARM.Collect$$$$0000000B  mc_w.l(entry9a.o)
    0x080001bc   0x080001bc   0x00000000   Code   RO         8814    .ARM.Collect$$$$0000000D  mc_w.l(entry10a.o)
    0x080001bc   0x080001bc   0x00000000   Code   RO         8816    .ARM.Collect$$$$0000000F  mc_w.l(entry11a.o)
    0x080001bc   0x080001bc   0x00000004   Code   RO         8805    .ARM.Collect$$$$00002712  mc_w.l(entry2.o)
    0x080001c0   0x080001c0   0x000000be   Code   RO         3252    .emb_text           port.o
    0x0800027e   0x0800027e   0x00000002   PAD
    0x08000280   0x08000280   0x00000024   Code   RO         3332    .text               startup_stm32f427_437xx.o
    0x080002a4   0x080002a4   0x00000024   Code   RO         8452    .text               mc_w.l(memcpya.o)
    0x080002c8   0x080002c8   0x00000024   Code   RO         8456    .text               mc_w.l(memseta.o)
    0x080002ec   0x080002ec   0x0000014e   Code   RO         8753    .text               mf_w.l(dadd.o)
    0x0800043a   0x0800043a   0x000000e4   Code   RO         8755    .text               mf_w.l(dmul.o)
    0x0800051e   0x0800051e   0x00000022   Code   RO         8757    .text               mf_w.l(dflti.o)
    0x08000540   0x08000540   0x0000003e   Code   RO         8759    .text               mf_w.l(dfixi.o)
    0x0800057e   0x0800057e   0x00000026   Code   RO         8761    .text               mf_w.l(f2d.o)
    0x080005a4   0x080005a4   0x00000038   Code   RO         8763    .text               mf_w.l(d2f.o)
    0x080005dc   0x080005dc   0x0000002c   Code   RO         8818    .text               mc_w.l(uidiv.o)
    0x08000608   0x08000608   0x0000001e   Code   RO         8822    .text               mc_w.l(llshl.o)
    0x08000626   0x08000626   0x00000020   Code   RO         8824    .text               mc_w.l(llushr.o)
    0x08000646   0x08000646   0x00000024   Code   RO         8826    .text               mc_w.l(llsshr.o)
    0x0800066a   0x0800066a   0x00000000   Code   RO         8837    .text               mc_w.l(iusefp.o)
    0x0800066a   0x0800066a   0x0000006e   Code   RO         8838    .text               mf_w.l(fepilogue.o)
    0x080006d8   0x080006d8   0x000000ba   Code   RO         8840    .text               mf_w.l(depilogue.o)
    0x08000792   0x08000792   0x000000de   Code   RO         8842    .text               mf_w.l(ddiv.o)
    0x08000870   0x08000870   0x00000024   Code   RO         8856    .text               mc_w.l(init.o)
    0x08000894   0x08000894   0x0000001a   Code   RO         8858    .text               mf_w.l(dfltui.o)
    0x080008ae   0x080008ae   0x00000056   Code   RO         8868    .text               mc_w.l(__dczerorl2.o)
    0x08000904   0x08000904   0x000000d0   Code   RO         2026    i.BSP_CAN1_Init     bsp_can.o
    0x080009d4   0x080009d4   0x0000010e   Code   RO         2056    i.BSP_NVIC_Init     bsp_nvic.o
    0x08000ae2   0x08000ae2   0x00000002   PAD
    0x08000ae4   0x08000ae4   0x000000a8   Code   RO         1935    i.BSP_UART7_Init    bsp_usart.o
    0x08000b8c   0x08000b8c   0x000000a4   Code   RO         1936    i.BSP_UART8_Init    bsp_usart.o
    0x08000c30   0x08000c30   0x000000a8   Code   RO         1937    i.BSP_USART1_Init   bsp_usart.o
    0x08000cd8   0x08000cd8   0x000000a8   Code   RO         1939    i.BSP_USART2_Init   bsp_usart.o
    0x08000d80   0x08000d80   0x000000a8   Code   RO         1940    i.BSP_USART3_Init   bsp_usart.o
    0x08000e28   0x08000e28   0x000000a8   Code   RO         1941    i.BSP_USART6_Init   bsp_usart.o
    0x08000ed0   0x08000ed0   0x00000002   Code   RO          182    i.BusFault_Handler  stm32f4xx_it.o
    0x08000ed2   0x08000ed2   0x00000002   PAD
    0x08000ed4   0x08000ed4   0x0000005c   Code   RO          183    i.CAN1_RX0_IRQHandler  stm32f4xx_it.o
    0x08000f30   0x08000f30   0x0000005c   Code   RO          184    i.CAN2_RX0_IRQHandler  stm32f4xx_it.o
    0x08000f8c   0x08000f8c   0x00000078   Code   RO         3635    i.CAN_ClearITPendingBit  stm32f4xx_can.o
    0x08001004   0x08001004   0x000000cc   Code   RO         3639    i.CAN_FilterInit    stm32f4xx_can.o
    0x080010d0   0x080010d0   0x000000a8   Code   RO         3641    i.CAN_GetITStatus   stm32f4xx_can.o
    0x08001178   0x08001178   0x00000010   Code   RO         3645    i.CAN_ITConfig      stm32f4xx_can.o
    0x08001188   0x08001188   0x000000e8   Code   RO         3646    i.CAN_Init          stm32f4xx_can.o
    0x08001270   0x08001270   0x00000090   Code   RO         3649    i.CAN_Receive       stm32f4xx_can.o
    0x08001300   0x08001300   0x000000a4   Code   RO         3654    i.CAN_Transmit      stm32f4xx_can.o
    0x080013a4   0x080013a4   0x000000c8   Code   RO         1718    i.Camera_getMassage  camera.o
    0x0800146c   0x0800146c   0x000000b0   Code   RO          582    i.CanTaskCreate     task_can.o
    0x0800151c   0x0800151c   0x00000124   Code   RO          628    i.Chassis_Init      chassis.o
    0x08001640   0x08001640   0x0000000c   Code   RO         3657    i.CheckITStatus     stm32f4xx_can.o
    0x0800164c   0x0800164c   0x00000088   Code   RO          461    i.ControlTaskCreate  task_ctrl.o
    0x080016d4   0x080016d4   0x0000007c   Code   RO          891    i.Curve_Sin         curve.o
    0x08001750   0x08001750   0x00000014   Code   RO         4153    i.DMA_Cmd           stm32f4xx_dma.o
    0x08001764   0x08001764   0x00000124   Code   RO         4154    i.DMA_DeInit        stm32f4xx_dma.o
    0x08001888   0x08001888   0x0000000e   Code   RO         4158    i.DMA_GetCmdStatus  stm32f4xx_dma.o
    0x08001896   0x08001896   0x00000006   Code   RO         4159    i.DMA_GetCurrDataCounter  stm32f4xx_dma.o
    0x0800189c   0x0800189c   0x00000054   Code   RO         4165    i.DMA_Init          stm32f4xx_dma.o
    0x080018f0   0x080018f0   0x00000080   Code   RO         2080    i.DMA_UART7RxConfig  bsp_dma.o
    0x08001970   0x08001970   0x00000080   Code   RO         2081    i.DMA_UART8RxConfig  bsp_dma.o
    0x080019f0   0x080019f0   0x00000080   Code   RO         2082    i.DMA_USART1RxConfig  bsp_dma.o
    0x08001a70   0x08001a70   0x00000080   Code   RO         2083    i.DMA_USART2RxConfig  bsp_dma.o
    0x08001af0   0x08001af0   0x00000080   Code   RO         2085    i.DMA_USART3RxConfig  bsp_dma.o
    0x08001b70   0x08001b70   0x00000080   Code   RO         2086    i.DMA_USART6RxConfig  bsp_dma.o
    0x08001bf0   0x08001bf0   0x0000002c   Code   RO         1156    i.DR16_Init         dr16.o
    0x08001c1c   0x08001c1c   0x0000008c   Code   RO         1157    i.DR16_getMessage   dr16.o
    0x08001ca8   0x08001ca8   0x00000058   Code   RO         1369    i.DXL1_getMassage   servo.o
    0x08001d00   0x08001d00   0x0000013c   Code   RO         1374    i.DXL1_setSyncMsg   servo.o
    0x08001e3c   0x08001e3c   0x00000002   Code   RO          185    i.DebugMon_Handler  stm32f4xx_it.o
    0x08001e3e   0x08001e3e   0x00000010   Code   RO         1060    i.Filter_Absolute   filter.o
    0x08001e4e   0x08001e4e   0x00000002   PAD
    0x08001e50   0x08001e50   0x00000020   Code   RO         1061    i.Filter_Init       filter.o
    0x08001e70   0x08001e70   0x00000054   Code   RO         1062    i.Filter_Limit      filter.o
    0x08001ec4   0x08001ec4   0x00000016   Code   RO         1063    i.Filter_Lowpass    filter.o
    0x08001eda   0x08001eda   0x000000a2   Code   RO         4998    i.GPIO_Init         stm32f4xx_gpio.o
    0x08001f7c   0x08001f7c   0x00000020   Code   RO         4999    i.GPIO_PinAFConfig  stm32f4xx_gpio.o
    0x08001f9c   0x08001f9c   0x00000004   Code   RO         5005    i.GPIO_ResetBits    stm32f4xx_gpio.o
    0x08001fa0   0x08001fa0   0x00000004   Code   RO         5006    i.GPIO_SetBits      stm32f4xx_gpio.o
    0x08001fa4   0x08001fa4   0x0000000a   Code   RO         5010    i.GPIO_WriteBit     stm32f4xx_gpio.o
    0x08001fae   0x08001fae   0x00000002   PAD
    0x08001fb0   0x08001fb0   0x00000084   Code   RO         1556    i.GY955_getMassage  gyro.o
    0x08002034   0x08002034   0x00000536   Code   RO          688    i.Gimbal_Ctrl       gimbal.o
    0x0800256a   0x0800256a   0x00000002   PAD
    0x0800256c   0x0800256c   0x00000010   Code   RO         1557    i.Gyro_Init         gyro.o
    0x0800257c   0x0800257c   0x00000002   Code   RO          186    i.HardFault_Handler  stm32f4xx_it.o
    0x0800257e   0x0800257e   0x00000002   PAD
    0x08002580   0x08002580   0x0000007c   Code   RO         1864    i.IM1253B_getMessage  im1253b.o
    0x080025fc   0x080025fc   0x00000054   Code   RO         1865    i.IM1253B_readData  im1253b.o
    0x08002650   0x08002650   0x00000104   Code   RO          719    i.Joint_Init        joint.o
    0x08002754   0x08002754   0x0000002c   Code   RO         1120    i.KEY_Init          key.o
    0x08002780   0x08002780   0x0000009c   Code   RO         1096    i.LED_Init          led.o
    0x0800281c   0x0800281c   0x00000040   Code   RO         1191    i.M2006_getMessage  motor.o
    0x0800285c   0x0800285c   0x00000054   Code   RO         1192    i.M2006_setCurrent  motor.o
    0x080028b0   0x080028b0   0x0000006c   Code   RO         1193    i.M3508_getMessage  motor.o
    0x0800291c   0x0800291c   0x00000054   Code   RO         1194    i.M3508_setCurrent  motor.o
    0x08002970   0x08002970   0x00000048   Code   RO         1195    i.M6020_getMessage  motor.o
    0x080029b8   0x080029b8   0x00000054   Code   RO         1196    i.M6020_setCurrent  motor.o
    0x08002a0c   0x08002a0c   0x000000ac   Code   RO         1197    i.M6020_setLimitAngle  motor.o
    0x08002ab8   0x08002ab8   0x0000009c   Code   RO         1198    i.M6020_setTargetAngle  motor.o
    0x08002b54   0x08002b54   0x00000034   Code   RO         1199    i.M6623_getMessage  motor.o
    0x08002b88   0x08002b88   0x00000002   Code   RO          187    i.MemManage_Handler  stm32f4xx_it.o
    0x08002b8a   0x08002b8a   0x00000002   PAD
    0x08002b8c   0x08002b8c   0x0000011c   Code   RO         1200    i.Motor_Init        motor.o
    0x08002ca8   0x08002ca8   0x00000002   Code   RO          188    i.NMI_Handler       stm32f4xx_it.o
    0x08002caa   0x08002caa   0x00000002   PAD
    0x08002cac   0x08002cac   0x00000064   Code   RO         3339    i.NVIC_Init         misc.o
    0x08002d10   0x08002d10   0x00000014   Code   RO         3340    i.NVIC_PriorityGroupConfig  misc.o
    0x08002d24   0x08002d24   0x0000003c   Code   RO         1269    i.OLED_Clear        oled.o
    0x08002d60   0x08002d60   0x00000194   Code   RO         1273    i.OLED_Init         oled.o
    0x08002ef4   0x08002ef4   0x0000002c   Code   RO         1274    i.OLED_Set_Pos      oled.o
    0x08002f20   0x08002f20   0x0000006c   Code   RO         1279    i.OLED_WR_Byte      oled.o
    0x08002f8c   0x08002f8c   0x00000018   Code   RO          982    i.PID_StructInit    pid.o
    0x08002fa4   0x08002fa4   0x00000030   Code   RO         1792    i.Photoelectric_Init  photoelectric.o
    0x08002fd4   0x08002fd4   0x00000018   Code   RO         5936    i.RCC_AHB1PeriphClockCmd  stm32f4xx_rcc.o
    0x08002fec   0x08002fec   0x00000018   Code   RO         5945    i.RCC_APB1PeriphClockCmd  stm32f4xx_rcc.o
    0x08003004   0x08003004   0x00000018   Code   RO         5948    i.RCC_APB2PeriphClockCmd  stm32f4xx_rcc.o
    0x0800301c   0x0800301c   0x00000094   Code   RO         5957    i.RCC_GetClocksFreq  stm32f4xx_rcc.o
    0x080030b0   0x080030b0   0x00000050   Code   RO         1596    i.RoboModule_DRV_Mode_Choice  robomodule.o
    0x08003100   0x08003100   0x00000050   Code   RO         1600    i.RoboModule_DRV_Reset  robomodule.o
    0x08003150   0x08003150   0x0000004c   Code   RO         1603    i.RoboModule_Init   robomodule.o
    0x0800319c   0x0800319c   0x000000d0   Code   RO         8362    i.SetSysClock       system_stm32f4xx.o
    0x0800326c   0x0800326c   0x0000002c   Code   RO         3253    i.SysTick_Handler   port.o
    0x08003298   0x08003298   0x0000005c   Code   RO         8364    i.SystemInit        system_stm32f4xx.o
    0x080032f4   0x080032f4   0x00000030   Code   RO          189    i.TIM6_DAC_IRQHandler  stm32f4xx_it.o
    0x08003324   0x08003324   0x00000006   Code   RO         7322    i.TIM_ClearITPendingBit  stm32f4xx_tim.o
    0x0800332a   0x0800332a   0x00000018   Code   RO         7348    i.TIM_GetITStatus   stm32f4xx_tim.o
    0x08003342   0x08003342   0x00000002   PAD
    0x08003344   0x08003344   0x00000068   Code   RO          190    i.UART7_IRQHandler  stm32f4xx_it.o
    0x080033ac   0x080033ac   0x0000006c   Code   RO          191    i.USART1_IRQHandler  stm32f4xx_it.o
    0x08003418   0x08003418   0x00000068   Code   RO          192    i.USART2_IRQHandler  stm32f4xx_it.o
    0x08003480   0x08003480   0x00000068   Code   RO          193    i.USART3_IRQHandler  stm32f4xx_it.o
    0x080034e8   0x080034e8   0x00000068   Code   RO          194    i.USART6_IRQHandler  stm32f4xx_it.o
    0x08003550   0x08003550   0x00000014   Code   RO         7868    i.USART_Cmd         stm32f4xx_usart.o
    0x08003564   0x08003564   0x00000010   Code   RO         7869    i.USART_DMACmd      stm32f4xx_usart.o
    0x08003574   0x08003574   0x0000000e   Code   RO         7871    i.USART_GetFlagStatus  stm32f4xx_usart.o
    0x08003582   0x08003582   0x0000003e   Code   RO         7872    i.USART_GetITStatus  stm32f4xx_usart.o
    0x080035c0   0x080035c0   0x00000030   Code   RO         7874    i.USART_ITConfig    stm32f4xx_usart.o
    0x080035f0   0x080035f0   0x000000ac   Code   RO         7875    i.USART_Init        stm32f4xx_usart.o
    0x0800369c   0x0800369c   0x00000008   Code   RO         7885    i.USART_SendData    stm32f4xx_usart.o
    0x080036a4   0x080036a4   0x00000016   Code   RO         1943    i.USART_sendChar    bsp_usart.o
    0x080036ba   0x080036ba   0x00000002   Code   RO          195    i.UsageFault_Handler  stm32f4xx_it.o
    0x080036bc   0x080036bc   0x00000060   Code   RO         1827    i.UsartHmi_getMessage  usarthmi.o
    0x0800371c   0x0800371c   0x00000194   Code   RO         1828    i.UsartHmi_setMessage  usarthmi.o
    0x080038b0   0x080038b0   0x0000015c   Code   RO          505    i.UsartTaskCreate   task_usart.o
    0x08003a0c   0x08003a0c   0x00000020   Code   RO         8553    i.__0printf$3       mc_w.l(printf3.o)
    0x08003a2c   0x08003a2c   0x00000030   Code   RO         8788    i.__ARM_fpclassify  m_wm.l(fpclassify.o)
    0x08003a5c   0x08003a5c   0x00000004   PAD
    0x08003a60   0x08003a60   0x000000c8   Code   RO         8397    i.__hardfp_cos      m_wm.l(cos.o)
    0x08003b28   0x08003b28   0x000000c8   Code   RO         8423    i.__hardfp_sin      m_wm.l(sin.o)
    0x08003bf0   0x08003bf0   0x00000438   Code   RO         8793    i.__ieee754_rem_pio2  m_wm.l(rred.o)
    0x08004028   0x08004028   0x00000170   Code   RO         8765    i.__kernel_cos      m_wm.l(cos_i.o)
    0x08004198   0x08004198   0x000000f8   Code   RO         8790    i.__kernel_poly     m_wm.l(poly.o)
    0x08004290   0x08004290   0x00000130   Code   RO         8798    i.__kernel_sin      m_wm.l(sin_i.o)
    0x080043c0   0x080043c0   0x00000014   Code   RO         8769    i.__mathlib_dbl_infnan  m_wm.l(dunder.o)
    0x080043d4   0x080043d4   0x00000004   PAD
    0x080043d8   0x080043d8   0x00000020   Code   RO         8771    i.__mathlib_dbl_invalid  m_wm.l(dunder.o)
    0x080043f8   0x080043f8   0x00000020   Code   RO         8774    i.__mathlib_dbl_underflow  m_wm.l(dunder.o)
    0x08004418   0x08004418   0x0000000e   Code   RO         8862    i.__scatterload_copy  mc_w.l(handlers.o)
    0x08004426   0x08004426   0x00000002   Code   RO         8863    i.__scatterload_null  mc_w.l(handlers.o)
    0x08004428   0x08004428   0x0000000e   Code   RO         8864    i.__scatterload_zeroinit  mc_w.l(handlers.o)
    0x08004436   0x08004436   0x00000002   PAD
    0x08004438   0x08004438   0x0000000c   Code   RO         8832    i.__set_errno       mc_w.l(errno.o)
    0x08004444   0x08004444   0x000001b8   Code   RO         8560    i._printf_core      mc_w.l(printf3.o)
    0x080045fc   0x080045fc   0x0000001e   Code   RO         1866    i.calccrc           im1253b.o
    0x0800461a   0x0800461a   0x0000002a   Code   RO         1867    i.chkcrc            im1253b.o
    0x08004644   0x08004644   0x00000024   Code   RO          945    i.delay_init        delay.o
    0x08004668   0x08004668   0x0000001a   Code   RO          946    i.delay_ms          delay.o
    0x08004682   0x08004682   0x00000002   PAD
    0x08004684   0x08004684   0x0000002c   Code   RO          947    i.delay_us          delay.o
    0x080046b0   0x080046b0   0x00000018   Code   RO         8784    i.fabs              m_wm.l(fabs.o)
    0x080046c8   0x080046c8   0x00000018   Code   RO         1945    i.fputc             bsp_usart.o
    0x080046e0   0x080046e0   0x00000050   Code   RO         8725    i.free              mc_w.l(malloc.o)
    0x08004730   0x08004730   0x000001c4   Code   RO          895    i.get_alpha         curve.o
    0x080048f4   0x080048f4   0x00000034   Code   RO            4    i.main              main.o
    0x08004928   0x08004928   0x0000006c   Code   RO         8726    i.malloc            mc_w.l(malloc.o)
    0x08004994   0x08004994   0x0000000e   Code   RO          984    i.pidParamInit      pid.o
    0x080049a2   0x080049a2   0x00000006   Code   RO          985    i.pidReset          pid.o
    0x080049a8   0x080049a8   0x00000070   Code   RO         2722    i.prvAddCurrentTaskToDelayedList  tasks.o
    0x08004a18   0x08004a18   0x000000d0   Code   RO         2723    i.prvAddNewTaskToReadyList  tasks.o
    0x08004ae8   0x08004ae8   0x00000050   Code   RO         3076    i.prvCheckForValidListAndQueue  timers.o
    0x08004b38   0x08004b38   0x00000026   Code   RO         2377    i.prvCopyDataFromQueue  queue.o
    0x08004b5e   0x08004b5e   0x0000006c   Code   RO         2378    i.prvCopyDataToQueue  queue.o
    0x08004bca   0x08004bca   0x00000014   Code   RO         2724    i.prvDeleteTCB      tasks.o
    0x08004bde   0x08004bde   0x00000002   PAD
    0x08004be0   0x08004be0   0x0000004c   Code   RO         3203    i.prvHeapInit       heap_4.o
    0x08004c2c   0x08004c2c   0x00000060   Code   RO         2725    i.prvIdleTask       tasks.o
    0x08004c8c   0x08004c8c   0x0000009e   Code   RO         2726    i.prvInitialiseNewTask  tasks.o
    0x08004d2a   0x08004d2a   0x00000002   PAD
    0x08004d2c   0x08004d2c   0x0000004c   Code   RO         3204    i.prvInsertBlockIntoFreeList  heap_4.o
    0x08004d78   0x08004d78   0x00000038   Code   RO         3077    i.prvInsertTimerInActiveList  timers.o
    0x08004db0   0x08004db0   0x0000001c   Code   RO         2379    i.prvIsQueueEmpty   queue.o
    0x08004dcc   0x08004dcc   0x000000b8   Code   RO         3078    i.prvProcessReceivedCommands  timers.o
    0x08004e84   0x08004e84   0x000000b4   Code   RO         3079    i.prvProcessTimerOrBlockTask  timers.o
    0x08004f38   0x08004f38   0x00000020   Code   RO         2728    i.prvResetNextTaskUnblockTime  tasks.o
    0x08004f58   0x08004f58   0x00000028   Code   RO         3080    i.prvSampleTimeNow  timers.o
    0x08004f80   0x08004f80   0x0000006c   Code   RO         3081    i.prvSwitchTimerLists  timers.o
    0x08004fec   0x08004fec   0x00000028   Code   RO         3254    i.prvTaskExitError  port.o
    0x08005014   0x08005014   0x00000024   Code   RO         3082    i.prvTimerTask      timers.o
    0x08005038   0x08005038   0x0000006a   Code   RO         2380    i.prvUnlockQueue    queue.o
    0x080050a2   0x080050a2   0x00000002   PAD
    0x080050a4   0x080050a4   0x000000d8   Code   RO         3205    i.pvPortMalloc      heap_4.o
    0x0800517c   0x0800517c   0x0000002c   Code   RO         3255    i.pxPortInitialiseStack  port.o
    0x080051a8   0x080051a8   0x00000026   Code   RO         2337    i.uxListRemove      list.o
    0x080051ce   0x080051ce   0x00000016   Code   RO         2338    i.vListInitialise   list.o
    0x080051e4   0x080051e4   0x00000006   Code   RO         2339    i.vListInitialiseItem  list.o
    0x080051ea   0x080051ea   0x00000030   Code   RO         2340    i.vListInsert       list.o
    0x0800521a   0x0800521a   0x00000018   Code   RO         2341    i.vListInsertEnd    list.o
    0x08005232   0x08005232   0x00000002   PAD
    0x08005234   0x08005234   0x00000040   Code   RO         3257    i.vPortEnterCritical  port.o
    0x08005274   0x08005274   0x00000028   Code   RO         3258    i.vPortExitCritical  port.o
    0x0800529c   0x0800529c   0x0000005c   Code   RO         3206    i.vPortFree         heap_4.o
    0x080052f8   0x080052f8   0x00000024   Code   RO         3259    i.vPortSetupTimerInterrupt  port.o
    0x0800531c   0x0800531c   0x00000054   Code   RO         3260    i.vPortValidateInterruptPriority  port.o
    0x08005370   0x08005370   0x00000028   Code   RO         2386    i.vQueueAddToRegistry  queue.o
    0x08005398   0x08005398   0x00000044   Code   RO         2390    i.vQueueWaitForMessageRestricted  queue.o
    0x080053dc   0x080053dc   0x00000044   Code   RO          583    i.vTaskCan1Receive  task_can.o
    0x08005420   0x08005420   0x00000018   Code   RO          584    i.vTaskCan2Receive  task_can.o
    0x08005438   0x08005438   0x00000040   Code   RO          585    i.vTaskCanSend      task_can.o
    0x08005478   0x08005478   0x00000014   Code   RO          462    i.vTaskCtrlChassis  task_ctrl.o
    0x0800548c   0x0800548c   0x0000004c   Code   RO          463    i.vTaskCtrlGimbal   task_ctrl.o
    0x080054d8   0x080054d8   0x0000000c   Code   RO          464    i.vTaskCtrlJoint    task_ctrl.o
    0x080054e4   0x080054e4   0x0000004c   Code   RO         2739    i.vTaskDelay        tasks.o
    0x08005530   0x08005530   0x0000008c   Code   RO         2740    i.vTaskDelayUntil   tasks.o
    0x080055bc   0x080055bc   0x000000ac   Code   RO         2741    i.vTaskDelete       tasks.o
    0x08005668   0x08005668   0x00000010   Code   RO         2745    i.vTaskInternalSetTimeOutState  tasks.o
    0x08005678   0x08005678   0x0000008c   Code   RO          351    i.vTaskLED          task_init.o
    0x08005704   0x08005704   0x0000000c   Code   RO         2747    i.vTaskMissedYield  tasks.o
    0x08005710   0x08005710   0x00000030   Code   RO         2749    i.vTaskPlaceOnEventList  tasks.o
    0x08005740   0x08005740   0x00000038   Code   RO         2750    i.vTaskPlaceOnEventListRestricted  tasks.o
    0x08005778   0x08005778   0x00000128   Code   RO          352    i.vTaskStart        task_init.o
    0x080058a0   0x080058a0   0x00000078   Code   RO         2758    i.vTaskStartScheduler  tasks.o
    0x08005918   0x08005918   0x00000010   Code   RO         2760    i.vTaskSuspendAll   tasks.o
    0x08005928   0x08005928   0x00000078   Code   RO         2761    i.vTaskSwitchContext  tasks.o
    0x080059a0   0x080059a0   0x00000100   Code   RO          353    i.vTaskTest         task_init.o
    0x08005aa0   0x08005aa0   0x00000020   Code   RO          507    i.vTaskUart7Receive  task_usart.o
    0x08005ac0   0x08005ac0   0x00000034   Code   RO          508    i.vTaskUsart1Receive  task_usart.o
    0x08005af4   0x08005af4   0x00000020   Code   RO          509    i.vTaskUsart2Receive  task_usart.o
    0x08005b14   0x08005b14   0x00000020   Code   RO          510    i.vTaskUsart3Receive  task_usart.o
    0x08005b34   0x08005b34   0x00000020   Code   RO          511    i.vTaskUsart6Receive  task_usart.o
    0x08005b54   0x08005b54   0x0000011c   Code   RO          512    i.vTaskUsartSend    task_usart.o
    0x08005c70   0x08005c70   0x000000f4   Code   RO         3261    i.xPortStartScheduler  port.o
    0x08005d64   0x08005d64   0x00000052   Code   RO         2393    i.xQueueGenericCreate  queue.o
    0x08005db6   0x08005db6   0x00000002   PAD
    0x08005db8   0x08005db8   0x00000088   Code   RO         2394    i.xQueueGenericReset  queue.o
    0x08005e40   0x08005e40   0x00000160   Code   RO         2395    i.xQueueGenericSend  queue.o
    0x08005fa0   0x08005fa0   0x000000bc   Code   RO         2396    i.xQueueGenericSendFromISR  queue.o
    0x0800605c   0x0800605c   0x00000138   Code   RO         2403    i.xQueueReceive     queue.o
    0x08006194   0x08006194   0x00000074   Code   RO         2762    i.xTaskCheckForTimeOut  tasks.o
    0x08006208   0x08006208   0x00000056   Code   RO         2763    i.xTaskCreate       tasks.o
    0x0800625e   0x0800625e   0x00000002   PAD
    0x08006260   0x08006260   0x0000001c   Code   RO         2767    i.xTaskGetSchedulerState  tasks.o
    0x0800627c   0x0800627c   0x0000000c   Code   RO         2768    i.xTaskGetTickCount  tasks.o
    0x08006288   0x08006288   0x000000c8   Code   RO         2770    i.xTaskIncrementTick  tasks.o
    0x08006350   0x08006350   0x00000098   Code   RO         2773    i.xTaskPriorityDisinherit  tasks.o
    0x080063e8   0x080063e8   0x00000074   Code   RO         2775    i.xTaskRemoveFromEventList  tasks.o
    0x0800645c   0x0800645c   0x000000c4   Code   RO         2776    i.xTaskResumeAll    tasks.o
    0x08006520   0x08006520   0x0000004c   Code   RO         3088    i.xTimerCreateTimerTask  timers.o
    0x0800656c   0x0800656c   0x00000060   Code   RO         3089    i.xTimerGenericCommand  timers.o
    0x080065cc   0x080065cc   0x00000004   PAD
    0x080065d0   0x080065d0   0x00000030   Data   RO         8766    .constdata          m_wm.l(cos_i.o)
    0x08006600   0x08006600   0x000000c8   Data   RO         8795    .constdata          m_wm.l(rred.o)
    0x080066c8   0x080066c8   0x00000028   Data   RO         8799    .constdata          m_wm.l(sin_i.o)
    0x080066f0   0x080066f0   0x00000020   Data   RO         8860    Region$$Table       anon$$obj.o


    Execution Region RW_IRAM1 (Exec base: 0x20000000, Load base: 0x08006710, Size: 0x00014890, Max: 0x00030000, ABSOLUTE, COMPRESSED[0x00000020])

    Exec Addr    Load Addr    Size         Type   Attr      Idx    E Section Name        Object

    0x20000000   COMPRESSED   0x00000010   Data   RW          354    .data               task_init.o
    0x20000010   COMPRESSED   0x00000004   Data   RW          355    .data               task_init.o
    0x20000014   COMPRESSED   0x0000000c   Data   RW          465    .data               task_ctrl.o
    0x20000020   COMPRESSED   0x00000030   Data   RW          513    .data               task_usart.o
    0x20000050   COMPRESSED   0x00000018   Data   RW          586    .data               task_can.o
    0x20000068   COMPRESSED   0x00000010   Data   RW          690    .data               gimbal.o
    0x20000078   COMPRESSED   0x00000002   Data   RW         1204    .data               motor.o
    0x2000007a   COMPRESSED   0x00000006   Data   RW         1723    .data               camera.o
    0x20000080   COMPRESSED   0x00000003   Data   RW         1830    .data               usarthmi.o
    0x20000083   COMPRESSED   0x00000001   Data   RW         1871    .data               im1253b.o
    0x20000084   COMPRESSED   0x00000004   Data   RW         1946    .data               bsp_usart.o
    0x20000088   COMPRESSED   0x00000044   Data   RW         2779    .data               tasks.o
    0x200000cc   COMPRESSED   0x00000014   Data   RW         3095    .data               timers.o
    0x200000e0   COMPRESSED   0x00000018   Data   RW         3211    .data               heap_4.o
    0x200000f8   COMPRESSED   0x0000000c   Data   RW         3262    .data               port.o
    0x20000104   COMPRESSED   0x00000010   Data   RW         5989    .data               stm32f4xx_rcc.o
    0x20000114   COMPRESSED   0x00000014   Data   RW         8365    .data               system_stm32f4xx.o
    0x20000128   COMPRESSED   0x00000004   Data   RW         8828    .data               mc_w.l(mvars.o)
    0x2000012c   COMPRESSED   0x00000004   Data   RW         8829    .data               mc_w.l(mvars.o)
    0x20000130   COMPRESSED   0x00000004   Data   RW         8833    .data               mc_w.l(errno.o)
    0x20000134        -       0x0000017c   Zero   RW          632    .bss                chassis.o
    0x200002b0        -       0x00000278   Zero   RW          737    .bss                joint.o
    0x20000528        -       0x0000000c   Zero   RW         1064    .bss                filter.o
    0x20000534        -       0x00000034   Zero   RW         1158    .bss                dr16.o
    0x20000568        -       0x00000914   Zero   RW         1201    .bss                motor.o
    0x20000e7c        -       0x00000200   Zero   RW         1383    .bss                servo.o
    0x2000107c        -       0x0000005c   Zero   RW         1558    .bss                gyro.o
    0x200010d8        -       0x00000108   Zero   RW         1604    .bss                robomodule.o
    0x200011e0        -       0x0000004c   Zero   RW         1689    .bss                encoder.o
    0x2000122c        -       0x000002c5   Zero   RW         1722    .bss                camera.o
    0x200014f1   COMPRESSED   0x00000001   PAD
    0x200014f2        -       0x0000001c   Zero   RW         1767    .bss                ultrasonic.o
    0x2000150e        -       0x00000014   Zero   RW         1829    .bss                usarthmi.o
    0x20001522   COMPRESSED   0x00000002   PAD
    0x20001524        -       0x00000038   Zero   RW         1868    .bss                im1253b.o
    0x2000155c        -       0x00000040   Zero   RW         2407    .bss                queue.o
    0x2000159c        -       0x000000c8   Zero   RW         2778    .bss                tasks.o
    0x20001664        -       0x00000028   Zero   RW         3094    .bss                timers.o
    0x2000168c        -       0x00012c00   Zero   RW         3210    .bss                heap_4.o
    0x2001428c   COMPRESSED   0x00000004   PAD
    0x20014290        -       0x00000200   Zero   RW         3330    HEAP                startup_stm32f427_437xx.o
    0x20014490        -       0x00000400   Zero   RW         3329    STACK               startup_stm32f427_437xx.o


==============================================================================

Image component sizes


      Code (inc. data)   RO Data    RW Data    ZI Data      Debug   Object Name

       208         10          0          0          0        768   bsp_can.o
       768         48          0          0          0       4432   bsp_dma.o
       270          0          0          0          0        720   bsp_nvic.o
      1050         66          0          4          0       7129   bsp_usart.o
       200         14          0          6        709       2818   camera.o
       292         32          0          0        380       1549   chassis.o
       576         88          0          0          0       1748   curve.o
       106         22          0          0          0       2167   delay.o
       184         14          0          0         52       2179   dr16.o
         0          0          0          0         76        910   encoder.o
         0          0          0          0          0      10428   event_groups.o
       154         16          0          0         12       2755   filter.o
      1334         96          0         16          0       1720   gimbal.o
       148         18          0          0         92       2196   gyro.o
       460         24          0         24      76800       4571   heap_4.o
       280         14          0          1         56       4026   im1253b.o
       260         22          0          0        632       1483   joint.o
        44          4          0          0          0        523   key.o
       156         12          0          0          0        619   led.o
       138          0          0          0          0       3358   list.o
        52         22          0          0          0     322723   main.o
       120         14          0          0          0       1727   misc.o
      1160        124          0          2       2324       8162   motor.o
       616         18          0          0          0       4524   oled.o
        48          4          0          0          0        561   photoelectric.o
        44          8          0          0          0       2400   pid.o
       786         82          0         12          0      11657   port.o
      1458         20          0          0         64      13686   queue.o
       236         18          0          0        264       8594   robomodule.o
       404          8          0          0        512       4579   servo.o
        36          8        428          0       1536        952   startup_stm32f427_437xx.o
      1060         20          0          0          0       7442   stm32f4xx_can.o
       416         24          0          0          0       4926   stm32f4xx_dma.o
       212          0          0          0          0       3907   stm32f4xx_gpio.o
       768        140          0          0          0      15578   stm32f4xx_it.o
       220         34          0         16          0       5167   stm32f4xx_rcc.o
        30          0          0          0          0       3037   stm32f4xx_tim.o
       340          8          0          0          0       6144   stm32f4xx_usart.o
       300         36          0         20          0       2257   system_stm32f4xx.o
       332        100          0         24          0       2490   task_can.o
       244         84          0         12          0       2304   task_ctrl.o
       692        106          0         20          0       3282   task_init.o
       812        226          0         48          0       4872   task_usart.o
      2308        184          0         68        200      23520   tasks.o
       856         82          0         20         40      17291   timers.o
         0          0          0          0         28        657   ultrasonic.o
       500        132          0          3         20       2439   usarthmi.o

    ----------------------------------------------------------------------
     20716       2006        460        296      83804     540977   Object Totals
         0          0         32          0          0          0   (incl. Generated)
        38          4          0          0          7          0   (incl. Padding)

    ----------------------------------------------------------------------

      Code (inc. data)   RO Data    RW Data    ZI Data      Debug   Library Member Name

       200         20          0          0          0        164   cos.o
       368         46         48          0          0        200   cos_i.o
        84         16          0          0          0        372   dunder.o
        24          0          0          0          0        124   fabs.o
        48          0          0          0          0        124   fpclassify.o
       248          0          0          0          0        152   poly.o
      1080        142        200          0          0        188   rred.o
       200         20          0          0          0        164   sin.o
       304         24         40          0          0        208   sin_i.o
        86          0          0          0          0          0   __dczerorl2.o
         0          0          0          0          0          0   entry.o
         0          0          0          0          0          0   entry10a.o
         0          0          0          0          0          0   entry11a.o
         8          4          0          0          0          0   entry2.o
         4          0          0          0          0          0   entry5.o
         0          0          0          0          0          0   entry7b.o
         0          0          0          0          0          0   entry8b.o
         8          4          0          0          0          0   entry9a.o
        12          6          0          4          0         68   errno.o
        30          0          0          0          0          0   handlers.o
        36          8          0          0          0         68   init.o
         0          0          0          0          0          0   iusefp.o
        30          0          0          0          0         68   llshl.o
        36          0          0          0          0         68   llsshr.o
        32          0          0          0          0         68   llushr.o
       188         20          0          0          0        160   malloc.o
        36          0          0          0          0         68   memcpya.o
        36          0          0          0          0        108   memseta.o
         0          0          0          8          0          0   mvars.o
       472         14          0          0          0        184   printf3.o
        44          0          0          0          0         80   uidiv.o
        56          0          0          0          0         88   d2f.o
       334          0          0          0          0        148   dadd.o
       222          0          0          0          0        100   ddiv.o
       186          0          0          0          0        176   depilogue.o
        62          0          0          0          0         80   dfixi.o
        34          0          0          0          0         76   dflti.o
        26          0          0          0          0         76   dfltui.o
       228          0          0          0          0         96   dmul.o
        38          0          0          0          0         68   f2d.o
       110          0          0          0          0        168   fepilogue.o

    ----------------------------------------------------------------------
      4920        324        288         12          0       3712   Library Totals
        10          0          0          0          0          0   (incl. Padding)

    ----------------------------------------------------------------------

      Code (inc. data)   RO Data    RW Data    ZI Data      Debug   Library Name

      2556        268        288          0          0       1696   m_wm.l
      1058         56          0         12          0        940   mc_w.l
      1296          0          0          0          0       1076   mf_w.l

    ----------------------------------------------------------------------
      4920        324        288         12          0       3712   Library Totals

    ----------------------------------------------------------------------

==============================================================================


      Code (inc. data)   RO Data    RW Data    ZI Data      Debug   

     25636       2330        748        308      83804     524185   Grand Totals
     25636       2330        748         32      83804     524185   ELF Image Totals (compressed)
     25636       2330        748         32          0          0   ROM Totals

==============================================================================

    Total RO  Size (Code + RO Data)                26384 (  25.77kB)
    Total RW  Size (RW Data + ZI Data)             84112 (  82.14kB)
    Total ROM Size (Code + RO Data + RW Data)      26416 (  25.80kB)

==============================================================================

