Component: ARM Compiler 5.06 update 6 (build 750) Tool: armlink [4d35ed]

==============================================================================

Section Cross References

    main.o(i.main) refers to tasks.o(i.xTaskCreate) for xTaskCreate
    main.o(i.main) refers to tasks.o(i.vTaskStartScheduler) for vTaskStartScheduler
    main.o(i.main) refers to task_init.o(.data) for StartTaskHandler
    main.o(i.main) refers to task_init.o(i.vTaskStart) for vTaskStart
    stm32f4xx_it.o(i.USART1_IRQHandler) refers to stm32f4xx_usart.o(i.USART_GetITStatus) for USART_GetITStatus
    stm32f4xx_it.o(i.USART1_IRQHandler) refers to stm32f4xx_dma.o(i.DMA_Cmd) for DMA_Cmd
    stm32f4xx_it.o(i.USART1_IRQHandler) refers to stm32f4xx_dma.o(i.DMA_GetCurrDataCounter) for DMA_GetCurrDataCounter
    stm32f4xx_it.o(i.USART1_IRQHandler) refers to queue.o(i.xQueueGenericSendFromISR) for xQueueGenericSendFromISR
    stm32f4xx_it.o(i.USART1_IRQHandler) refers to dr16.o(.bss) for DR16
    stm32f4xx_it.o(i.USART1_IRQHandler) refers to task_usart.o(.data) for xUsart1RxQueue
    stm32f4xx_it.o(i.USART3_IRQHandler) refers to stm32f4xx_usart.o(i.USART_GetITStatus) for USART_GetITStatus
    stm32f4xx_it.o(i.USART3_IRQHandler) refers to stm32f4xx_dma.o(i.DMA_Cmd) for DMA_Cmd
    stm32f4xx_it.o(i.USART3_IRQHandler) refers to stm32f4xx_dma.o(i.DMA_GetCurrDataCounter) for DMA_GetCurrDataCounter
    stm32f4xx_it.o(i.USART3_IRQHandler) refers to queue.o(i.xQueueGenericSendFromISR) for xQueueGenericSendFromISR
    stm32f4xx_it.o(i.USART3_IRQHandler) refers to camera.o(.bss) for Laser
    stm32f4xx_it.o(i.USART3_IRQHandler) refers to task_usart.o(.data) for xUsart3RxQueue
    task_init.o(i.TestTaskCreate) refers to tasks.o(i.xTaskCreate) for xTaskCreate
    task_init.o(i.TestTaskCreate) refers to task_init.o(.data) for .data
    task_init.o(i.TestTaskCreate) refers to task_init.o(i.vTaskLED) for vTaskLED
    task_init.o(i.TestTaskCreate) refers to task_init.o(i.vTaskTest) for vTaskTest
    task_init.o(i.TestTaskCreate) refers to task_init.o(i.vTaskMonitor) for vTaskMonitor
    task_init.o(i.vTaskLED) refers to tasks.o(i.vTaskDelay) for vTaskDelay
    task_init.o(i.vTaskMonitor) refers to bsp_tim.o(i.BSP_TIM6Init) for BSP_TIM6Init
    task_init.o(i.vTaskMonitor) refers to printf3.o(i.__0printf$3) for __2printf
    task_init.o(i.vTaskMonitor) refers to tasks.o(i.vTaskList) for vTaskList
    task_init.o(i.vTaskMonitor) refers to tasks.o(i.vTaskGetRunTimeStats) for vTaskGetRunTimeStats
    task_init.o(i.vTaskMonitor) refers to tasks.o(i.vTaskDelay) for vTaskDelay
    task_init.o(i.vTaskStart) refers to port.o(i.vPortEnterCritical) for vPortEnterCritical
    task_init.o(i.vTaskStart) refers to bsp_usart.o(i.BSP_USART1_Init) for BSP_USART1_Init
    task_init.o(i.vTaskStart) refers to bsp_usart.o(i.BSP_USART2_Init) for BSP_USART2_Init
    task_init.o(i.vTaskStart) refers to bsp_usart.o(i.BSP_USART3_Init) for BSP_USART3_Init
    task_init.o(i.vTaskStart) refers to bsp_dma.o(i.DMA_USART1RxConfig) for DMA_USART1RxConfig
    task_init.o(i.vTaskStart) refers to bsp_dma.o(i.DMA_USART3RxConfig) for DMA_USART3RxConfig
    task_init.o(i.vTaskStart) refers to bsp_nvic.o(i.BSP_NVIC_Init) for BSP_NVIC_Init
    task_init.o(i.vTaskStart) refers to led.o(i.LED_Init) for LED_Init
    task_init.o(i.vTaskStart) refers to key.o(i.KEY_Init) for KEY_Init
    task_init.o(i.vTaskStart) refers to dr16.o(i.DR16_Init) for DR16_Init
    task_init.o(i.vTaskStart) refers to task_usart.o(i.UsartTaskCreate) for UsartTaskCreate
    task_init.o(i.vTaskStart) refers to task_init.o(i.TestTaskCreate) for TestTaskCreate
    task_init.o(i.vTaskStart) refers to tasks.o(i.vTaskDelay) for vTaskDelay
    task_init.o(i.vTaskStart) refers to task_ctrl.o(i.ControlTaskCreate) for ControlTaskCreate
    task_init.o(i.vTaskStart) refers to tasks.o(i.vTaskDelete) for vTaskDelete
    task_init.o(i.vTaskStart) refers to port.o(i.vPortExitCritical) for vPortExitCritical
    task_init.o(i.vTaskStart) refers to dr16.o(.bss) for DR16
    task_init.o(i.vTaskStart) refers to camera.o(.bss) for Laser
    task_init.o(i.vTaskStart) refers to task_init.o(.data) for .data
    task_init.o(i.vTaskTest) refers to key.o(i.KeyScan) for KeyScan
    task_init.o(i.vTaskTest) refers to tasks.o(i.vTaskDelay) for vTaskDelay
    task_ctrl.o(i.ControlTaskCreate) refers to tasks.o(i.xTaskCreate) for xTaskCreate
    task_ctrl.o(i.ControlTaskCreate) refers to task_ctrl.o(.data) for .data
    task_ctrl.o(i.ControlTaskCreate) refers to task_ctrl.o(i.vTaskCtrlGimbal) for vTaskCtrlGimbal
    task_ctrl.o(i.vTaskCtrlGimbal) refers to servo.o(i.DXL1_setSyncMsg) for DXL1_setSyncMsg
    task_ctrl.o(i.vTaskCtrlGimbal) refers to pid.o(i.PID_StructInit) for PID_StructInit
    task_ctrl.o(i.vTaskCtrlGimbal) refers to gimbal.o(i.Gimbal_Ctrl) for Gimbal_Ctrl
    task_ctrl.o(i.vTaskCtrlGimbal) refers to tasks.o(i.vTaskDelayUntil) for vTaskDelayUntil
    task_ctrl.o(i.vTaskCtrlGimbal) refers to camera.o(.bss) for Laser
[...]
    ..\\Libraries\\STM32F4xx_StdPeriph_Driver\\src\\stm32f4xx_spdifrx.c 0x00000000   Number         0  stm32f4xx_spdifrx.o ABSOLUTE
    ..\\Libraries\\STM32F4xx_StdPeriph_Driver\\src\\stm32f4xx_spi.c 0x00000000   Number         0  stm32f4xx_spi.o ABSOLUTE
    ..\\Libraries\\STM32F4xx_StdPeriph_Driver\\src\\stm32f4xx_syscfg.c 0x00000000   Number         0  stm32f4xx_syscfg.o ABSOLUTE
    ..\\Libraries\\STM32F4xx_StdPeriph_Driver\\src\\stm32f4xx_tim.c 0x00000000   Number         0  stm32f4xx_tim.o ABSOLUTE
    ..\\Libraries\\STM32F4xx_StdPeriph_Driver\\src\\stm32f4xx_usart.c 0x00000000   Number         0  stm32f4xx_usart.o ABSOLUTE
    ..\\Libraries\\STM32F4xx_StdPeriph_Driver\\src\\stm32f4xx_wwdg.c 0x00000000   Number         0  stm32f4xx_wwdg.o ABSOLUTE
    ..\\Task\\Task_Ctrl.c                    0x00000000   Number         0  task_ctrl.o ABSOLUTE
    ..\\Task\\Task_Init.c                    0x00000000   Number         0  task_init.o ABSOLUTE
    ..\\Task\\Task_Usart.c                   0x00000000   Number         0  task_usart.o ABSOLUTE
    ..\\User\\main.c                         0x00000000   Number         0  main.o ABSOLUTE
    ..\\User\\stm32f4xx_it.c                 0x00000000   Number         0  stm32f4xx_it.o ABSOLUTE
    cdrcmple.s                               0x00000000   Number         0  cdrcmple.o ABSOLUTE
    dc.s                                     0x00000000   Number         0  dc.o ABSOLUTE
    handlers.s                               0x00000000   Number         0  handlers.o ABSOLUTE
    init.s                                   0x00000000   Number         0  init.o ABSOLUTE
    RESET                                    0x08000000   Section      428  startup_stm32f427_437xx.o(RESET)
    .ARM.Collect$$$$00000000                 0x080001ac   Section        0  entry.o(.ARM.Collect$$$$00000000)
    .ARM.Collect$$$$00000001                 0x080001ac   Section        4  entry2.o(.ARM.Collect$$$$00000001)
    .ARM.Collect$$$$00000004                 0x080001b0   Section        4  entry5.o(.ARM.Collect$$$$00000004)
    .ARM.Collect$$$$00000008                 0x080001b4   Section        0  entry7b.o(.ARM.Collect$$$$00000008)
    .ARM.Collect$$$$0000000A                 0x080001b4   Section        0  entry8b.o(.ARM.Collect$$$$0000000A)
    .ARM.Collect$$$$0000000B                 0x080001b4   Section        8  entry9a.o(.ARM.Collect$$$$0000000B)
    .ARM.Collect$$$$0000000D                 0x080001bc   Section        0  entry10a.o(.ARM.Collect$$$$0000000D)
    .ARM.Collect$$$$0000000F                 0x080001bc   Section        0  entry11a.o(.ARM.Collect$$$$0000000F)
    .ARM.Collect$$$$00002712                 0x080001bc   Section        4  entry2.o(.ARM.Collect$$$$00002712)
    __lit__00000000                          0x080001bc   Data           4  entry2.o(.ARM.Collect$$$$00002712)
    .emb_text                                0x080001c0   Section      190  port.o(.emb_text)
    $v0                                      0x080001c0   Number         0  port.o(.emb_text)
    .text                                    0x08000280   Section       36  startup_stm32f427_437xx.o(.text)
    $v0                                      0x08000280   Number         0  startup_stm32f427_437xx.o(.text)
    .text                                    0x080002a4   Section        0  memcpya.o(.text)
    .text                                    0x080002c8   Section        0  memseta.o(.text)
    .text                                    0x080002ec   Section        0  strlen.o(.text)
    .text                                    0x080002fa   Section        0  strcpy.o(.text)
    .text                                    0x0800030c   Section        0  dadd.o(.text)
    .text                                    0x0800045a   Section        0  dmul.o(.text)
    .text                                    0x0800053e   Section        0  ddiv.o(.text)
    .text                                    0x0800061c   Section        0  dflti.o(.text)
    .text                                    0x0800063e   Section        0  dfixi.o(.text)
    .text                                    0x0800067c   Section        0  f2d.o(.text)
    .text                                    0x080006a2   Section        0  d2f.o(.text)
    .text                                    0x080006da   Section        0  uidiv.o(.text)
    .text                                    0x08000706   Section        0  llshl.o(.text)
    .text                                    0x08000724   Section        0  llushr.o(.text)
    .text                                    0x08000744   Section        0  llsshr.o(.text)
    .text                                    0x08000768   Section        0  iusefp.o(.text)
    .text                                    0x08000768   Section        0  fepilogue.o(.text)
    .text                                    0x080007d6   Section        0  depilogue.o(.text)
    .text                                    0x08000890   Section       36  init.o(.text)
    i.BSP_NVIC_Init                          0x080008b4   Section        0  bsp_nvic.o(i.BSP_NVIC_Init)
    i.BSP_TIM6Init                           0x080009c4   Section        0  bsp_tim.o(i.BSP_TIM6Init)
    i.BSP_USART1_Init                        0x08000a04   Section        0  bsp_usart.o(i.BSP_USART1_Init)
    i.BSP_USART2_Init                        0x08000aac   Section        0  bsp_usart.o(i.BSP_USART2_Init)
    i.BSP_USART3_Init                        0x08000b54   Section        0  bsp_usart.o(i.BSP_USART3_Init)
    i.BusFault_Handler                       0x08000bfc   Section        0  stm32f4xx_it.o(i.BusFault_Handler)
    i.ControlTaskCreate                      0x08000c00   Section        0  task_ctrl.o(i.ControlTaskCreate)
    i.DMA_Cmd                                0x08000c30   Section        0  stm32f4xx_dma.o(i.DMA_Cmd)
    i.DMA_DeInit                             0x08000c44   Section        0  stm32f4xx_dma.o(i.DMA_DeInit)
    i.DMA_GetCmdStatus                       0x08000d68   Section        0  stm32f4xx_dma.o(i.DMA_GetCmdStatus)
    i.DMA_GetCurrDataCounter                 0x08000d76   Section        0  stm32f4xx_dma.o(i.DMA_GetCurrDataCounter)
    i.DMA_Init                               0x08000d7c   Section        0  stm32f4xx_dma.o(i.DMA_Init)
    i.DMA_USART1RxConfig                     0x08000dd0   Section        0  bsp_dma.o(i.DMA_USART1RxConfig)
    i.DMA_USART3RxConfig                     0x08000e50   Section        0  bsp_dma.o(i.DMA_USART3RxConfig)
    i.DR16_Init                              0x08000ed0   Section        0  dr16.o(i.DR16_Init)
    i.DR16_getMessage                        0x08000efc   Section        0  dr16.o(i.DR16_getMessage)
    DR16_getMessage                          0x08000efd   Thumb Code   134  dr16.o(i.DR16_getMessage)
    i.DXL1_setSyncMsg                        0x08000f88   Section        0  servo.o(i.DXL1_setSyncMsg)
    i.DebugMon_Handler                       0x080010c4   Section        0  stm32f4xx_it.o(i.DebugMon_Handler)
    i.GPIO_Init                              0x080010c6   Section        0  stm32f4xx_gpio.o(i.GPIO_Init)
    i.GPIO_PinAFConfig                       0x08001168   Section        0  stm32f4xx_gpio.o(i.GPIO_PinAFConfig)
    i.GPIO_ReadInputDataBit                  0x08001188   Section        0  stm32f4xx_gpio.o(i.GPIO_ReadInputDataBit)
    i.GPIO_WriteBit                          0x08001196   Section        0  stm32f4xx_gpio.o(i.GPIO_WriteBit)
    i.Gimbal_Ctrl                            0x080011a0   Section        0  gimbal.o(i.Gimbal_Ctrl)
    i.HardFault_Handler                      0x08001480   Section        0  stm32f4xx_it.o(i.HardFault_Handler)
    i.KEY_Init                               0x08001484   Section        0  key.o(i.KEY_Init)
    i.KeyScan                                0x080014b0   Section        0  key.o(i.KeyScan)
    i.LED_Init                               0x080014c8   Section        0  led.o(i.LED_Init)
    i.Laser_getMessage                       0x08001564   Section        0  camera.o(i.Laser_getMessage)
    i.MemManage_Handler                      0x08001690   Section        0  stm32f4xx_it.o(i.MemManage_Handler)
    i.NMI_Handler                            0x08001692   Section        0  stm32f4xx_it.o(i.NMI_Handler)
    i.NVIC_Init                              0x08001694   Section        0  misc.o(i.NVIC_Init)
    i.NVIC_PriorityGroupConfig               0x080016f8   Section        0  misc.o(i.NVIC_PriorityGroupConfig)
    i.PID_Calc                               0x0800170c   Section        0  pid.o(i.PID_Calc)
    i.PID_StructInit                         0x080018d0   Section        0  pid.o(i.PID_StructInit)
    i.RCC_AHB1PeriphClockCmd                 0x080018e8   Section        0  stm32f4xx_rcc.o(i.RCC_AHB1PeriphClockCmd)
    i.RCC_APB1PeriphClockCmd                 0x08001900   Section        0  stm32f4xx_rcc.o(i.RCC_APB1PeriphClockCmd)
    i.RCC_APB2PeriphClockCmd                 0x08001918   Section        0  stm32f4xx_rcc.o(i.RCC_APB2PeriphClockCmd)
    i.RCC_GetClocksFreq                      0x08001930   Section        0  stm32f4xx_rcc.o(i.RCC_GetClocksFreq)
    i.SetSysClock                            0x080019c4   Section        0  system_stm32f4xx.o(i.SetSysClock)
    SetSysClock                              0x080019c5   Thumb Code   190  system_stm32f4xx.o(i.SetSysClock)
    i.SysTick_Handler                        0x08001a94   Section        0  port.o(i.SysTick_Handler)
    i.SystemInit                             0x08001ac0   Section        0  system_stm32f4xx.o(i.SystemInit)
    i.TIM_Cmd                                0x08001b1c   Section        0  stm32f4xx_tim.o(i.TIM_Cmd)
    i.TIM_ITConfig                           0x08001b30   Section        0  stm32f4xx_tim.o(i.TIM_ITConfig)
    i.TIM_TimeBaseInit                       0x08001b40   Section        0  stm32f4xx_tim.o(i.TIM_TimeBaseInit)
    i.TestTaskCreate                         0x08001bbc   Section        0  task_init.o(i.TestTaskCreate)
    TestTaskCreate                           0x08001bbd   Thumb Code    66  task_init.o(i.TestTaskCreate)
    i.USART1_IRQHandler                      0x08001c38   Section        0  stm32f4xx_it.o(i.USART1_IRQHandler)
    i.USART3_IRQHandler                      0x08001ca4   Section        0  stm32f4xx_it.o(i.USART3_IRQHandler)
    i.USART_Cmd                              0x08001d18   Section        0  stm32f4xx_usart.o(i.USART_Cmd)
    i.USART_DMACmd                           0x08001d2c   Section        0  stm32f4xx_usart.o(i.USART_DMACmd)
    i.USART_GetFlagStatus                    0x08001d3c   Section        0  stm32f4xx_usart.o(i.USART_GetFlagStatus)
    i.USART_GetITStatus                      0x08001d4a   Section        0  stm32f4xx_usart.o(i.USART_GetITStatus)
    i.USART_ITConfig                         0x08001d88   Section        0  stm32f4xx_usart.o(i.USART_ITConfig)
    i.USART_Init                             0x08001db8   Section        0  stm32f4xx_usart.o(i.USART_Init)
    i.USART_SendData                         0x08001e64   Section        0  stm32f4xx_usart.o(i.USART_SendData)
    i.USART_sendChar                         0x08001e6c   Section        0  bsp_usart.o(i.USART_sendChar)
    i.UsageFault_Handler                     0x08001e82   Section        0  stm32f4xx_it.o(i.UsageFault_Handler)
    i.UsartTaskCreate                        0x08001e84   Section        0  task_usart.o(i.UsartTaskCreate)
    i.__0printf$3                            0x08001f38   Section        0  printf3.o(i.__0printf$3)
    i.__0sprintf$3                           0x08001f58   Section        0  printf3.o(i.__0sprintf$3)
    i.__scatterload_copy                     0x08001f80   Section       14  handlers.o(i.__scatterload_copy)
    i.__scatterload_null                     0x08001f8e   Section        2  handlers.o(i.__scatterload_null)
    i.__scatterload_zeroinit                 0x08001f90   Section       14  handlers.o(i.__scatterload_zeroinit)
    i._printf_core                           0x08001fa0   Section        0  printf3.o(i._printf_core)
    _printf_core                             0x08001fa1   Thumb Code   436  printf3.o(i._printf_core)
    i._sputc                                 0x08002158   Section        0  printf3.o(i._sputc)
    _sputc                                   0x08002159   Thumb Code    10  printf3.o(i._sputc)
    i.absLimit                               0x08002162   Section        0  pid.o(i.absLimit)
    i.eTaskGetState                          0x0800218c   Section        0  tasks.o(i.eTaskGetState)
    i.fputc                                  0x080021f4   Section        0  bsp_usart.o(i.fputc)
    i.free                                   0x0800220c   Section        0  malloc.o(i.free)
    i.main                                   0x0800225c   Section        0  main.o(i.main)
    i.malloc                                 0x08002290   Section        0  malloc.o(i.malloc)
    i.pidParamInit                           0x080022fc   Section        0  pid.o(i.pidParamInit)
    pidParamInit                             0x080022fd   Thumb Code    14  pid.o(i.pidParamInit)
    i.pidReset                               0x0800230a   Section        0  pid.o(i.pidReset)
    pidReset                                 0x0800230b   Thumb Code     6  pid.o(i.pidReset)
    i.prvAddCurrentTaskToDelayedList         0x08002310   Section        0  tasks.o(i.prvAddCurrentTaskToDelayedList)
    prvAddCurrentTaskToDelayedList           0x08002311   Thumb Code   102  tasks.o(i.prvAddCurrentTaskToDelayedList)
    i.prvAddNewTaskToReadyList               0x08002380   Section        0  tasks.o(i.prvAddNewTaskToReadyList)
    prvAddNewTaskToReadyList                 0x08002381   Thumb Code   196  tasks.o(i.prvAddNewTaskToReadyList)
    i.prvCheckForValidListAndQueue           0x08002450   Section        0  timers.o(i.prvCheckForValidListAndQueue)
    prvCheckForValidListAndQueue             0x08002451   Thumb Code    62  timers.o(i.prvCheckForValidListAndQueue)
    i.prvCopyDataFromQueue                   0x080024a0   Section        0  queue.o(i.prvCopyDataFromQueue)
    prvCopyDataFromQueue                     0x080024a1   Thumb Code    38  queue.o(i.prvCopyDataFromQueue)
    i.prvCopyDataToQueue                     0x080024c6   Section        0  queue.o(i.prvCopyDataToQueue)
    prvCopyDataToQueue                       0x080024c7   Thumb Code   108  queue.o(i.prvCopyDataToQueue)
    i.prvDeleteTCB                           0x08002532   Section        0  tasks.o(i.prvDeleteTCB)
    prvDeleteTCB                             0x08002533   Thumb Code    20  tasks.o(i.prvDeleteTCB)
    i.prvHeapInit                            0x08002548   Section        0  heap_4.o(i.prvHeapInit)
    prvHeapInit                              0x08002549   Thumb Code    66  heap_4.o(i.prvHeapInit)
    i.prvIdleTask                            0x08002594   Section        0  tasks.o(i.prvIdleTask)
    prvIdleTask                              0x08002595   Thumb Code    82  tasks.o(i.prvIdleTask)
    i.prvInitialiseNewTask                   0x080025f4   Section        0  tasks.o(i.prvInitialiseNewTask)
    prvInitialiseNewTask                     0x080025f5   Thumb Code   158  tasks.o(i.prvInitialiseNewTask)
    i.prvInsertBlockIntoFreeList             0x08002694   Section        0  heap_4.o(i.prvInsertBlockIntoFreeList)
    prvInsertBlockIntoFreeList               0x08002695   Thumb Code    72  heap_4.o(i.prvInsertBlockIntoFreeList)
    i.prvInsertTimerInActiveList             0x080026e0   Section        0  timers.o(i.prvInsertTimerInActiveList)
    prvInsertTimerInActiveList               0x080026e1   Thumb Code    52  timers.o(i.prvInsertTimerInActiveList)
    i.prvIsQueueEmpty                        0x08002718   Section        0  queue.o(i.prvIsQueueEmpty)
    prvIsQueueEmpty                          0x08002719   Thumb Code    28  queue.o(i.prvIsQueueEmpty)
    i.prvListTasksWithinSingleList           0x08002734   Section        0  tasks.o(i.prvListTasksWithinSingleList)
    prvListTasksWithinSingleList             0x08002735   Thumb Code    88  tasks.o(i.prvListTasksWithinSingleList)
    i.prvProcessReceivedCommands             0x0800278c   Section        0  timers.o(i.prvProcessReceivedCommands)
    prvProcessReceivedCommands               0x0800278d   Thumb Code   178  timers.o(i.prvProcessReceivedCommands)
    i.prvProcessTimerOrBlockTask             0x08002844   Section        0  timers.o(i.prvProcessTimerOrBlockTask)
    prvProcessTimerOrBlockTask               0x08002845   Thumb Code   172  timers.o(i.prvProcessTimerOrBlockTask)
    i.prvResetNextTaskUnblockTime            0x080028f8   Section        0  tasks.o(i.prvResetNextTaskUnblockTime)
    prvResetNextTaskUnblockTime              0x080028f9   Thumb Code    26  tasks.o(i.prvResetNextTaskUnblockTime)
    i.prvSampleTimeNow                       0x08002918   Section        0  timers.o(i.prvSampleTimeNow)
    prvSampleTimeNow                         0x08002919   Thumb Code    36  timers.o(i.prvSampleTimeNow)
    i.prvSwitchTimerLists                    0x08002940   Section        0  timers.o(i.prvSwitchTimerLists)
    prvSwitchTimerLists                      0x08002941   Thumb Code   102  timers.o(i.prvSwitchTimerLists)
    i.prvTaskExitError                       0x080029ac   Section        0  port.o(i.prvTaskExitError)
    prvTaskExitError                         0x080029ad   Thumb Code    36  port.o(i.prvTaskExitError)
    i.prvTimerTask                           0x080029d4   Section        0  timers.o(i.prvTimerTask)
    prvTimerTask                             0x080029d5   Thumb Code    32  timers.o(i.prvTimerTask)
    i.prvUnlockQueue                         0x080029f8   Section        0  queue.o(i.prvUnlockQueue)
    prvUnlockQueue                           0x080029f9   Thumb Code   106  queue.o(i.prvUnlockQueue)
    i.prvWriteNameToBuffer                   0x08002a62   Section        0  tasks.o(i.prvWriteNameToBuffer)
    prvWriteNameToBuffer                     0x08002a63   Thumb Code    34  tasks.o(i.prvWriteNameToBuffer)
    i.pvPortMalloc                           0x08002a84   Section        0  heap_4.o(i.pvPortMalloc)
    i.pxPortInitialiseStack                  0x08002b5c   Section        0  port.o(i.pxPortInitialiseStack)
    i.uxListRemove                           0x08002b88   Section        0  list.o(i.uxListRemove)
    i.uxTaskGetSystemState                   0x08002bb0   Section        0  tasks.o(i.uxTaskGetSystemState)
    i.vListInitialise                        0x08002c60   Section        0  list.o(i.vListInitialise)
    i.vListInitialiseItem                    0x08002c76   Section        0  list.o(i.vListInitialiseItem)
    i.vListInsert                            0x08002c7c   Section        0  list.o(i.vListInsert)
    i.vListInsertEnd                         0x08002cac   Section        0  list.o(i.vListInsertEnd)
    i.vPortEnterCritical                     0x08002cc4   Section        0  port.o(i.vPortEnterCritical)
    i.vPortExitCritical                      0x08002d04   Section        0  port.o(i.vPortExitCritical)
    i.vPortFree                              0x08002d2c   Section        0  heap_4.o(i.vPortFree)
    i.vPortSetupTimerInterrupt               0x08002d88   Section        0  port.o(i.vPortSetupTimerInterrupt)
    i.vPortValidateInterruptPriority         0x08002dac   Section        0  port.o(i.vPortValidateInterruptPriority)
    i.vQueueAddToRegistry                    0x08002e00   Section        0  queue.o(i.vQueueAddToRegistry)
    i.vQueueWaitForMessageRestricted         0x08002e28   Section        0  queue.o(i.vQueueWaitForMessageRestricted)
    i.vTaskCtrlGimbal                        0x08002e6c   Section        0  task_ctrl.o(i.vTaskCtrlGimbal)
    vTaskCtrlGimbal                          0x08002e6d   Thumb Code   110  task_ctrl.o(i.vTaskCtrlGimbal)
    i.vTaskDelay                             0x08002eec   Section        0  tasks.o(i.vTaskDelay)
    i.vTaskDelayUntil                        0x08002f38   Section        0  tasks.o(i.vTaskDelayUntil)
    i.vTaskDelete                            0x08002fc4   Section        0  tasks.o(i.vTaskDelete)
    i.vTaskGetInfo                           0x08003070   Section        0  tasks.o(i.vTaskGetInfo)
    i.vTaskGetRunTimeStats                   0x080030f4   Section        0  tasks.o(i.vTaskGetRunTimeStats)
    i.vTaskInternalSetTimeOutState           0x080031a8   Section        0  tasks.o(i.vTaskInternalSetTimeOutState)
    i.vTaskLED                               0x080031b8   Section        0  task_init.o(i.vTaskLED)
    vTaskLED                                 0x080031b9   Thumb Code   132  task_init.o(i.vTaskLED)
    i.vTaskList                              0x08003244   Section        0  tasks.o(i.vTaskList)
    i.vTaskMissedYield                       0x08003304   Section        0  tasks.o(i.vTaskMissedYield)
    i.vTaskMonitor                           0x08003310   Section        0  task_init.o(i.vTaskMonitor)
    vTaskMonitor                             0x08003311   Thumb Code    66  task_init.o(i.vTaskMonitor)
    i.vTaskPlaceOnEventList                  0x080033dc   Section        0  tasks.o(i.vTaskPlaceOnEventList)
    i.vTaskPlaceOnEventListRestricted        0x0800340c   Section        0  tasks.o(i.vTaskPlaceOnEventListRestricted)
    i.vTaskStart                             0x08003444   Section        0  task_init.o(i.vTaskStart)
    i.vTaskStartScheduler                    0x080034b8   Section        0  tasks.o(i.vTaskStartScheduler)
    i.vTaskSuspendAll                        0x08003530   Section        0  tasks.o(i.vTaskSuspendAll)
    i.vTaskSwitchContext                     0x08003540   Section        0  tasks.o(i.vTaskSwitchContext)
    i.vTaskTest                              0x080035b8   Section        0  task_init.o(i.vTaskTest)
    vTaskTest                                0x080035b9   Thumb Code    12  task_init.o(i.vTaskTest)
    i.vTaskUsart1Receive                     0x080035c4   Section        0  task_usart.o(i.vTaskUsart1Receive)
    vTaskUsart1Receive                       0x080035c5   Thumb Code    38  task_usart.o(i.vTaskUsart1Receive)
    i.vTaskUsart3Receive                     0x080035f8   Section        0  task_usart.o(i.vTaskUsart3Receive)
    vTaskUsart3Receive                       0x080035f9   Thumb Code    26  task_usart.o(i.vTaskUsart3Receive)
    i.vTaskUsartSend                         0x08003618   Section        0  task_usart.o(i.vTaskUsartSend)
    vTaskUsartSend                           0x08003619   Thumb Code   266  task_usart.o(i.vTaskUsartSend)
    i.xPortStartScheduler                    0x08003744   Section        0  port.o(i.xPortStartScheduler)
    i.xQueueGenericCreate                    0x08003838   Section        0  queue.o(i.xQueueGenericCreate)
    i.xQueueGenericReset                     0x0800388c   Section        0  queue.o(i.xQueueGenericReset)
    i.xQueueGenericSend                      0x08003914   Section        0  queue.o(i.xQueueGenericSend)
    i.xQueueGenericSendFromISR               0x08003a74   Section        0  queue.o(i.xQueueGenericSendFromISR)
    i.xQueueReceive                          0x08003b30   Section        0  queue.o(i.xQueueReceive)
    i.xTaskCheckForTimeOut                   0x08003c68   Section        0  tasks.o(i.xTaskCheckForTimeOut)
    i.xTaskCreate                            0x08003cdc   Section        0  tasks.o(i.xTaskCreate)
    i.xTaskGetSchedulerState                 0x08003d34   Section        0  tasks.o(i.xTaskGetSchedulerState)
    i.xTaskGetTickCount                      0x08003d50   Section        0  tasks.o(i.xTaskGetTickCount)
    i.xTaskIncrementTick                     0x08003d5c   Section        0  tasks.o(i.xTaskIncrementTick)
    i.xTaskPriorityDisinherit                0x08003e24   Section        0  tasks.o(i.xTaskPriorityDisinherit)
    i.xTaskRemoveFromEventList               0x08003ebc   Section        0  tasks.o(i.xTaskRemoveFromEventList)
    i.xTaskResumeAll                         0x08003f30   Section        0  tasks.o(i.xTaskResumeAll)
    i.xTimerCreateTimerTask                  0x08003ff4   Section        0  timers.o(i.xTimerCreateTimerTask)
    i.xTimerGenericCommand                   0x08004040   Section        0  timers.o(i.xTimerGenericCommand)
    .data                                    0x20000000   Section       16  task_init.o(.data)
    TaskLEDHandler                           0x20000004   Data           4  task_init.o(.data)
    TaskTestHandler                          0x20000008   Data           4  task_init.o(.data)
    TaskMonitorHandler                       0x2000000c   Data           4  task_init.o(.data)
    .data                                    0x20000010   Section        4  task_init.o(.data)
    .data                                    0x20000014   Section        4  task_ctrl.o(.data)
    xHandleCtrlGimbal                        0x20000014   Data           4  task_ctrl.o(.data)
    .data                                    0x20000018   Section       24  task_usart.o(.data)
    xHandleUsart1Receive                     0x20000024   Data           4  task_usart.o(.data)
    xHandleUsart3Receive                     0x20000028   Data           4  task_usart.o(.data)
    xHandleUsartsend                         0x2000002c   Data           4  task_usart.o(.data)
    .data                                    0x20000030   Section       16  gimbal.o(.data)
    laserTim                                 0x20000030   Data           2  gimbal.o(.data)
    laserFlag                                0x20000032   Data           2  gimbal.o(.data)
    Xerr                                     0x20000034   Data           2  gimbal.o(.data)
    Yerr                                     0x20000036   Data           2  gimbal.o(.data)
    rcYaw                                    0x20000038   Data           4  gimbal.o(.data)
    rcPitch                                  0x2000003c   Data           4  gimbal.o(.data)
    .data                                    0x20000040   Section        1  key.o(.data)
    .data                                    0x20000042   Section        4  camera.o(.data)
    lastX                                    0x20000042   Data           2  camera.o(.data)
    lastY                                    0x20000044   Data           2  camera.o(.data)
    .data                                    0x20000048   Section        4  bsp_usart.o(.data)
    .data                                    0x2000004c   Section       68  tasks.o(.data)
    uxDeletedTasksWaitingCleanUp             0x20000050   Data           4  tasks.o(.data)
    uxCurrentNumberOfTasks                   0x20000054   Data           4  tasks.o(.data)
    xTickCount                               0x20000058   Data           4  tasks.o(.data)
    uxTopReadyPriority                       0x2000005c   Data           4  tasks.o(.data)
    xSchedulerRunning                        0x20000060   Data           4  tasks.o(.data)
    uxPendedTicks                            0x20000064   Data           4  tasks.o(.data)
    xYieldPending                            0x20000068   Data           4  tasks.o(.data)
    xNumOfOverflows                          0x2000006c   Data           4  tasks.o(.data)
    uxTaskNumber                             0x20000070   Data           4  tasks.o(.data)
    xNextTaskUnblockTime                     0x20000074   Data           4  tasks.o(.data)
    xIdleTaskHandle                          0x20000078   Data           4  tasks.o(.data)
    uxSchedulerSuspended                     0x2000007c   Data           4  tasks.o(.data)
    ulTaskSwitchedInTime                     0x20000080   Data           4  tasks.o(.data)
    ulTotalRunTime                           0x20000084   Data           4  tasks.o(.data)
    pxDelayedTaskList                        0x20000088   Data           4  tasks.o(.data)
    pxOverflowDelayedTaskList                0x2000008c   Data           4  tasks.o(.data)
    .data                                    0x20000090   Section       20  timers.o(.data)
    xTimerQueue                              0x20000090   Data           4  timers.o(.data)
    xTimerTaskHandle                         0x20000094   Data           4  timers.o(.data)
    xLastTime                                0x20000098   Data           4  timers.o(.data)
    pxCurrentTimerList                       0x2000009c   Data           4  timers.o(.data)
    pxOverflowTimerList                      0x200000a0   Data           4  timers.o(.data)
    .data                                    0x200000a4   Section       24  heap_4.o(.data)
    pxEnd                                    0x200000a4   Data           4  heap_4.o(.data)
    xFreeBytesRemaining                      0x200000a8   Data           4  heap_4.o(.data)
    xMinimumEverFreeBytesRemaining           0x200000ac   Data           4  heap_4.o(.data)
    xBlockAllocatedBit                       0x200000b0   Data           4  heap_4.o(.data)
    xStart                                   0x200000b4   Data           8  heap_4.o(.data)
    .data                                    0x200000bc   Section       12  port.o(.data)
    ucMaxSysCallPriority                     0x200000bc   Data           1  port.o(.data)
    uxCriticalNesting                        0x200000c0   Data           4  port.o(.data)
    ulMaxPRIGROUPValue                       0x200000c4   Data           4  port.o(.data)
    .data                                    0x200000c8   Section       16  stm32f4xx_rcc.o(.data)
    APBAHBPrescTable                         0x200000c8   Data          16  stm32f4xx_rcc.o(.data)
    .data                                    0x200000d8   Section       20  system_stm32f4xx.o(.data)
    .data                                    0x200000ec   Section        4  mvars.o(.data)
    .data                                    0x200000f0   Section        4  mvars.o(.data)
    .bss                                     0x200000f4   Section       52  dr16.o(.bss)
    .bss                                     0x20000128   Section      308  camera.o(.bss)
    .bss                                     0x2000025c   Section       64  queue.o(.bss)
    .bss                                     0x2000029c   Section      200  tasks.o(.bss)
    pxReadyTasksLists                        0x2000029c   Data         100  tasks.o(.bss)
    xDelayedTaskList1                        0x20000300   Data          20  tasks.o(.bss)
    xDelayedTaskList2                        0x20000314   Data          20  tasks.o(.bss)
    xPendingReadyList                        0x20000328   Data          20  tasks.o(.bss)
    xTasksWaitingTermination                 0x2000033c   Data          20  tasks.o(.bss)
    xSuspendedTaskList                       0x20000350   Data          20  tasks.o(.bss)
    .bss                                     0x20000364   Section       40  timers.o(.bss)
    xActiveTimerList1                        0x20000364   Data          20  timers.o(.bss)
    xActiveTimerList2                        0x20000378   Data          20  timers.o(.bss)
    .bss                                     0x2000038c   Section    76800  heap_4.o(.bss)
    ucHeap                                   0x2000038c   Data       76800  heap_4.o(.bss)
    HEAP                                     0x20012f90   Section      512  startup_stm32f427_437xx.o(HEAP)
    STACK                                    0x20013190   Section     1024  startup_stm32f427_437xx.o(STACK)

    Global Symbols

    Symbol Name                              Value     Ov Type        Size  Object(Section)

    BuildAttributes$$THM_ISAv4$E$P$D$K$B$S$7EM$VFPi3$EXTD16$VFPS$VFMA$PE$A:L22UL41UL21$X:L11$S22US41US21$IEEE1$IW$USESV6$~STKCKD$USESV7$~SHL$OTIME$ROPI$IEEEX$EBA8$MICROLIB$REQ8$PRES8$EABIv2 0x00000000   Number         0  anon$$obj.o ABSOLUTE
    __ARM_use_no_argv                        0x00000000   Number         0  main.o ABSOLUTE
    __use_no_errno                           0x00000000   Number         0  useno.o ABSOLUTE
    __use_no_exception_handling              0x00000000   Number         0  useno.o ABSOLUTE
    __use_no_fp                              0x00000000   Number         0  useno.o ABSOLUTE
    __use_no_heap                            0x00000000   Number         0  useno.o ABSOLUTE
    __use_no_heap_region                     0x00000000   Number         0  useno.o ABSOLUTE
    __use_no_semihosting                     0x00000000   Number         0  useno.o ABSOLUTE
    __use_no_semihosting_swi                 0x00000000   Number         0  useno.o ABSOLUTE
    __use_no_signal_handling                 0x00000000   Number         0  useno.o ABSOLUTE
    _printf_a                                0x00000000   Number         0  stubs.o ABSOLUTE
    _printf_c                                0x00000000   Number         0  stubs.o ABSOLUTE
    _printf_charcount                        0x00000000   Number         0  stubs.o ABSOLUTE
    _printf_d                                0x00000000   Number         0  stubs.o ABSOLUTE
    _printf_e                                0x00000000   Number         0  stubs.o ABSOLUTE
    _printf_f                                0x00000000   Number         0  stubs.o ABSOLUTE
    _printf_flags                            0x00000000   Number         0  stubs.o ABSOLUTE
    _printf_fp_dec                           0x00000000   Number         0  stubs.o ABSOLUTE
    _printf_fp_hex                           0x00000000   Number         0  stubs.o ABSOLUTE
    _printf_g                                0x00000000   Number         0  stubs.o ABSOLUTE
    _printf_i                                0x00000000   Number         0  stubs.o ABSOLUTE
    _printf_int_dec                          0x00000000   Number         0  stubs.o ABSOLUTE
    _printf_l                                0x00000000   Number         0  stubs.o ABSOLUTE
    _printf_lc                               0x00000000   Number         0  stubs.o ABSOLUTE
    _printf_ll                               0x00000000   Number         0  stubs.o ABSOLUTE
    _printf_lld                              0x00000000   Number         0  stubs.o ABSOLUTE
    _printf_lli                              0x00000000   Number         0  stubs.o ABSOLUTE
    _printf_llo                              0x00000000   Number         0  stubs.o ABSOLUTE
    _printf_llu                              0x00000000   Number         0  stubs.o ABSOLUTE
    _printf_llx                              0x00000000   Number         0  stubs.o ABSOLUTE
    _printf_longlong_dec                     0x00000000   Number         0  stubs.o ABSOLUTE
    _printf_longlong_hex                     0x00000000   Number         0  stubs.o ABSOLUTE
    _printf_longlong_oct                     0x00000000   Number         0  stubs.o ABSOLUTE
    _printf_ls                               0x00000000   Number         0  stubs.o ABSOLUTE
    _printf_mbtowc                           0x00000000   Number         0  stubs.o ABSOLUTE
    _printf_n                                0x00000000   Number         0  stubs.o ABSOLUTE
    _printf_o                                0x00000000   Number         0  stubs.o ABSOLUTE
    _printf_p                                0x00000000   Number         0  stubs.o ABSOLUTE
    _printf_percent                          0x00000000   Number         0  stubs.o ABSOLUTE
    _printf_pre_padding                      0x00000000   Number         0  stubs.o ABSOLUTE
    _printf_return_value                     0x00000000   Number         0  stubs.o ABSOLUTE
    _printf_s                                0x00000000   Number         0  stubs.o ABSOLUTE
    _printf_sizespec                         0x00000000   Number         0  stubs.o ABSOLUTE
    _printf_str                              0x00000000   Number         0  stubs.o ABSOLUTE
    _printf_truncate_signed                  0x00000000   Number         0  stubs.o ABSOLUTE
    _printf_truncate_unsigned                0x00000000   Number         0  stubs.o ABSOLUTE
    _printf_u                                0x00000000   Number         0  stubs.o ABSOLUTE
    _printf_wc                               0x00000000   Number         0  stubs.o ABSOLUTE
    _printf_wctomb                           0x00000000   Number         0  stubs.o ABSOLUTE
    _printf_widthprec                        0x00000000   Number         0  stubs.o ABSOLUTE
    _printf_x                                0x00000000   Number         0  stubs.o ABSOLUTE
    __cpp_initialize__aeabi_                  - Undefined Weak Reference
    __cxa_finalize                            - Undefined Weak Reference
    __decompress                              - Undefined Weak Reference
    _clock_init                               - Undefined Weak Reference
    _microlib_exit                            - Undefined Weak Reference
    __Vectors_Size                           0x000001ac   Number         0  startup_stm32f427_437xx.o ABSOLUTE
    __Vectors                                0x08000000   Data           4  startup_stm32f427_437xx.o(RESET)
    __Vectors_End                            0x080001ac   Data           0  startup_stm32f427_437xx.o(RESET)
    __main                                   0x080001ad   Thumb Code     0  entry.o(.ARM.Collect$$$$00000000)
    _main_stk                                0x080001ad   Thumb Code     0  entry2.o(.ARM.Collect$$$$00000001)
    _main_scatterload                        0x080001b1   Thumb Code     0  entry5.o(.ARM.Collect$$$$00000004)
    __main_after_scatterload                 0x080001b5   Thumb Code     0  entry5.o(.ARM.Collect$$$$00000004)
    _main_clock                              0x080001b5   Thumb Code     0  entry7b.o(.ARM.Collect$$$$00000008)
    _main_cpp_init                           0x080001b5   Thumb Code     0  entry8b.o(.ARM.Collect$$$$0000000A)
    _main_init                               0x080001b5   Thumb Code     0  entry9a.o(.ARM.Collect$$$$0000000B)
    __rt_final_cpp                           0x080001bd   Thumb Code     0  entry10a.o(.ARM.Collect$$$$0000000D)
    __rt_final_exit                          0x080001bd   Thumb Code     0  entry11a.o(.ARM.Collect$$$$0000000F)
    SVC_Handler                              0x080001c1   Thumb Code    28  port.o(.emb_text)
    __asm___6_port_c_39a90d8d__prvStartFirstTask 0x080001e1   Thumb Code    36  port.o(.emb_text)
    __asm___6_port_c_39a90d8d__prvEnableVFP  0x08000209   Thumb Code    16  port.o(.emb_text)
    PendSV_Handler                           0x0800021d   Thumb Code    88  port.o(.emb_text)
    vPortGetIPSR                             0x08000279   Thumb Code     6  port.o(.emb_text)
    Reset_Handler                            0x08000281   Thumb Code     8  startup_stm32f427_437xx.o(.text)
    ADC_IRQHandler                           0x0800029b   Thumb Code     0  startup_stm32f427_437xx.o(.text)
    CAN1_RX0_IRQHandler                      0x0800029b   Thumb Code     0  startup_stm32f427_437xx.o(.text)
    CAN1_RX1_IRQHandler                      0x0800029b   Thumb Code     0  startup_stm32f427_437xx.o(.text)
    CAN1_SCE_IRQHandler                      0x0800029b   Thumb Code     0  startup_stm32f427_437xx.o(.text)
    CAN1_TX_IRQHandler                       0x0800029b   Thumb Code     0  startup_stm32f427_437xx.o(.text)
    CAN2_RX0_IRQHandler                      0x0800029b   Thumb Code     0  startup_stm32f427_437xx.o(.text)
    CAN2_RX1_IRQHandler                      0x0800029b   Thumb Code     0  startup_stm32f427_437xx.o(.text)
    CAN2_SCE_IRQHandler                      0x0800029b   Thumb Code     0  startup_stm32f427_437xx.o(.text)
    CAN2_TX_IRQHandler                       0x0800029b   Thumb Code     0  startup_stm32f427_437xx.o(.text)
    CRYP_IRQHandler                          0x0800029b   Thumb Code     0  startup_stm32f427_437xx.o(.text)
    DCMI_IRQHandler                          0x0800029b   Thumb Code     0  startup_stm32f427_437xx.o(.text)
    DMA1_Stream0_IRQHandler                  0x0800029b   Thumb Code     0  startup_stm32f427_437xx.o(.text)
    DMA1_Stream1_IRQHandler                  0x0800029b   Thumb Code     0  startup_stm32f427_437xx.o(.text)
    DMA1_Stream2_IRQHandler                  0x0800029b   Thumb Code     0  startup_stm32f427_437xx.o(.text)
    DMA1_Stream3_IRQHandler                  0x0800029b   Thumb Code     0  startup_stm32f427_437xx.o(.text)
    DMA1_Stream4_IRQHandler                  0x0800029b   Thumb Code     0  startup_stm32f427_437xx.o(.text)
    DMA1_Stream5_IRQHandler                  0x0800029b   Thumb Code     0  startup_stm32f427_437xx.o(.text)
    DMA1_Stream6_IRQHandler                  0x0800029b   Thumb Code     0  startup_stm32f427_437xx.o(.text)
    DMA1_Stream7_IRQHandler                  0x0800029b   Thumb Code     0  startup_stm32f427_437xx.o(.text)
    DMA2D_IRQHandler                         0x0800029b   Thumb Code     0  startup_stm32f427_437xx.o(.text)
    DMA2_Stream0_IRQHandler                  0x0800029b   Thumb Code     0  startup_stm32f427_437xx.o(.text)
    DMA2_Stream1_IRQHandler                  0x0800029b   Thumb Code     0  startup_stm32f427_437xx.o(.text)
    DMA2_Stream2_IRQHandler                  0x0800029b   Thumb Code     0  startup_stm32f427_437xx.o(.text)
    DMA2_Stream3_IRQHandler                  0x0800029b   Thumb Code     0  startup_stm32f427_437xx.o(.text)
    DMA2_Stream4_IRQHandler                  0x0800029b   Thumb Code     0  startup_stm32f427_437xx.o(.text)
    DMA2_Stream5_IRQHandler                  0x0800029b   Thumb Code     0  startup_stm32f427_437xx.o(.text)
    DMA2_Stream6_IRQHandler                  0x0800029b   Thumb Code     0  startup_stm32f427_437xx.o(.text)
    DMA2_Stream7_IRQHandler                  0x0800029b   Thumb Code     0  startup_stm32f427_437xx.o(.text)
    ETH_IRQHandler                           0x0800029b   Thumb Code     0  startup_stm32f427_437xx.o(.text)
    ETH_WKUP_IRQHandler                      0x0800029b   Thumb Code     0  startup_stm32f427_437xx.o(.text)
    EXTI0_IRQHandler                         0x0800029b   Thumb Code     0  startup_stm32f427_437xx.o(.text)
    EXTI15_10_IRQHandler                     0x0800029b   Thumb Code     0  startup_stm32f427_437xx.o(.text)
    EXTI1_IRQHandler                         0x0800029b   Thumb Code     0  startup_stm32f427_437xx.o(.text)
    EXTI2_IRQHandler                         0x0800029b   Thumb Code     0  startup_stm32f427_437xx.o(.text)
    EXTI3_IRQHandler                         0x0800029b   Thumb Code     0  startup_stm32f427_437xx.o(.text)
    EXTI4_IRQHandler                         0x0800029b   Thumb Code     0  startup_stm32f427_437xx.o(.text)
    EXTI9_5_IRQHandler                       0x0800029b   Thumb Code     0  startup_stm32f427_437xx.o(.text)
    FLASH_IRQHandler                         0x0800029b   Thumb Code     0  startup_stm32f427_437xx.o(.text)
    FMC_IRQHandler                           0x0800029b   Thumb Code     0  startup_stm32f427_437xx.o(.text)
    FPU_IRQHandler                           0x0800029b   Thumb Code     0  startup_stm32f427_437xx.o(.text)
    HASH_RNG_IRQHandler                      0x0800029b   Thumb Code     0  startup_stm32f427_437xx.o(.text)
    I2C1_ER_IRQHandler                       0x0800029b   Thumb Code     0  startup_stm32f427_437xx.o(.text)
    I2C1_EV_IRQHandler                       0x0800029b   Thumb Code     0  startup_stm32f427_437xx.o(.text)
    I2C2_ER_IRQHandler                       0x0800029b   Thumb Code     0  startup_stm32f427_437xx.o(.text)
    I2C2_EV_IRQHandler                       0x0800029b   Thumb Code     0  startup_stm32f427_437xx.o(.text)
    I2C3_ER_IRQHandler                       0x0800029b   Thumb Code     0  startup_stm32f427_437xx.o(.text)
    I2C3_EV_IRQHandler                       0x0800029b   Thumb Code     0  startup_stm32f427_437xx.o(.text)
    OTG_FS_IRQHandler                        0x0800029b   Thumb Code     0  startup_stm32f427_437xx.o(.text)
    OTG_FS_WKUP_IRQHandler                   0x0800029b   Thumb Code     0  startup_stm32f427_437xx.o(.text)
    OTG_HS_EP1_IN_IRQHandler                 0x0800029b   Thumb Code     0  startup_stm32f427_437xx.o(.text)
    OTG_HS_EP1_OUT_IRQHandler                0x0800029b   Thumb Code     0  startup_stm32f427_437xx.o(.text)
    OTG_HS_IRQHandler                        0x0800029b   Thumb Code     0  startup_stm32f427_437xx.o(.text)
    OTG_HS_WKUP_IRQHandler                   0x0800029b   Thumb Code     0  startup_stm32f427_437xx.o(.text)
    PVD_IRQHandler                           0x0800029b   Thumb Code     0  startup_stm32f427_437xx.o(.text)
    RCC_IRQHandler                           0x0800029b   Thumb Code     0  startup_stm32f427_437xx.o(.text)
    RTC_Alarm_IRQHandler                     0x0800029b   Thumb Code     0  startup_stm32f427_437xx.o(.text)
    RTC_WKUP_IRQHandler                      0x0800029b   Thumb Code     0  startup_stm32f427_437xx.o(.text)
    SAI1_IRQHandler                          0x0800029b   Thumb Code     0  startup_stm32f427_437xx.o(.text)
    SDIO_IRQHandler                          0x0800029b   Thumb Code     0  startup_stm32f427_437xx.o(.text)
    SPI1_IRQHandler                          0x0800029b   Thumb Code     0  startup_stm32f427_437xx.o(.text)
    SPI2_IRQHandler                          0x0800029b   Thumb Code     0  startup_stm32f427_437xx.o(.text)
    SPI3_IRQHandler                          0x0800029b   Thumb Code     0  startup_stm32f427_437xx.o(.text)
    SPI4_IRQHandler                          0x0800029b   Thumb Code     0  startup_stm32f427_437xx.o(.text)
    SPI5_IRQHandler                          0x0800029b   Thumb Code     0  startup_stm32f427_437xx.o(.text)
    SPI6_IRQHandler                          0x0800029b   Thumb Code     0  startup_stm32f427_437xx.o(.text)
    TAMP_STAMP_IRQHandler                    0x0800029b   Thumb Code     0  startup_stm32f427_437xx.o(.text)
    TIM1_BRK_TIM9_IRQHandler                 0x0800029b   Thumb Code     0  startup_stm32f427_437xx.o(.text)
    TIM1_CC_IRQHandler                       0x0800029b   Thumb Code     0  startup_stm32f427_437xx.o(.text)
    TIM1_TRG_COM_TIM11_IRQHandler            0x0800029b   Thumb Code     0  startup_stm32f427_437xx.o(.text)
    TIM1_UP_TIM10_IRQHandler                 0x0800029b   Thumb Code     0  startup_stm32f427_437xx.o(.text)
    TIM2_IRQHandler                          0x0800029b   Thumb Code     0  startup_stm32f427_437xx.o(.text)
    TIM3_IRQHandler                          0x0800029b   Thumb Code     0  startup_stm32f427_437xx.o(.text)
    TIM4_IRQHandler                          0x0800029b   Thumb Code     0  startup_stm32f427_437xx.o(.text)
    TIM5_IRQHandler                          0x0800029b   Thumb Code     0  startup_stm32f427_437xx.o(.text)
    TIM6_DAC_IRQHandler                      0x0800029b   Thumb Code     0  startup_stm32f427_437xx.o(.text)
    TIM7_IRQHandler                          0x0800029b   Thumb Code     0  startup_stm32f427_437xx.o(.text)
    TIM8_BRK_TIM12_IRQHandler                0x0800029b   Thumb Code     0  startup_stm32f427_437xx.o(.text)
    TIM8_CC_IRQHandler                       0x0800029b   Thumb Code     0  startup_stm32f427_437xx.o(.text)
    TIM8_TRG_COM_TIM14_IRQHandler            0x0800029b   Thumb Code     0  startup_stm32f427_437xx.o(.text)
    TIM8_UP_TIM13_IRQHandler                 0x0800029b   Thumb Code     0  startup_stm32f427_437xx.o(.text)
    UART4_IRQHandler                         0x0800029b   Thumb Code     0  startup_stm32f427_437xx.o(.text)
    UART5_IRQHandler                         0x0800029b   Thumb Code     0  startup_stm32f427_437xx.o(.text)
    UART7_IRQHandler                         0x0800029b   Thumb Code     0  startup_stm32f427_437xx.o(.text)
    UART8_IRQHandler                         0x0800029b   Thumb Code     0  startup_stm32f427_437xx.o(.text)
    USART2_IRQHandler                        0x0800029b   Thumb Code     0  startup_stm32f427_437xx.o(.text)
    USART6_IRQHandler                        0x0800029b   Thumb Code     0  startup_stm32f427_437xx.o(.text)
    WWDG_IRQHandler                          0x0800029b   Thumb Code     0  startup_stm32f427_437xx.o(.text)
    __aeabi_memcpy                           0x080002a5   Thumb Code    36  memcpya.o(.text)
    __aeabi_memcpy4                          0x080002a5   Thumb Code     0  memcpya.o(.text)
    __aeabi_memcpy8                          0x080002a5   Thumb Code     0  memcpya.o(.text)
    __aeabi_memset                           0x080002c9   Thumb Code    14  memseta.o(.text)
    __aeabi_memset4                          0x080002c9   Thumb Code     0  memseta.o(.text)
    __aeabi_memset8                          0x080002c9   Thumb Code     0  memseta.o(.text)
    __aeabi_memclr                           0x080002d7   Thumb Code     4  memseta.o(.text)
    __aeabi_memclr4                          0x080002d7   Thumb Code     0  memseta.o(.text)
    __aeabi_memclr8                          0x080002d7   Thumb Code     0  memseta.o(.text)
    memset                                   0x080002db   Thumb Code    18  memseta.o(.text)
    strlen                                   0x080002ed   Thumb Code    14  strlen.o(.text)
    strcpy                                   0x080002fb   Thumb Code    18  strcpy.o(.text)
    __aeabi_dadd                             0x0800030d   Thumb Code   322  dadd.o(.text)
    __aeabi_dsub                             0x0800044f   Thumb Code     6  dadd.o(.text)
    __aeabi_drsub                            0x08000455   Thumb Code     6  dadd.o(.text)
    __aeabi_dmul                             0x0800045b   Thumb Code   228  dmul.o(.text)
    __aeabi_ddiv                             0x0800053f   Thumb Code   222  ddiv.o(.text)
    __aeabi_i2d                              0x0800061d   Thumb Code    34  dflti.o(.text)
    __aeabi_d2iz                             0x0800063f   Thumb Code    62  dfixi.o(.text)
    __aeabi_f2d                              0x0800067d   Thumb Code    38  f2d.o(.text)
    __aeabi_d2f                              0x080006a3   Thumb Code    56  d2f.o(.text)
    __aeabi_uidiv                            0x080006db   Thumb Code     0  uidiv.o(.text)
    __aeabi_uidivmod                         0x080006db   Thumb Code    44  uidiv.o(.text)
    __aeabi_llsl                             0x08000707   Thumb Code    30  llshl.o(.text)
    _ll_shift_l                              0x08000707   Thumb Code     0  llshl.o(.text)
    __aeabi_llsr                             0x08000725   Thumb Code    32  llushr.o(.text)
    _ll_ushift_r                             0x08000725   Thumb Code     0  llushr.o(.text)
    __aeabi_lasr                             0x08000745   Thumb Code    36  llsshr.o(.text)
    _ll_sshift_r                             0x08000745   Thumb Code     0  llsshr.o(.text)
    __I$use$fp                               0x08000769   Thumb Code     0  iusefp.o(.text)
    _float_round                             0x08000769   Thumb Code    18  fepilogue.o(.text)
    _float_epilogue                          0x0800077b   Thumb Code    92  fepilogue.o(.text)
    _double_round                            0x080007d7   Thumb Code    30  depilogue.o(.text)
    _double_epilogue                         0x080007f5   Thumb Code   156  depilogue.o(.text)
    __scatterload                            0x08000891   Thumb Code    28  init.o(.text)
    __scatterload_rt2                        0x08000891   Thumb Code     0  init.o(.text)
    BSP_NVIC_Init                            0x080008b5   Thumb Code   270  bsp_nvic.o(i.BSP_NVIC_Init)
    BSP_TIM6Init                             0x080009c5   Thumb Code    60  bsp_tim.o(i.BSP_TIM6Init)
    BSP_USART1_Init                          0x08000a05   Thumb Code   158  bsp_usart.o(i.BSP_USART1_Init)
    BSP_USART2_Init                          0x08000aad   Thumb Code   158  bsp_usart.o(i.BSP_USART2_Init)
    BSP_USART3_Init                          0x08000b55   Thumb Code   158  bsp_usart.o(i.BSP_USART3_Init)
    BusFault_Handler                         0x08000bfd   Thumb Code     2  stm32f4xx_it.o(i.BusFault_Handler)
    ControlTaskCreate                        0x08000c01   Thumb Code    24  task_ctrl.o(i.ControlTaskCreate)
    DMA_Cmd                                  0x08000c31   Thumb Code    20  stm32f4xx_dma.o(i.DMA_Cmd)
    DMA_DeInit                               0x08000c45   Thumb Code   272  stm32f4xx_dma.o(i.DMA_DeInit)
    DMA_GetCmdStatus                         0x08000d69   Thumb Code    14  stm32f4xx_dma.o(i.DMA_GetCmdStatus)
    DMA_GetCurrDataCounter                   0x08000d77   Thumb Code     6  stm32f4xx_dma.o(i.DMA_GetCurrDataCounter)
    DMA_Init                                 0x08000d7d   Thumb Code    80  stm32f4xx_dma.o(i.DMA_Init)
    DMA_USART1RxConfig                       0x08000dd1   Thumb Code   120  bsp_dma.o(i.DMA_USART1RxConfig)
    DMA_USART3RxConfig                       0x08000e51   Thumb Code   120  bsp_dma.o(i.DMA_USART3RxConfig)
    DR16_Init                                0x08000ed1   Thumb Code    36  dr16.o(i.DR16_Init)
    DXL1_setSyncMsg                          0x08000f89   Thumb Code   312  servo.o(i.DXL1_setSyncMsg)
    DebugMon_Handler                         0x080010c5   Thumb Code     2  stm32f4xx_it.o(i.DebugMon_Handler)
    GPIO_Init                                0x080010c7   Thumb Code   162  stm32f4xx_gpio.o(i.GPIO_Init)
    GPIO_PinAFConfig                         0x08001169   Thumb Code    32  stm32f4xx_gpio.o(i.GPIO_PinAFConfig)
    GPIO_ReadInputDataBit                    0x08001189   Thumb Code    14  stm32f4xx_gpio.o(i.GPIO_ReadInputDataBit)
    GPIO_WriteBit                            0x08001197   Thumb Code    10  stm32f4xx_gpio.o(i.GPIO_WriteBit)
    Gimbal_Ctrl                              0x080011a1   Thumb Code   676  gimbal.o(i.Gimbal_Ctrl)
    HardFault_Handler                        0x08001481   Thumb Code     2  stm32f4xx_it.o(i.HardFault_Handler)
    KEY_Init                                 0x08001485   Thumb Code    40  key.o(i.KEY_Init)
    KeyScan                                  0x080014b1   Thumb Code    16  key.o(i.KeyScan)
    LED_Init                                 0x080014c9   Thumb Code   144  led.o(i.LED_Init)
    Laser_getMessage                         0x08001565   Thumb Code   282  camera.o(i.Laser_getMessage)
    MemManage_Handler                        0x08001691   Thumb Code     2  stm32f4xx_it.o(i.MemManage_Handler)
    NMI_Handler                              0x08001693   Thumb Code     2  stm32f4xx_it.o(i.NMI_Handler)
    NVIC_Init                                0x08001695   Thumb Code    96  misc.o(i.NVIC_Init)
    NVIC_PriorityGroupConfig                 0x080016f9   Thumb Code    10  misc.o(i.NVIC_PriorityGroupConfig)
    PID_Calc                                 0x0800170d   Thumb Code   448  pid.o(i.PID_Calc)
    PID_StructInit                           0x080018d1   Thumb Code    16  pid.o(i.PID_StructInit)
    RCC_AHB1PeriphClockCmd                   0x080018e9   Thumb Code    18  stm32f4xx_rcc.o(i.RCC_AHB1PeriphClockCmd)
    RCC_APB1PeriphClockCmd                   0x08001901   Thumb Code    18  stm32f4xx_rcc.o(i.RCC_APB1PeriphClockCmd)
    RCC_APB2PeriphClockCmd                   0x08001919   Thumb Code    18  stm32f4xx_rcc.o(i.RCC_APB2PeriphClockCmd)
    RCC_GetClocksFreq                        0x08001931   Thumb Code   132  stm32f4xx_rcc.o(i.RCC_GetClocksFreq)
    SysTick_Handler                          0x08001a95   Thumb Code    38  port.o(i.SysTick_Handler)
    SystemInit                               0x08001ac1   Thumb Code    74  system_stm32f4xx.o(i.SystemInit)
    TIM_Cmd                                  0x08001b1d   Thumb Code    20  stm32f4xx_tim.o(i.TIM_Cmd)
    TIM_ITConfig                             0x08001b31   Thumb Code    16  stm32f4xx_tim.o(i.TIM_ITConfig)
    TIM_TimeBaseInit                         0x08001b41   Thumb Code    96  stm32f4xx_tim.o(i.TIM_TimeBaseInit)
    USART1_IRQHandler                        0x08001c39   Thumb Code    88  stm32f4xx_it.o(i.USART1_IRQHandler)
    USART3_IRQHandler                        0x08001ca5   Thumb Code    94  stm32f4xx_it.o(i.USART3_IRQHandler)
    USART_Cmd                                0x08001d19   Thumb Code    20  stm32f4xx_usart.o(i.USART_Cmd)
    USART_DMACmd                             0x08001d2d   Thumb Code    16  stm32f4xx_usart.o(i.USART_DMACmd)
    USART_GetFlagStatus                      0x08001d3d   Thumb Code    14  stm32f4xx_usart.o(i.USART_GetFlagStatus)
    USART_GetITStatus                        0x08001d4b   Thumb Code    62  stm32f4xx_usart.o(i.USART_GetITStatus)
    USART_ITConfig                           0x08001d89   Thumb Code    48  stm32f4xx_usart.o(i.USART_ITConfig)
    USART_Init                               0x08001db9   Thumb Code   164  stm32f4xx_usart.o(i.USART_Init)
    USART_SendData                           0x08001e65   Thumb Code     8  stm32f4xx_usart.o(i.USART_SendData)
    USART_sendChar                           0x08001e6d   Thumb Code    22  bsp_usart.o(i.USART_sendChar)
    UsageFault_Handler                       0x08001e83   Thumb Code     2  stm32f4xx_it.o(i.UsageFault_Handler)
    UsartTaskCreate                          0x08001e85   Thumb Code   106  task_usart.o(i.UsartTaskCreate)
    __0printf$3                              0x08001f39   Thumb Code    22  printf3.o(i.__0printf$3)
    __1printf$3                              0x08001f39   Thumb Code     0  printf3.o(i.__0printf$3)
    __2printf                                0x08001f39   Thumb Code     0  printf3.o(i.__0printf$3)
    __0sprintf$3                             0x08001f59   Thumb Code    34  printf3.o(i.__0sprintf$3)
    __1sprintf$3                             0x08001f59   Thumb Code     0  printf3.o(i.__0sprintf$3)
    __2sprintf                               0x08001f59   Thumb Code     0  printf3.o(i.__0sprintf$3)
    __scatterload_copy                       0x08001f81   Thumb Code    14  handlers.o(i.__scatterload_copy)
    __scatterload_null                       0x08001f8f   Thumb Code     2  handlers.o(i.__scatterload_null)
    __scatterload_zeroinit                   0x08001f91   Thumb Code    14  handlers.o(i.__scatterload_zeroinit)
    absLimit                                 0x08002163   Thumb Code    42  pid.o(i.absLimit)
    eTaskGetState                            0x0800218d   Thumb Code    94  tasks.o(i.eTaskGetState)
    fputc                                    0x080021f5   Thumb Code    18  bsp_usart.o(i.fputc)
    free                                     0x0800220d   Thumb Code    76  malloc.o(i.free)
    main                                     0x0800225d   Thumb Code    30  main.o(i.main)
    malloc                                   0x08002291   Thumb Code    92  malloc.o(i.malloc)
    pvPortMalloc                             0x08002a85   Thumb Code   210  heap_4.o(i.pvPortMalloc)
    pxPortInitialiseStack                    0x08002b5d   Thumb Code    40  port.o(i.pxPortInitialiseStack)
    uxListRemove                             0x08002b89   Thumb Code    38  list.o(i.uxListRemove)
    uxTaskGetSystemState                     0x08002bb1   Thumb Code   162  tasks.o(i.uxTaskGetSystemState)
    vListInitialise                          0x08002c61   Thumb Code    22  list.o(i.vListInitialise)
    vListInitialiseItem                      0x08002c77   Thumb Code     6  list.o(i.vListInitialiseItem)
    vListInsert                              0x08002c7d   Thumb Code    48  list.o(i.vListInsert)
    vListInsertEnd                           0x08002cad   Thumb Code    24  list.o(i.vListInsertEnd)
    vPortEnterCritical                       0x08002cc5   Thumb Code    54  port.o(i.vPortEnterCritical)
    vPortExitCritical                        0x08002d05   Thumb Code    34  port.o(i.vPortExitCritical)
    vPortFree                                0x08002d2d   Thumb Code    88  heap_4.o(i.vPortFree)
    vPortSetupTimerInterrupt                 0x08002d89   Thumb Code    32  port.o(i.vPortSetupTimerInterrupt)
    vPortValidateInterruptPriority           0x08002dad   Thumb Code    74  port.o(i.vPortValidateInterruptPriority)
    vQueueAddToRegistry                      0x08002e01   Thumb Code    34  queue.o(i.vQueueAddToRegistry)
    vQueueWaitForMessageRestricted           0x08002e29   Thumb Code    68  queue.o(i.vQueueWaitForMessageRestricted)
    vTaskDelay                               0x08002eed   Thumb Code    66  tasks.o(i.vTaskDelay)
    vTaskDelayUntil                          0x08002f39   Thumb Code   132  tasks.o(i.vTaskDelayUntil)
    vTaskDelete                              0x08002fc5   Thumb Code   158  tasks.o(i.vTaskDelete)
    vTaskGetInfo                             0x08003071   Thumb Code   126  tasks.o(i.vTaskGetInfo)
    vTaskGetRunTimeStats                     0x080030f5   Thumb Code   150  tasks.o(i.vTaskGetRunTimeStats)
    vTaskInternalSetTimeOutState             0x080031a9   Thumb Code    12  tasks.o(i.vTaskInternalSetTimeOutState)
    vTaskList                                0x08003245   Thumb Code   170  tasks.o(i.vTaskList)
    vTaskMissedYield                         0x08003305   Thumb Code     8  tasks.o(i.vTaskMissedYield)
    vTaskPlaceOnEventList                    0x080033dd   Thumb Code    44  tasks.o(i.vTaskPlaceOnEventList)
    vTaskPlaceOnEventListRestricted          0x0800340d   Thumb Code    52  tasks.o(i.vTaskPlaceOnEventListRestricted)
    vTaskStart                               0x08003445   Thumb Code    94  task_init.o(i.vTaskStart)
    vTaskStartScheduler                      0x080034b9   Thumb Code    98  tasks.o(i.vTaskStartScheduler)
    vTaskSuspendAll                          0x08003531   Thumb Code    10  tasks.o(i.vTaskSuspendAll)
    vTaskSwitchContext                       0x08003541   Thumb Code   108  tasks.o(i.vTaskSwitchContext)
    xPortStartScheduler                      0x08003745   Thumb Code   222  port.o(i.xPortStartScheduler)
    xQueueGenericCreate                      0x08003839   Thumb Code    82  queue.o(i.xQueueGenericCreate)
    xQueueGenericReset                       0x0800388d   Thumb Code   132  queue.o(i.xQueueGenericReset)
    xQueueGenericSend                        0x08003915   Thumb Code   346  queue.o(i.xQueueGenericSend)
    xQueueGenericSendFromISR                 0x08003a75   Thumb Code   188  queue.o(i.xQueueGenericSendFromISR)
    xQueueReceive                            0x08003b31   Thumb Code   308  queue.o(i.xQueueReceive)
    xTaskCheckForTimeOut                     0x08003c69   Thumb Code   112  tasks.o(i.xTaskCheckForTimeOut)
    xTaskCreate                              0x08003cdd   Thumb Code    86  tasks.o(i.xTaskCreate)
    xTaskGetSchedulerState                   0x08003d35   Thumb Code    22  tasks.o(i.xTaskGetSchedulerState)
    xTaskGetTickCount                        0x08003d51   Thumb Code     6  tasks.o(i.xTaskGetTickCount)
    xTaskIncrementTick                       0x08003d5d   Thumb Code   192  tasks.o(i.xTaskIncrementTick)
    xTaskPriorityDisinherit                  0x08003e25   Thumb Code   144  tasks.o(i.xTaskPriorityDisinherit)
    xTaskRemoveFromEventList                 0x08003ebd   Thumb Code   108  tasks.o(i.xTaskRemoveFromEventList)
    xTaskResumeAll                           0x08003f31   Thumb Code   182  tasks.o(i.xTaskResumeAll)
    xTimerCreateTimerTask                    0x08003ff5   Thumb Code    58  timers.o(i.xTimerCreateTimerTask)
    xTimerGenericCommand                     0x08004041   Thumb Code    92  timers.o(i.xTimerGenericCommand)
    Region$$Table$$Base                      0x080040a0   Number         0  anon$$obj.o(Region$$Table)
    Region$$Table$$Limit                     0x080040c0   Number         0  anon$$obj.o(Region$$Table)
    StartTaskHandler                         0x20000000   Data           4  task_init.o(.data)
    ulHighFrequencyTimerTicks                0x20000010   Data           4  task_init.o(.data)
    xUsart1RxQueue                           0x20000018   Data           4  task_usart.o(.data)
    xUsart3RxQueue                           0x2000001c   Data           4  task_usart.o(.data)
    xusartTxQueue                            0x20000020   Data           4  task_usart.o(.data)
    KeyStatus                                0x20000040   Data           1  key.o(.data)
    __stdout                                 0x20000048   Data           4  bsp_usart.o(.data)
    pxCurrentTCB                             0x2000004c   Data           4  tasks.o(.data)
    SystemCoreClock                          0x200000d8   Data           4  system_stm32f4xx.o(.data)
    AHBPrescTable                            0x200000dc   Data          16  system_stm32f4xx.o(.data)
    __microlib_freelist                      0x200000ec   Data           4  mvars.o(.data)
    __microlib_freelist_initialised          0x200000f0   Data           4  mvars.o(.data)
    DR16                                     0x200000f4   Data          52  dr16.o(.bss)
    Camera                                   0x20000128   Data          18  camera.o(.bss)
    Laser                                    0x2000013c   Data         288  camera.o(.bss)
    xQueueRegistry                           0x2000025c   Data          64  queue.o(.bss)
    __heap_base                              0x20012f90   Data           0  startup_stm32f427_437xx.o(HEAP)
    __heap_limit                             0x20013190   Data           0  startup_stm32f427_437xx.o(HEAP)
    __initial_sp                             0x20013590   Data           0  startup_stm32f427_437xx.o(STACK)



==============================================================================

Memory Map of the image

  Image Entry point : 0x080001ad

  Load Region LR_IROM1 (Base: 0x08000000, Size: 0x000041b4, Max: 0x00200000, ABSOLUTE)

    Execution Region ER_IROM1 (Exec base: 0x08000000, Load base: 0x08000000, Size: 0x000040c0, Max: 0x00200000, ABSOLUTE)

    Exec Addr    Load Addr    Size         Type   Attr      Idx    E Section Name        Object

    0x08000000   0x08000000   0x000001ac   Data   RO         2267    RESET               startup_stm32f427_437xx.o
    0x080001ac   0x080001ac   0x00000000   Code   RO         7345  * .ARM.Collect$$$$00000000  mc_w.l(entry.o)
    0x080001ac   0x080001ac   0x00000004   Code   RO         7693    .ARM.Collect$$$$00000001  mc_w.l(entry2.o)
    0x080001b0   0x080001b0   0x00000004   Code   RO         7696    .ARM.Collect$$$$00000004  mc_w.l(entry5.o)
    0x080001b4   0x080001b4   0x00000000   Code   RO         7698    .ARM.Collect$$$$00000008  mc_w.l(entry7b.o)
    0x080001b4   0x080001b4   0x00000000   Code   RO         7700    .ARM.Collect$$$$0000000A  mc_w.l(entry8b.o)
    0x080001b4   0x080001b4   0x00000008   Code   RO         7701    .ARM.Collect$$$$0000000B  mc_w.l(entry9a.o)
    0x080001bc   0x080001bc   0x00000000   Code   RO         7703    .ARM.Collect$$$$0000000D  mc_w.l(entry10a.o)
    0x080001bc   0x080001bc   0x00000000   Code   RO         7705    .ARM.Collect$$$$0000000F  mc_w.l(entry11a.o)
    0x080001bc   0x080001bc   0x00000004   Code   RO         7694    .ARM.Collect$$$$00002712  mc_w.l(entry2.o)
    0x080001c0   0x080001c0   0x000000be   Code   RO         2188    .emb_text           port.o
    0x0800027e   0x0800027e   0x00000002   PAD
    0x08000280   0x08000280   0x00000024   Code   RO         2268    .text               startup_stm32f427_437xx.o
    0x080002a4   0x080002a4   0x00000024   Code   RO         7350    .text               mc_w.l(memcpya.o)
    0x080002c8   0x080002c8   0x00000024   Code   RO         7354    .text               mc_w.l(memseta.o)
    0x080002ec   0x080002ec   0x0000000e   Code   RO         7356    .text               mc_w.l(strlen.o)
    0x080002fa   0x080002fa   0x00000012   Code   RO         7358    .text               mc_w.l(strcpy.o)
    0x0800030c   0x0800030c   0x0000014e   Code   RO         7651    .text               mf_w.l(dadd.o)
    0x0800045a   0x0800045a   0x000000e4   Code   RO         7653    .text               mf_w.l(dmul.o)
    0x0800053e   0x0800053e   0x000000de   Code   RO         7655    .text               mf_w.l(ddiv.o)
    0x0800061c   0x0800061c   0x00000022   Code   RO         7657    .text               mf_w.l(dflti.o)
    0x0800063e   0x0800063e   0x0000003e   Code   RO         7659    .text               mf_w.l(dfixi.o)
    0x0800067c   0x0800067c   0x00000026   Code   RO         7661    .text               mf_w.l(f2d.o)
    0x080006a2   0x080006a2   0x00000038   Code   RO         7663    .text               mf_w.l(d2f.o)
    0x080006da   0x080006da   0x0000002c   Code   RO         7707    .text               mc_w.l(uidiv.o)
    0x08000706   0x08000706   0x0000001e   Code   RO         7711    .text               mc_w.l(llshl.o)
    0x08000724   0x08000724   0x00000020   Code   RO         7713    .text               mc_w.l(llushr.o)
    0x08000744   0x08000744   0x00000024   Code   RO         7715    .text               mc_w.l(llsshr.o)
    0x08000768   0x08000768   0x00000000   Code   RO         7726    .text               mc_w.l(iusefp.o)
    0x08000768   0x08000768   0x0000006e   Code   RO         7727    .text               mf_w.l(fepilogue.o)
    0x080007d6   0x080007d6   0x000000ba   Code   RO         7729    .text               mf_w.l(depilogue.o)
    0x08000890   0x08000890   0x00000024   Code   RO         7747    .text               mc_w.l(init.o)
    0x080008b4   0x080008b4   0x0000010e   Code   RO          986    i.BSP_NVIC_Init     bsp_nvic.o
    0x080009c2   0x080009c2   0x00000002   PAD
    0x080009c4   0x080009c4   0x00000040   Code   RO         1098    i.BSP_TIM6Init      bsp_tim.o
    0x08000a04   0x08000a04   0x000000a8   Code   RO          867    i.BSP_USART1_Init   bsp_usart.o
    0x08000aac   0x08000aac   0x000000a8   Code   RO          869    i.BSP_USART2_Init   bsp_usart.o
    0x08000b54   0x08000b54   0x000000a8   Code   RO          870    i.BSP_USART3_Init   bsp_usart.o
    0x08000bfc   0x08000bfc   0x00000002   Code   RO          182    i.BusFault_Handler  stm32f4xx_it.o
    0x08000bfe   0x08000bfe   0x00000002   PAD
    0x08000c00   0x08000c00   0x00000030   Code   RO          370    i.ControlTaskCreate  task_ctrl.o
    0x08000c30   0x08000c30   0x00000014   Code   RO         3089    i.DMA_Cmd           stm32f4xx_dma.o
    0x08000c44   0x08000c44   0x00000124   Code   RO         3090    i.DMA_DeInit        stm32f4xx_dma.o
    0x08000d68   0x08000d68   0x0000000e   Code   RO         3094    i.DMA_GetCmdStatus  stm32f4xx_dma.o
    0x08000d76   0x08000d76   0x00000006   Code   RO         3095    i.DMA_GetCurrDataCounter  stm32f4xx_dma.o
    0x08000d7c   0x08000d7c   0x00000054   Code   RO         3101    i.DMA_Init          stm32f4xx_dma.o
    0x08000dd0   0x08000dd0   0x00000080   Code   RO         1012    i.DMA_USART1RxConfig  bsp_dma.o
    0x08000e50   0x08000e50   0x00000080   Code   RO         1015    i.DMA_USART3RxConfig  bsp_dma.o
    0x08000ed0   0x08000ed0   0x0000002c   Code   RO          599    i.DR16_Init         dr16.o
    0x08000efc   0x08000efc   0x0000008c   Code   RO          600    i.DR16_getMessage   dr16.o
    0x08000f88   0x08000f88   0x0000013c   Code   RO          639    i.DXL1_setSyncMsg   servo.o
    0x080010c4   0x080010c4   0x00000002   Code   RO          183    i.DebugMon_Handler  stm32f4xx_it.o
    0x080010c6   0x080010c6   0x000000a2   Code   RO         3934    i.GPIO_Init         stm32f4xx_gpio.o
    0x08001168   0x08001168   0x00000020   Code   RO         3935    i.GPIO_PinAFConfig  stm32f4xx_gpio.o
    0x08001188   0x08001188   0x0000000e   Code   RO         3938    i.GPIO_ReadInputDataBit  stm32f4xx_gpio.o
    0x08001196   0x08001196   0x0000000a   Code   RO         3946    i.GPIO_WriteBit     stm32f4xx_gpio.o
    0x080011a0   0x080011a0   0x000002e0   Code   RO          463    i.Gimbal_Ctrl       gimbal.o
    0x08001480   0x08001480   0x00000002   Code   RO          184    i.HardFault_Handler  stm32f4xx_it.o
    0x08001482   0x08001482   0x00000002   PAD
    0x08001484   0x08001484   0x0000002c   Code   RO          563    i.KEY_Init          key.o
    0x080014b0   0x080014b0   0x00000018   Code   RO          564    i.KeyScan           key.o
    0x080014c8   0x080014c8   0x0000009c   Code   RO          539    i.LED_Init          led.o
    0x08001564   0x08001564   0x0000012c   Code   RO          756    i.Laser_getMessage  camera.o
    0x08001690   0x08001690   0x00000002   Code   RO          185    i.MemManage_Handler  stm32f4xx_it.o
    0x08001692   0x08001692   0x00000002   Code   RO          186    i.NMI_Handler       stm32f4xx_it.o
    0x08001694   0x08001694   0x00000064   Code   RO         2275    i.NVIC_Init         misc.o
    0x080016f8   0x080016f8   0x00000014   Code   RO         2276    i.NVIC_PriorityGroupConfig  misc.o
    0x0800170c   0x0800170c   0x000001c4   Code   RO          488    i.PID_Calc          pid.o
    0x080018d0   0x080018d0   0x00000018   Code   RO          489    i.PID_StructInit    pid.o
    0x080018e8   0x080018e8   0x00000018   Code   RO         4872    i.RCC_AHB1PeriphClockCmd  stm32f4xx_rcc.o
    0x08001900   0x08001900   0x00000018   Code   RO         4881    i.RCC_APB1PeriphClockCmd  stm32f4xx_rcc.o
    0x08001918   0x08001918   0x00000018   Code   RO         4884    i.RCC_APB2PeriphClockCmd  stm32f4xx_rcc.o
    0x08001930   0x08001930   0x00000094   Code   RO         4893    i.RCC_GetClocksFreq  stm32f4xx_rcc.o
    0x080019c4   0x080019c4   0x000000d0   Code   RO         7298    i.SetSysClock       system_stm32f4xx.o
    0x08001a94   0x08001a94   0x0000002c   Code   RO         2189    i.SysTick_Handler   port.o
    0x08001ac0   0x08001ac0   0x0000005c   Code   RO         7300    i.SystemInit        system_stm32f4xx.o
    0x08001b1c   0x08001b1c   0x00000014   Code   RO         6263    i.TIM_Cmd           stm32f4xx_tim.o
    0x08001b30   0x08001b30   0x00000010   Code   RO         6288    i.TIM_ITConfig      stm32f4xx_tim.o
    0x08001b40   0x08001b40   0x0000007c   Code   RO         6335    i.TIM_TimeBaseInit  stm32f4xx_tim.o
    0x08001bbc   0x08001bbc   0x0000007c   Code   RO          295    i.TestTaskCreate    task_init.o
    0x08001c38   0x08001c38   0x0000006c   Code   RO          187    i.USART1_IRQHandler  stm32f4xx_it.o
    0x08001ca4   0x08001ca4   0x00000074   Code   RO          188    i.USART3_IRQHandler  stm32f4xx_it.o
    0x08001d18   0x08001d18   0x00000014   Code   RO         6804    i.USART_Cmd         stm32f4xx_usart.o
    0x08001d2c   0x08001d2c   0x00000010   Code   RO         6805    i.USART_DMACmd      stm32f4xx_usart.o
    0x08001d3c   0x08001d3c   0x0000000e   Code   RO         6807    i.USART_GetFlagStatus  stm32f4xx_usart.o
    0x08001d4a   0x08001d4a   0x0000003e   Code   RO         6808    i.USART_GetITStatus  stm32f4xx_usart.o
    0x08001d88   0x08001d88   0x00000030   Code   RO         6810    i.USART_ITConfig    stm32f4xx_usart.o
    0x08001db8   0x08001db8   0x000000ac   Code   RO         6811    i.USART_Init        stm32f4xx_usart.o
    0x08001e64   0x08001e64   0x00000008   Code   RO         6821    i.USART_SendData    stm32f4xx_usart.o
    0x08001e6c   0x08001e6c   0x00000016   Code   RO          873    i.USART_sendChar    bsp_usart.o
    0x08001e82   0x08001e82   0x00000002   Code   RO          189    i.UsageFault_Handler  stm32f4xx_it.o
    0x08001e84   0x08001e84   0x000000b4   Code   RO          404    i.UsartTaskCreate   task_usart.o
    0x08001f38   0x08001f38   0x00000020   Code   RO         7451    i.__0printf$3       mc_w.l(printf3.o)
    0x08001f58   0x08001f58   0x00000028   Code   RO         7453    i.__0sprintf$3      mc_w.l(printf3.o)
    0x08001f80   0x08001f80   0x0000000e   Code   RO         7753    i.__scatterload_copy  mc_w.l(handlers.o)
    0x08001f8e   0x08001f8e   0x00000002   Code   RO         7754    i.__scatterload_null  mc_w.l(handlers.o)
    0x08001f90   0x08001f90   0x0000000e   Code   RO         7755    i.__scatterload_zeroinit  mc_w.l(handlers.o)
    0x08001f9e   0x08001f9e   0x00000002   PAD
    0x08001fa0   0x08001fa0   0x000001b8   Code   RO         7458    i._printf_core      mc_w.l(printf3.o)
    0x08002158   0x08002158   0x0000000a   Code   RO         7460    i._sputc            mc_w.l(printf3.o)
    0x08002162   0x08002162   0x0000002a   Code   RO          490    i.absLimit          pid.o
    0x0800218c   0x0800218c   0x00000068   Code   RO         1656    i.eTaskGetState     tasks.o
    0x080021f4   0x080021f4   0x00000018   Code   RO          875    i.fputc             bsp_usart.o
    0x0800220c   0x0800220c   0x00000050   Code   RO         7623    i.free              mc_w.l(malloc.o)
    0x0800225c   0x0800225c   0x00000034   Code   RO            4    i.main              main.o
    0x08002290   0x08002290   0x0000006c   Code   RO         7624    i.malloc            mc_w.l(malloc.o)
    0x080022fc   0x080022fc   0x0000000e   Code   RO          491    i.pidParamInit      pid.o
    0x0800230a   0x0800230a   0x00000006   Code   RO          492    i.pidReset          pid.o
    0x08002310   0x08002310   0x00000070   Code   RO         1658    i.prvAddCurrentTaskToDelayedList  tasks.o
    0x08002380   0x08002380   0x000000d0   Code   RO         1659    i.prvAddNewTaskToReadyList  tasks.o
    0x08002450   0x08002450   0x00000050   Code   RO         2012    i.prvCheckForValidListAndQueue  timers.o
    0x080024a0   0x080024a0   0x00000026   Code   RO         1310    i.prvCopyDataFromQueue  queue.o
    0x080024c6   0x080024c6   0x0000006c   Code   RO         1311    i.prvCopyDataToQueue  queue.o
    0x08002532   0x08002532   0x00000014   Code   RO         1660    i.prvDeleteTCB      tasks.o
    0x08002546   0x08002546   0x00000002   PAD
    0x08002548   0x08002548   0x0000004c   Code   RO         2139    i.prvHeapInit       heap_4.o
    0x08002594   0x08002594   0x00000060   Code   RO         1661    i.prvIdleTask       tasks.o
    0x080025f4   0x080025f4   0x0000009e   Code   RO         1662    i.prvInitialiseNewTask  tasks.o
    0x08002692   0x08002692   0x00000002   PAD
    0x08002694   0x08002694   0x0000004c   Code   RO         2140    i.prvInsertBlockIntoFreeList  heap_4.o
    0x080026e0   0x080026e0   0x00000038   Code   RO         2013    i.prvInsertTimerInActiveList  timers.o
    0x08002718   0x08002718   0x0000001c   Code   RO         1312    i.prvIsQueueEmpty   queue.o
    0x08002734   0x08002734   0x00000058   Code   RO         1663    i.prvListTasksWithinSingleList  tasks.o
    0x0800278c   0x0800278c   0x000000b8   Code   RO         2014    i.prvProcessReceivedCommands  timers.o
    0x08002844   0x08002844   0x000000b4   Code   RO         2015    i.prvProcessTimerOrBlockTask  timers.o
    0x080028f8   0x080028f8   0x00000020   Code   RO         1664    i.prvResetNextTaskUnblockTime  tasks.o
    0x08002918   0x08002918   0x00000028   Code   RO         2016    i.prvSampleTimeNow  timers.o
    0x08002940   0x08002940   0x0000006c   Code   RO         2017    i.prvSwitchTimerLists  timers.o
    0x080029ac   0x080029ac   0x00000028   Code   RO         2190    i.prvTaskExitError  port.o
    0x080029d4   0x080029d4   0x00000024   Code   RO         2018    i.prvTimerTask      timers.o
    0x080029f8   0x080029f8   0x0000006a   Code   RO         1313    i.prvUnlockQueue    queue.o
    0x08002a62   0x08002a62   0x00000022   Code   RO         1666    i.prvWriteNameToBuffer  tasks.o
    0x08002a84   0x08002a84   0x000000d8   Code   RO         2141    i.pvPortMalloc      heap_4.o
    0x08002b5c   0x08002b5c   0x0000002c   Code   RO         2191    i.pxPortInitialiseStack  port.o
    0x08002b88   0x08002b88   0x00000026   Code   RO         1270    i.uxListRemove      list.o
    0x08002bae   0x08002bae   0x00000002   PAD
    0x08002bb0   0x08002bb0   0x000000b0   Code   RO         1670    i.uxTaskGetSystemState  tasks.o
    0x08002c60   0x08002c60   0x00000016   Code   RO         1271    i.vListInitialise   list.o
    0x08002c76   0x08002c76   0x00000006   Code   RO         1272    i.vListInitialiseItem  list.o
    0x08002c7c   0x08002c7c   0x00000030   Code   RO         1273    i.vListInsert       list.o
    0x08002cac   0x08002cac   0x00000018   Code   RO         1274    i.vListInsertEnd    list.o
    0x08002cc4   0x08002cc4   0x00000040   Code   RO         2193    i.vPortEnterCritical  port.o
    0x08002d04   0x08002d04   0x00000028   Code   RO         2194    i.vPortExitCritical  port.o
    0x08002d2c   0x08002d2c   0x0000005c   Code   RO         2142    i.vPortFree         heap_4.o
    0x08002d88   0x08002d88   0x00000024   Code   RO         2195    i.vPortSetupTimerInterrupt  port.o
    0x08002dac   0x08002dac   0x00000054   Code   RO         2196    i.vPortValidateInterruptPriority  port.o
    0x08002e00   0x08002e00   0x00000028   Code   RO         1319    i.vQueueAddToRegistry  queue.o
    0x08002e28   0x08002e28   0x00000044   Code   RO         1323    i.vQueueWaitForMessageRestricted  queue.o
    0x08002e6c   0x08002e6c   0x00000080   Code   RO          371    i.vTaskCtrlGimbal   task_ctrl.o
    0x08002eec   0x08002eec   0x0000004c   Code   RO         1675    i.vTaskDelay        tasks.o
    0x08002f38   0x08002f38   0x0000008c   Code   RO         1676    i.vTaskDelayUntil   tasks.o
    0x08002fc4   0x08002fc4   0x000000ac   Code   RO         1677    i.vTaskDelete       tasks.o
    0x08003070   0x08003070   0x00000084   Code   RO         1679    i.vTaskGetInfo      tasks.o
    0x080030f4   0x080030f4   0x000000b4   Code   RO         1680    i.vTaskGetRunTimeStats  tasks.o
    0x080031a8   0x080031a8   0x00000010   Code   RO         1681    i.vTaskInternalSetTimeOutState  tasks.o
    0x080031b8   0x080031b8   0x0000008c   Code   RO          296    i.vTaskLED          task_init.o
    0x08003244   0x08003244   0x000000c0   Code   RO         1682    i.vTaskList         tasks.o
    0x08003304   0x08003304   0x0000000c   Code   RO         1683    i.vTaskMissedYield  tasks.o
    0x08003310   0x08003310   0x000000cc   Code   RO          297    i.vTaskMonitor      task_init.o
    0x080033dc   0x080033dc   0x00000030   Code   RO         1685    i.vTaskPlaceOnEventList  tasks.o
    0x0800340c   0x0800340c   0x00000038   Code   RO         1686    i.vTaskPlaceOnEventListRestricted  tasks.o
    0x08003444   0x08003444   0x00000074   Code   RO          298    i.vTaskStart        task_init.o
    0x080034b8   0x080034b8   0x00000078   Code   RO         1694    i.vTaskStartScheduler  tasks.o
    0x08003530   0x08003530   0x00000010   Code   RO         1696    i.vTaskSuspendAll   tasks.o
    0x08003540   0x08003540   0x00000078   Code   RO         1697    i.vTaskSwitchContext  tasks.o
    0x080035b8   0x080035b8   0x0000000c   Code   RO          299    i.vTaskTest         task_init.o
    0x080035c4   0x080035c4   0x00000034   Code   RO          406    i.vTaskUsart1Receive  task_usart.o
    0x080035f8   0x080035f8   0x00000020   Code   RO          407    i.vTaskUsart3Receive  task_usart.o
    0x08003618   0x08003618   0x0000012c   Code   RO          408    i.vTaskUsartSend    task_usart.o
    0x08003744   0x08003744   0x000000f4   Code   RO         2197    i.xPortStartScheduler  port.o
    0x08003838   0x08003838   0x00000052   Code   RO         1326    i.xQueueGenericCreate  queue.o
    0x0800388a   0x0800388a   0x00000002   PAD
    0x0800388c   0x0800388c   0x00000088   Code   RO         1327    i.xQueueGenericReset  queue.o
    0x08003914   0x08003914   0x00000160   Code   RO         1328    i.xQueueGenericSend  queue.o
    0x08003a74   0x08003a74   0x000000bc   Code   RO         1329    i.xQueueGenericSendFromISR  queue.o
    0x08003b30   0x08003b30   0x00000138   Code   RO         1336    i.xQueueReceive     queue.o
    0x08003c68   0x08003c68   0x00000074   Code   RO         1698    i.xTaskCheckForTimeOut  tasks.o
    0x08003cdc   0x08003cdc   0x00000056   Code   RO         1699    i.xTaskCreate       tasks.o
    0x08003d32   0x08003d32   0x00000002   PAD
    0x08003d34   0x08003d34   0x0000001c   Code   RO         1703    i.xTaskGetSchedulerState  tasks.o
    0x08003d50   0x08003d50   0x0000000c   Code   RO         1704    i.xTaskGetTickCount  tasks.o
    0x08003d5c   0x08003d5c   0x000000c8   Code   RO         1706    i.xTaskIncrementTick  tasks.o
    0x08003e24   0x08003e24   0x00000098   Code   RO         1709    i.xTaskPriorityDisinherit  tasks.o
    0x08003ebc   0x08003ebc   0x00000074   Code   RO         1711    i.xTaskRemoveFromEventList  tasks.o
    0x08003f30   0x08003f30   0x000000c4   Code   RO         1712    i.xTaskResumeAll    tasks.o
    0x08003ff4   0x08003ff4   0x0000004c   Code   RO         2024    i.xTimerCreateTimerTask  timers.o
    0x08004040   0x08004040   0x00000060   Code   RO         2025    i.xTimerGenericCommand  timers.o
    0x080040a0   0x080040a0   0x00000020   Data   RO         7751    Region$$Table       anon$$obj.o


    Execution Region RW_IRAM1 (Exec base: 0x20000000, Load base: 0x080040c0, Size: 0x00013590, Max: 0x00030000, ABSOLUTE)

    Exec Addr    Load Addr    Size         Type   Attr      Idx    E Section Name        Object

    0x20000000   0x080040c0   0x00000010   Data   RW          300    .data               task_init.o
    0x20000010   0x080040d0   0x00000004   Data   RW          301    .data               task_init.o
    0x20000014   0x080040d4   0x00000004   Data   RW          372    .data               task_ctrl.o
    0x20000018   0x080040d8   0x00000018   Data   RW          409    .data               task_usart.o
    0x20000030   0x080040f0   0x00000010   Data   RW          464    .data               gimbal.o
    0x20000040   0x08004100   0x00000001   Data   RW          565    .data               key.o
    0x20000041   0x08004101   0x00000001   PAD
    0x20000042   0x08004102   0x00000004   Data   RW          758    .data               camera.o
    0x20000046   0x08004106   0x00000002   PAD
    0x20000048   0x08004108   0x00000004   Data   RW          876    .data               bsp_usart.o
    0x2000004c   0x0800410c   0x00000044   Data   RW         1715    .data               tasks.o
    0x20000090   0x08004150   0x00000014   Data   RW         2031    .data               timers.o
    0x200000a4   0x08004164   0x00000018   Data   RW         2147    .data               heap_4.o
    0x200000bc   0x0800417c   0x0000000c   Data   RW         2198    .data               port.o
    0x200000c8   0x08004188   0x00000010   Data   RW         4925    .data               stm32f4xx_rcc.o
    0x200000d8   0x08004198   0x00000014   Data   RW         7301    .data               system_stm32f4xx.o
    0x200000ec   0x080041ac   0x00000004   Data   RW         7717    .data               mc_w.l(mvars.o)
    0x200000f0   0x080041b0   0x00000004   Data   RW         7718    .data               mc_w.l(mvars.o)
    0x200000f4        -       0x00000034   Zero   RW          601    .bss                dr16.o
    0x20000128        -       0x00000134   Zero   RW          757    .bss                camera.o
    0x2000025c        -       0x00000040   Zero   RW         1340    .bss                queue.o
    0x2000029c        -       0x000000c8   Zero   RW         1714    .bss                tasks.o
    0x20000364        -       0x00000028   Zero   RW         2030    .bss                timers.o
    0x2000038c        -       0x00012c00   Zero   RW         2146    .bss                heap_4.o
    0x20012f8c   0x080041b4   0x00000004   PAD
    0x20012f90        -       0x00000200   Zero   RW         2266    HEAP                startup_stm32f427_437xx.o
    0x20013190        -       0x00000400   Zero   RW         2265    STACK               startup_stm32f427_437xx.o


==============================================================================

Image component sizes


      Code (inc. data)   RO Data    RW Data    ZI Data      Debug   Object Name

       256         16          0          0          0       1450   bsp_dma.o
       270          0          0          0          0        704   bsp_nvic.o
        64          4          0          0          0        631   bsp_tim.o
       550         36          0          4          0       4873   bsp_usart.o
       300         24          0          4        308       1916   camera.o
       184         14          0          0         52       2099   dr16.o
         0          0          0          0          0      11836   event_groups.o
       736         60          0         16          0        962   gimbal.o
       460         24          0         24      76800       4475   heap_4.o
        68         12          0          1          0       1165   key.o
       156         12          0          0          0        603   led.o
       138          0          0          0          0       3262   list.o
        52         22          0          0          0     314195   main.o
       120         14          0          0          0       1679   misc.o
       538         12          0          0          0       3683   pid.o
       786         82          0         12          0      11465   port.o
      1458         20          0          0         64      13478   queue.o
       316          4          0          0          0       2246   servo.o
        36          8        428          0       1536        936   startup_stm32f427_437xx.o
       416         24          0          0          0       4830   stm32f4xx_dma.o
       218          0          0          0          0       3319   stm32f4xx_gpio.o
       236         42          0          0          0      10869   stm32f4xx_it.o
       220         34          0         16          0       5071   stm32f4xx_rcc.o
       160         28          0          0          0       3655   stm32f4xx_tim.o
       340          8          0          0          0       6016   stm32f4xx_usart.o
       300         36          0         20          0       2193   system_stm32f4xx.o
       176         42          0          4          0       1220   task_ctrl.o
       596        226          0         20          0       3534   task_init.o
       564        138          0         24          0       2936   task_usart.o
      3214        272          0         68        200      29101   tasks.o
       856         82          0         20         40      17067   timers.o

    ----------------------------------------------------------------------
     13802       1296        460        236      79004     471469   Object Totals
         0          0         32          0          0          0   (incl. Generated)
        18          0          0          3          4          0   (incl. Padding)

    ----------------------------------------------------------------------

      Code (inc. data)   RO Data    RW Data    ZI Data      Debug   Library Member Name

         0          0          0          0          0          0   entry.o
         0          0          0          0          0          0   entry10a.o
         0          0          0          0          0          0   entry11a.o
         8          4          0          0          0          0   entry2.o
         4          0          0          0          0          0   entry5.o
         0          0          0          0          0          0   entry7b.o
         0          0          0          0          0          0   entry8b.o
         8          4          0          0          0          0   entry9a.o
        30          0          0          0          0          0   handlers.o
        36          8          0          0          0         68   init.o
         0          0          0          0          0          0   iusefp.o
        30          0          0          0          0         68   llshl.o
        36          0          0          0          0         68   llsshr.o
        32          0          0          0          0         68   llushr.o
       188         20          0          0          0        160   malloc.o
        36          0          0          0          0         68   memcpya.o
        36          0          0          0          0        108   memseta.o
         0          0          0          8          0          0   mvars.o
       522         20          0          0          0        336   printf3.o
        18          0          0          0          0         68   strcpy.o
        14          0          0          0          0         68   strlen.o
        44          0          0          0          0         80   uidiv.o
        56          0          0          0          0         88   d2f.o
       334          0          0          0          0        148   dadd.o
       222          0          0          0          0        100   ddiv.o
       186          0          0          0          0        176   depilogue.o
        62          0          0          0          0         80   dfixi.o
        34          0          0          0          0         76   dflti.o
       228          0          0          0          0         96   dmul.o
        38          0          0          0          0         68   f2d.o
       110          0          0          0          0        168   fepilogue.o

    ----------------------------------------------------------------------
      2314         56          0          8          0       2160   Library Totals
         2          0          0          0          0          0   (incl. Padding)

    ----------------------------------------------------------------------

      Code (inc. data)   RO Data    RW Data    ZI Data      Debug   Library Name

      1042         56          0          8          0       1160   mc_w.l
      1270          0          0          0          0       1000   mf_w.l

    ----------------------------------------------------------------------
      2314         56          0          8          0       2160   Library Totals

    ----------------------------------------------------------------------

==============================================================================


      Code (inc. data)   RO Data    RW Data    ZI Data      Debug   

     16116       1352        460        244      79004     459841   Grand Totals
     16116       1352        460        244      79004     459841   ELF Image Totals
     16116       1352        460        244          0          0   ROM Totals

==============================================================================

    Total RO  Size (Code + RO Data)                16576 (  16.19kB)
    Total RW  Size (RW Data + ZI Data)             79248 (  77.39kB)
    Total ROM Size (Code + RO Data + RW Data)      16820 (  16.43kB)

==============================================================================

